Archive member included to satisfy reference by file (symbol)

c:/st/stm32cubeide_1.10.1/stm32cubeide/plugins/com.st.stm32cube.ide.mcu.externaltools.gnu-tools-for-stm32.10.3-2021.10.win32_1.0.0.202111181127/tools/bin/../lib/gcc/arm-none-eabi/10.3.1/../../../../arm-none-eabi/lib/thumb/v7e-m+fp/hard\libc_nano.a(lib_a-atoi.o)
                              ./Core/Src/main.o (atoi)
c:/st/stm32cubeide_1.10.1/stm32cubeide/plugins/com.st.stm32cube.ide.mcu.externaltools.gnu-tools-for-stm32.10.3-2021.10.win32_1.0.0.202111181127/tools/bin/../lib/gcc/arm-none-eabi/10.3.1/../../../../arm-none-eabi/lib/thumb/v7e-m+fp/hard\libc_nano.a(lib_a-errno.o)
                              ./Core/Src/syscalls.o (__errno)
c:/st/stm32cubeide_1.10.1/stm32cubeide/plugins/com.st.stm32cube.ide.mcu.externaltools.gnu-tools-for-stm32.10.3-2021.10.win32_1.0.0.202111181127/tools/bin/../lib/gcc/arm-none-eabi/10.3.1/../../../../arm-none-eabi/lib/thumb/v7e-m+fp/hard\libc_nano.a(lib_a-exit.o)
                              c:/st/stm32cubeide_1.10.1/stm32cubeide/plugins/com.st.stm32cube.ide.mcu.externaltools.gnu-tools-for-stm32.10.3-2021.10.win32_1.0.0.202111181127/tools/bin/../lib/gcc/arm-none-eabi/10.3.1/../../../../arm-none-eabi/lib/thumb/v7e-m+fp/hard/crt0.o (exit)
c:/st/stm32cubeide_1.10.1/stm32cubeide/plugins/com.st.stm32cube.ide.mcu.externaltools.gnu-tools-for-stm32.10.3-2021.10.win32_1.0.0.202111181127/tools/bin/../lib/gcc/arm-none-eabi/10.3.1/../../../../arm-none-eabi/lib/thumb/v7e-m+fp/hard\libc_nano.a(lib_a-impure.o)
                              c:/st/stm32cubeide_1.10.1/stm32cubeide/plugins/com.st.stm32cube.ide.mcu.externaltools.gnu-tools-for-stm32.10.3-2021.10.win32_1.0.0.202111181127/tools/bin/../lib/gcc/arm-none-eabi/10.3.1/../../../../arm-none-eabi/lib/thumb/v7e-m+fp/hard\libc_nano.a(lib_a-exit.o) (_global_impure_ptr)
c:/st/stm32cubeide_1.10.1/stm32cubeide/plugins/com.st.stm32cube.ide.mcu.externaltools.gnu-tools-for-stm32.10.3-2021.10.win32_1.0.0.202111181127/tools/bin/../lib/gcc/arm-none-eabi/10.3.1/../../../../arm-none-eabi/lib/thumb/v7e-m+fp/hard\libc_nano.a(lib_a-init.o)
                              c:/st/stm32cubeide_1.10.1/stm32cubeide/plugins/com.st.stm32cube.ide.mcu.externaltools.gnu-tools-for-stm32.10.3-2021.10.win32_1.0.0.202111181127/tools/bin/../lib/gcc/arm-none-eabi/10.3.1/../../../../arm-none-eabi/lib/thumb/v7e-m+fp/hard/crt0.o (__libc_init_array)
c:/st/stm32cubeide_1.10.1/stm32cubeide/plugins/com.st.stm32cube.ide.mcu.externaltools.gnu-tools-for-stm32.10.3-2021.10.win32_1.0.0.202111181127/tools/bin/../lib/gcc/arm-none-eabi/10.3.1/../../../../arm-none-eabi/lib/thumb/v7e-m+fp/hard\libc_nano.a(lib_a-memset.o)
                              c:/st/stm32cubeide_1.10.1/stm32cubeide/plugins/com.st.stm32cube.ide.mcu.externaltools.gnu-tools-for-stm32.10.3-2021.10.win32_1.0.0.202111181127/tools/bin/../lib/gcc/arm-none-eabi/10.3.1/../../../../arm-none-eabi/lib/thumb/v7e-m+fp/hard/crt0.o (memset)
c:/st/stm32cubeide_1.10.1/stm32cubeide/plugins/com.st.stm32cube.ide.mcu.externaltools.gnu-tools-for-stm32.10.3-2021.10.win32_1.0.0.202111181127/tools/bin/../lib/gcc/arm-none-eabi/10.3.1/../../../../arm-none-eabi/lib/thumb/v7e-m+fp/hard\libc_nano.a(lib_a-sprintf.o)
                              ./Core/Src/main.o (sprintf)
c:/st/stm32cubeide_1.10.1/stm32cubeide/plugins/com.st.stm32cube.ide.mcu.externaltools.gnu-tools-for-stm32.10.3-2021.10.win32_1.0.0.202111181127/tools/bin/../lib/gcc/arm-none-eabi/10.3.1/../../../../arm-none-eabi/lib/thumb/v7e-m+fp/hard\libc_nano.a(lib_a-strtol.o)
                              c:/st/stm32cubeide_1.10.1/stm32cubeide/plugins/com.st.stm32cube.ide.mcu.externaltools.gnu-tools-for-stm32.10.3-2021.10.win32_1.0.0.202111181127/tools/bin/../lib/gcc/arm-none-eabi/10.3.1/../../../../arm-none-eabi/lib/thumb/v7e-m+fp/hard\libc_nano.a(lib_a-atoi.o) (_strtol_r)
c:/st/stm32cubeide_1.10.1/stm32cubeide/plugins/com.st.stm32cube.ide.mcu.externaltools.gnu-tools-for-stm32.10.3-2021.10.win32_1.0.0.202111181127/tools/bin/../lib/gcc/arm-none-eabi/10.3.1/../../../../arm-none-eabi/lib/thumb/v7e-m+fp/hard\libc_nano.a(lib_a-ctype_.o)
                              c:/st/stm32cubeide_1.10.1/stm32cubeide/plugins/com.st.stm32cube.ide.mcu.externaltools.gnu-tools-for-stm32.10.3-2021.10.win32_1.0.0.202111181127/tools/bin/../lib/gcc/arm-none-eabi/10.3.1/../../../../arm-none-eabi/lib/thumb/v7e-m+fp/hard\libc_nano.a(lib_a-strtol.o) (_ctype_)
c:/st/stm32cubeide_1.10.1/stm32cubeide/plugins/com.st.stm32cube.ide.mcu.externaltools.gnu-tools-for-stm32.10.3-2021.10.win32_1.0.0.202111181127/tools/bin/../lib/gcc/arm-none-eabi/10.3.1/../../../../arm-none-eabi/lib/thumb/v7e-m+fp/hard\libc_nano.a(lib_a-nano-svfprintf.o)
                              c:/st/stm32cubeide_1.10.1/stm32cubeide/plugins/com.st.stm32cube.ide.mcu.externaltools.gnu-tools-for-stm32.10.3-2021.10.win32_1.0.0.202111181127/tools/bin/../lib/gcc/arm-none-eabi/10.3.1/../../../../arm-none-eabi/lib/thumb/v7e-m+fp/hard\libc_nano.a(lib_a-sprintf.o) (_svfprintf_r)
[...]
Memory Configuration

Name             Origin             Length             Attributes
CCMRAM           0x0000000010000000 0x0000000000010000 xrw
RAM              0x0000000020000000 0x0000000000020000 xrw
FLASH            0x0000000008000000 0x0000000000080000 xr
*default*        0x0000000000000000 0xffffffffffffffff

Linker script and memory map

LOAD c:/st/stm32cubeide_1.10.1/stm32cubeide/plugins/com.st.stm32cube.ide.mcu.externaltools.gnu-tools-for-stm32.10.3-2021.10.win32_1.0.0.202111181127/tools/bin/../lib/gcc/arm-none-eabi/10.3.1/thumb/v7e-m+fp/hard/crti.o
LOAD c:/st/stm32cubeide_1.10.1/stm32cubeide/plugins/com.st.stm32cube.ide.mcu.externaltools.gnu-tools-for-stm32.10.3-2021.10.win32_1.0.0.202111181127/tools/bin/../lib/gcc/arm-none-eabi/10.3.1/thumb/v7e-m+fp/hard/crtbegin.o
LOAD c:/st/stm32cubeide_1.10.1/stm32cubeide/plugins/com.st.stm32cube.ide.mcu.externaltools.gnu-tools-for-stm32.10.3-2021.10.win32_1.0.0.202111181127/tools/bin/../lib/gcc/arm-none-eabi/10.3.1/../../../../arm-none-eabi/lib/thumb/v7e-m+fp/hard/crt0.o
LOAD ./Core/Src/H100Spindle.o
LOAD ./Core/Src/STM32modbus.o
LOAD ./Core/Src/headBoardCrtl.o
LOAD ./Core/Src/main.o
LOAD ./Core/Src/spindle.o
LOAD ./Core/Src/stm32f4xx_hal_msp.o
LOAD ./Core/Src/stm32f4xx_it.o
LOAD ./Core/Src/syscalls.o
LOAD ./Core/Src/sysmem.o
LOAD ./Core/Src/system_stm32f4xx.o
LOAD ./Core/Startup/startup_stm32f407vetx.o
LOAD ./Drivers/STM32F4xx_HAL_Driver/Src/stm32f4xx_hal.o
LOAD ./Drivers/STM32F4xx_HAL_Driver/Src/stm32f4xx_hal_adc.o
LOAD ./Drivers/STM32F4xx_HAL_Driver/Src/stm32f4xx_hal_adc_ex.o
LOAD ./Drivers/STM32F4xx_HAL_Driver/Src/stm32f4xx_hal_can.o
LOAD ./Drivers/STM32F4xx_HAL_Driver/Src/stm32f4xx_hal_cortex.o
LOAD ./Drivers/STM32F4xx_HAL_Driver/Src/stm32f4xx_hal_dma.o
LOAD ./Drivers/STM32F4xx_HAL_Driver/Src/stm32f4xx_hal_dma_ex.o
LOAD ./Drivers/STM32F4xx_HAL_Driver/Src/stm32f4xx_hal_exti.o
LOAD ./Drivers/STM32F4xx_HAL_Driver/Src/stm32f4xx_hal_flash.o
LOAD ./Drivers/STM32F4xx_HAL_Driver/Src/stm32f4xx_hal_flash_ex.o
LOAD ./Drivers/STM32F4xx_HAL_Driver/Src/stm32f4xx_hal_flash_ramfunc.o
LOAD ./Drivers/STM32F4xx_HAL_Driver/Src/stm32f4xx_hal_gpio.o
LOAD ./Drivers/STM32F4xx_HAL_Driver/Src/stm32f4xx_hal_pcd.o
LOAD ./Drivers/STM32F4xx_HAL_Driver/Src/stm32f4xx_hal_pcd_ex.o
LOAD ./Drivers/STM32F4xx_HAL_Driver/Src/stm32f4xx_hal_pwr.o
LOAD ./Drivers/STM32F4xx_HAL_Driver/Src/stm32f4xx_hal_pwr_ex.o
LOAD ./Drivers/STM32F4xx_HAL_Driver/Src/stm32f4xx_hal_rcc.o
LOAD ./Drivers/STM32F4xx_HAL_Driver/Src/stm32f4xx_hal_rcc_ex.o
LOAD ./Drivers/STM32F4xx_HAL_Driver/Src/stm32f4xx_hal_spi.o
LOAD ./Drivers/STM32F4xx_HAL_Driver/Src/stm32f4xx_hal_tim.o
LOAD ./Drivers/STM32F4xx_HAL_Driver/Src/stm32f4xx_hal_tim_ex.o
LOAD ./Drivers/STM32F4xx_HAL_Driver/Src/stm32f4xx_hal_uart.o
LOAD ./Drivers/STM32F4xx_HAL_Driver/Src/stm32f4xx_ll_adc.o
LOAD ./Drivers/STM32F4xx_HAL_Driver/Src/stm32f4xx_ll_usb.o
LOAD ./Middlewares/ST/STM32_USB_Device_Library/Class/CDC/Src/usbd_cdc.o
LOAD ./Middlewares/ST/STM32_USB_Device_Library/Core/Src/usbd_core.o
LOAD ./Middlewares/ST/STM32_USB_Device_Library/Core/Src/usbd_ctlreq.o
LOAD ./Middlewares/ST/STM32_USB_Device_Library/Core/Src/usbd_ioreq.o
LOAD ./USB_DEVICE/App/usb_device.o
LOAD ./USB_DEVICE/App/usbd_cdc_if.o
LOAD ./USB_DEVICE/App/usbd_desc.o
LOAD ./USB_DEVICE/Target/usbd_conf.o
START GROUP
LOAD c:/st/stm32cubeide_1.10.1/stm32cubeide/plugins/com.st.stm32cube.ide.mcu.externaltools.gnu-tools-for-stm32.10.3-2021.10.win32_1.0.0.202111181127/tools/bin/../lib/gcc/arm-none-eabi/10.3.1/../../../../arm-none-eabi/lib/thumb/v7e-m+fp/hard\libstdc++_nano.a
LOAD c:/st/stm32cubeide_1.10.1/stm32cubeide/plugins/com.st.stm32cube.ide.mcu.externaltools.gnu-tools-for-stm32.10.3-2021.10.win32_1.0.0.202111181127/tools/bin/../lib/gcc/arm-none-eabi/10.3.1/../../../../arm-none-eabi/lib/thumb/v7e-m+fp/hard\libsupc++_nano.a
END GROUP
LOAD c:/st/stm32cubeide_1.10.1/stm32cubeide/plugins/com.st.stm32cube.ide.mcu.externaltools.gnu-tools-for-stm32.10.3-2021.10.win32_1.0.0.202111181127/tools/bin/../lib/gcc/arm-none-eabi/10.3.1/../../../../arm-none-eabi/lib/thumb/v7e-m+fp/hard\libstdc++_nano.a
LOAD c:/st/stm32cubeide_1.10.1/stm32cubeide/plugins/com.st.stm32cube.ide.mcu.externaltools.gnu-tools-for-stm32.10.3-2021.10.win32_1.0.0.202111181127/tools/bin/../lib/gcc/arm-none-eabi/10.3.1/../../../../arm-none-eabi/lib/thumb/v7e-m+fp/hard\libm.a
LOAD c:/st/stm32cubeide_1.10.1/stm32cubeide/plugins/com.st.stm32cube.ide.mcu.externaltools.gnu-tools-for-stm32.10.3-2021.10.win32_1.0.0.202111181127/tools/bin/../lib/gcc/arm-none-eabi/10.3.1/../../../../arm-none-eabi/lib/thumb/v7e-m+fp/hard\libc_nano.a
START GROUP
LOAD c:/st/stm32cubeide_1.10.1/stm32cubeide/plugins/com.st.stm32cube.ide.mcu.externaltools.gnu-tools-for-stm32.10.3-2021.10.win32_1.0.0.202111181127/tools/bin/../lib/gcc/arm-none-eabi/10.3.1/thumb/v7e-m+fp/hard\libgcc.a
LOAD c:/st/stm32cubeide_1.10.1/stm32cubeide/plugins/com.st.stm32cube.ide.mcu.externaltools.gnu-tools-for-stm32.10.3-2021.10.win32_1.0.0.202111181127/tools/bin/../lib/gcc/arm-none-eabi/10.3.1/../../../../arm-none-eabi/lib/thumb/v7e-m+fp/hard\libc_nano.a
END GROUP
START GROUP
LOAD c:/st/stm32cubeide_1.10.1/stm32cubeide/plugins/com.st.stm32cube.ide.mcu.externaltools.gnu-tools-for-stm32.10.3-2021.10.win32_1.0.0.202111181127/tools/bin/../lib/gcc/arm-none-eabi/10.3.1/thumb/v7e-m+fp/hard\libgcc.a
LOAD c:/st/stm32cubeide_1.10.1/stm32cubeide/plugins/com.st.stm32cube.ide.mcu.externaltools.gnu-tools-for-stm32.10.3-2021.10.win32_1.0.0.202111181127/tools/bin/../lib/gcc/arm-none-eabi/10.3.1/../../../../arm-none-eabi/lib/thumb/v7e-m+fp/hard\libc_nano.a
LOAD c:/st/stm32cubeide_1.10.1/stm32cubeide/plugins/com.st.stm32cube.ide.mcu.externaltools.gnu-tools-for-stm32.10.3-2021.10.win32_1.0.0.202111181127/tools/bin/../lib/gcc/arm-none-eabi/10.3.1/../../../../arm-none-eabi/lib/thumb/v7e-m+fp/hard\libnosys.a
END GROUP
START GROUP
LOAD c:/st/stm32cubeide_1.10.1/stm32cubeide/plugins/com.st.stm32cube.ide.mcu.externaltools.gnu-tools-for-stm32.10.3-2021.10.win32_1.0.0.202111181127/tools/bin/../lib/gcc/arm-none-eabi/10.3.1/thumb/v7e-m+fp/hard\libgcc.a
LOAD c:/st/stm32cubeide_1.10.1/stm32cubeide/plugins/com.st.stm32cube.ide.mcu.externaltools.gnu-tools-for-stm32.10.3-2021.10.win32_1.0.0.202111181127/tools/bin/../lib/gcc/arm-none-eabi/10.3.1/../../../../arm-none-eabi/lib/thumb/v7e-m+fp/hard\libc_nano.a
LOAD c:/st/stm32cubeide_1.10.1/stm32cubeide/plugins/com.st.stm32cube.ide.mcu.externaltools.gnu-tools-for-stm32.10.3-2021.10.win32_1.0.0.202111181127/tools/bin/../lib/gcc/arm-none-eabi/10.3.1/../../../../arm-none-eabi/lib/thumb/v7e-m+fp/hard\libnosys.a
END GROUP
LOAD c:/st/stm32cubeide_1.10.1/stm32cubeide/plugins/com.st.stm32cube.ide.mcu.externaltools.gnu-tools-for-stm32.10.3-2021.10.win32_1.0.0.202111181127/tools/bin/../lib/gcc/arm-none-eabi/10.3.1/thumb/v7e-m+fp/hard/crtend.o
LOAD c:/st/stm32cubeide_1.10.1/stm32cubeide/plugins/com.st.stm32cube.ide.mcu.externaltools.gnu-tools-for-stm32.10.3-2021.10.win32_1.0.0.202111181127/tools/bin/../lib/gcc/arm-none-eabi/10.3.1/thumb/v7e-m+fp/hard/crtn.o
                0x0000000020020000                _estack = (ORIGIN (RAM) + LENGTH (RAM))
                0x0000000000000200                _Min_Heap_Size = 0x200
                0x0000000000000400                _Min_Stack_Size = 0x400

.isr_vector     0x0000000008000000      0x188
                0x0000000008000000                . = ALIGN (0x4)
 *(.isr_vector)
 .isr_vector    0x0000000008000000      0x188 ./Core/Startup/startup_stm32f407vetx.o
                0x0000000008000000                g_pfnVectors
                0x0000000008000188                . = ALIGN (0x4)

.text           0x0000000008000190     0x96e0
                0x0000000008000190                . = ALIGN (0x4)
 *(.text)
 .text          0x0000000008000190       0x40 c:/st/stm32cubeide_1.10.1/stm32cubeide/plugins/com.st.stm32cube.ide.mcu.externaltools.gnu-tools-for-stm32.10.3-2021.10.win32_1.0.0.202111181127/tools/bin/../lib/gcc/arm-none-eabi/10.3.1/thumb/v7e-m+fp/hard/crtbegin.o
 .text          0x00000000080001d0       0xa0 c:/st/stm32cubeide_1.10.1/stm32cubeide/plugins/com.st.stm32cube.ide.mcu.externaltools.gnu-tools-for-stm32.10.3-2021.10.win32_1.0.0.202111181127/tools/bin/../lib/gcc/arm-none-eabi/10.3.1/../../../../arm-none-eabi/lib/thumb/v7e-m+fp/hard\libc_nano.a(lib_a-memchr.o)
                0x00000000080001d0                memchr
 .text          0x0000000008000270      0x378 c:/st/stm32cubeide_1.10.1/stm32cubeide/plugins/com.st.stm32cube.ide.mcu.externaltools.gnu-tools-for-stm32.10.3-2021.10.win32_1.0.0.202111181127/tools/bin/../lib/gcc/arm-none-eabi/10.3.1/thumb/v7e-m+fp/hard\libgcc.a(_arm_addsubdf3.o)
                0x0000000008000270                __aeabi_drsub
                0x0000000008000278                __aeabi_dsub
                0x0000000008000278                __subdf3
                0x000000000800027c                __aeabi_dadd
                0x000000000800027c                __adddf3
                0x00000000080004f4                __floatunsidf
                0x00000000080004f4                __aeabi_ui2d
                0x0000000008000514                __floatsidf
                0x0000000008000514                __aeabi_i2d
                0x0000000008000538                __aeabi_f2d
                0x0000000008000538                __extendsfdf2
                0x000000000800057c                __floatundidf
                0x000000000800057c                __aeabi_ul2d
                0x000000000800058c                __floatdidf
                0x000000000800058c                __aeabi_l2d
 .text          0x00000000080005e8      0x424 c:/st/stm32cubeide_1.10.1/stm32cubeide/plugins/com.st.stm32cube.ide.mcu.externaltools.gnu-tools-for-stm32.10.3-2021.10.win32_1.0.0.202111181127/tools/bin/../lib/gcc/arm-none-eabi/10.3.1/thumb/v7e-m+fp/hard\libgcc.a(_arm_muldivdf3.o)
                0x00000000080005e8                __aeabi_dmul
                0x00000000080005e8                __muldf3
                0x000000000800083c                __divdf3
                0x000000000800083c                __aeabi_ddiv
 .text          0x0000000008000a0c       0xa0 c:/st/stm32cubeide_1.10.1/stm32cubeide/plugins/com.st.stm32cube.ide.mcu.externaltools.gnu-tools-for-stm32.10.3-2021.10.win32_1.0.0.202111181127/tools/bin/../lib/gcc/arm-none-eabi/10.3.1/thumb/v7e-m+fp/hard\libgcc.a(_arm_truncdfsf2.o)
                0x0000000008000a0c                __truncdfsf2
                0x0000000008000a0c                __aeabi_d2f
 .text          0x0000000008000aac       0x30 c:/st/stm32cubeide_1.10.1/stm32cubeide/plugins/com.st.stm32cube.ide.mcu.externaltools.gnu-tools-for-stm32.10.3-2021.10.win32_1.0.0.202111181127/tools/bin/../lib/gcc/arm-none-eabi/10.3.1/thumb/v7e-m+fp/hard\libgcc.a(_aeabi_uldivmod.o)
                0x0000000008000aac                __aeabi_uldivmod
 .text          0x0000000008000adc      0x2d0 c:/st/stm32cubeide_1.10.1/stm32cubeide/plugins/com.st.stm32cube.ide.mcu.externaltools.gnu-tools-for-stm32.10.3-2021.10.win32_1.0.0.202111181127/tools/bin/../lib/gcc/arm-none-eabi/10.3.1/thumb/v7e-m+fp/hard\libgcc.a(_udivmoddi4.o)
                0x0000000008000adc                __udivmoddi4
 .text          0x0000000008000dac        0x4 c:/st/stm32cubeide_1.10.1/stm32cubeide/plugins/com.st.stm32cube.ide.mcu.externaltools.gnu-tools-for-stm32.10.3-2021.10.win32_1.0.0.202111181127/tools/bin/../lib/gcc/arm-none-eabi/10.3.1/thumb/v7e-m+fp/hard\libgcc.a(_dvmd_tls.o)
                0x0000000008000dac                __aeabi_idiv0
                0x0000000008000dac                __aeabi_ldiv0
 *(.text*)
 .text.H100spindleFWD
                0x0000000008000db0       0x2a ./Core/Src/H100Spindle.o
                0x0000000008000db0                H100spindleFWD
 .text.H100spindleOFF
                0x0000000008000dda       0x2a ./Core/Src/H100Spindle.o
                0x0000000008000dda                H100spindleOFF
 *fill*         0x0000000008000e04        0x4 
 .text.H100SetRPM
                0x0000000008000e08       0x74 ./Core/Src/H100Spindle.o
                0x0000000008000e08                H100SetRPM
 .text.crc16    0x0000000008000e7c       0x6c ./Core/Src/STM32modbus.o
 .text.modBusTransmit
                0x0000000008000ee8       0x5c ./Core/Src/STM32modbus.o
                0x0000000008000ee8                modBusTransmit
 .text.modBusWrSingle
                0x0000000008000f44       0xe0 ./Core/Src/STM32modbus.o
                0x0000000008000f44                modBusWrSingle
 .text.set_headboard_solenoid_state
                0x0000000008001024       0x30 ./Core/Src/headBoardCrtl.o
                0x0000000008001024                set_headboard_solenoid_state
 .text.unlock_Z_axis
                0x0000000008001054       0x26 ./Core/Src/headBoardCrtl.o
                0x0000000008001054                unlock_Z_axis
 .text.lock_Z_axis
                0x000000000800107a       0x26 ./Core/Src/headBoardCrtl.o
                0x000000000800107a                lock_Z_axis
 .text.clamp_tool
                0x00000000080010a0       0x26 ./Core/Src/headBoardCrtl.o
                0x00000000080010a0                clamp_tool
 .text.release_tool
                0x00000000080010c6       0x26 ./Core/Src/headBoardCrtl.o
                0x00000000080010c6                release_tool
 .text.coolant_on
                0x00000000080010ec       0x26 ./Core/Src/headBoardCrtl.o
                0x00000000080010ec                coolant_on
 .text.coolant_off
                0x0000000008001112       0x26 ./Core/Src/headBoardCrtl.o
                0x0000000008001112                coolant_off
 .text.main     0x0000000008001138      0x450 ./Core/Src/main.o
                0x0000000008001138                main
 .text.SystemClock_Config
                0x0000000008001588       0xd4 ./Core/Src/main.o
                0x0000000008001588                SystemClock_Config
 .text.MX_ADC2_Init
                0x000000000800165c       0xa4 ./Core/Src/main.o
 .text.MX_ADC3_Init
                0x0000000008001700       0xa4 ./Core/Src/main.o
 .text.MX_CAN2_Init
                0x00000000080017a4       0x68 ./Core/Src/main.o
 .text.MX_SPI1_Init
                0x000000000800180c       0x6c ./Core/Src/main.o
 .text.MX_USART3_UART_Init
                0x0000000008001878       0x54 ./Core/Src/main.o
 .text.MX_GPIO_Init
                0x00000000080018cc      0x12c ./Core/Src/main.o
 .text.Error_Handler
                0x00000000080019f8        0xa ./Core/Src/main.o
                0x00000000080019f8                Error_Handler
 *fill*         0x0000000008001a02        0x2 
 .text.sendData8
                0x0000000008001a04       0x58 ./Core/Src/spindle.o
                0x0000000008001a04                sendData8
 .text.appendCRC8
                0x0000000008001a5c       0x3c ./Core/Src/spindle.o
                0x0000000008001a5c                appendCRC8
 .text.crc_chk_value
                0x0000000008001a98       0x70 ./Core/Src/spindle.o
                0x0000000008001a98                crc_chk_value
 .text.masterRd
                0x0000000008001b08      0x14c ./Core/Src/spindle.o
                0x0000000008001b08                masterRd
 .text.altGetI  0x0000000008001c54       0x18 ./Core/Src/spindle.o
                0x0000000008001c54                altGetI
 .text.altGetRPM
                0x0000000008001c6c       0x18 ./Core/Src/spindle.o
                0x0000000008001c6c                altGetRPM
 .text.getRxCRC
                0x0000000008001c84       0x18 ./Core/Src/spindle.o
                0x0000000008001c84                getRxCRC
 .text.HAL_MspInit
                0x0000000008001c9c       0x50 ./Core/Src/stm32f4xx_hal_msp.o
                0x0000000008001c9c                HAL_MspInit
 .text.HAL_ADC_MspInit
                0x0000000008001cec       0xe8 ./Core/Src/stm32f4xx_hal_msp.o
                0x0000000008001cec                HAL_ADC_MspInit
 .text.HAL_CAN_MspInit
                0x0000000008001dd4       0xac ./Core/Src/stm32f4xx_hal_msp.o
                0x0000000008001dd4                HAL_CAN_MspInit
 .text.HAL_SPI_MspInit
                0x0000000008001e80       0x90 ./Core/Src/stm32f4xx_hal_msp.o
                0x0000000008001e80                HAL_SPI_MspInit
 .text.HAL_UART_MspInit
                0x0000000008001f10       0x90 ./Core/Src/stm32f4xx_hal_msp.o
                0x0000000008001f10                HAL_UART_MspInit
 .text.NMI_Handler
                0x0000000008001fa0        0x6 ./Core/Src/stm32f4xx_it.o
                0x0000000008001fa0                NMI_Handler
 .text.HardFault_Handler
                0x0000000008001fa6        0x6 ./Core/Src/stm32f4xx_it.o
                0x0000000008001fa6                HardFault_Handler
 .text.MemManage_Handler
                0x0000000008001fac        0x6 ./Core/Src/stm32f4xx_it.o
                0x0000000008001fac                MemManage_Handler
 .text.BusFault_Handler
                0x0000000008001fb2        0x6 ./Core/Src/stm32f4xx_it.o
                0x0000000008001fb2                BusFault_Handler
 .text.UsageFault_Handler
                0x0000000008001fb8        0x6 ./Core/Src/stm32f4xx_it.o
                0x0000000008001fb8                UsageFault_Handler
 .text.SVC_Handler
                0x0000000008001fbe        0xe ./Core/Src/stm32f4xx_it.o
                0x0000000008001fbe                SVC_Handler
 .text.DebugMon_Handler
                0x0000000008001fcc        0xe ./Core/Src/stm32f4xx_it.o
                0x0000000008001fcc                DebugMon_Handler
 .text.PendSV_Handler
                0x0000000008001fda        0xe ./Core/Src/stm32f4xx_it.o
                0x0000000008001fda                PendSV_Handler
 .text.SysTick_Handler
                0x0000000008001fe8        0xc ./Core/Src/stm32f4xx_it.o
                0x0000000008001fe8                SysTick_Handler
 .text.OTG_FS_IRQHandler
                0x0000000008001ff4       0x14 ./Core/Src/stm32f4xx_it.o
                0x0000000008001ff4                OTG_FS_IRQHandler
 .text._sbrk    0x0000000008002008       0x6c ./Core/Src/sysmem.o
                0x0000000008002008                _sbrk
 .text.SystemInit
                0x0000000008002074       0x24 ./Core/Src/system_stm32f4xx.o
                0x0000000008002074                SystemInit
 .text.Reset_Handler
                0x0000000008002098       0x50 ./Core/Startup/startup_stm32f407vetx.o
                0x0000000008002098                Reset_Handler
 .text.Default_Handler
                0x00000000080020e8        0x2 ./Core/Startup/startup_stm32f407vetx.o
                0x00000000080020e8                RTC_Alarm_IRQHandler
                0x00000000080020e8                HASH_RNG_IRQHandler
                0x00000000080020e8                EXTI2_IRQHandler
                0x00000000080020e8                TIM8_CC_IRQHandler
                0x00000000080020e8                TIM1_CC_IRQHandler
                0x00000000080020e8                DMA2_Stream5_IRQHandler
                0x00000000080020e8                DMA1_Stream5_IRQHandler
                0x00000000080020e8                PVD_IRQHandler
                0x00000000080020e8                SDIO_IRQHandler
                0x00000000080020e8                TAMP_STAMP_IRQHandler
                0x00000000080020e8                CAN2_RX1_IRQHandler
                0x00000000080020e8                EXTI3_IRQHandler
                0x00000000080020e8                TIM8_TRG_COM_TIM14_IRQHandler
                0x00000000080020e8                TIM1_UP_TIM10_IRQHandler
                0x00000000080020e8                TIM8_UP_TIM13_IRQHandler
                0x00000000080020e8                I2C3_ER_IRQHandler
                0x00000000080020e8                EXTI0_IRQHandler
                0x00000000080020e8                I2C2_EV_IRQHandler
                0x00000000080020e8                DMA1_Stream2_IRQHandler
                0x00000000080020e8                CAN1_RX0_IRQHandler
                0x00000000080020e8                FPU_IRQHandler
                0x00000000080020e8                OTG_HS_WKUP_IRQHandler
                0x00000000080020e8                CAN2_SCE_IRQHandler
                0x00000000080020e8                DMA2_Stream2_IRQHandler
                0x00000000080020e8                SPI1_IRQHandler
                0x00000000080020e8                TIM6_DAC_IRQHandler
                0x00000000080020e8                TIM1_BRK_TIM9_IRQHandler
                0x00000000080020e8                DCMI_IRQHandler
                0x00000000080020e8                CAN2_RX0_IRQHandler
                0x00000000080020e8                DMA2_Stream3_IRQHandler
                0x00000000080020e8                USART6_IRQHandler
                0x00000000080020e8                USART3_IRQHandler
                0x00000000080020e8                CAN1_RX1_IRQHandler
                0x00000000080020e8                UART5_IRQHandler
                0x00000000080020e8                DMA2_Stream0_IRQHandler
                0x00000000080020e8                TIM4_IRQHandler
                0x00000000080020e8                I2C1_EV_IRQHandler
                0x00000000080020e8                DMA1_Stream6_IRQHandler
                0x00000000080020e8                DMA1_Stream1_IRQHandler
                0x00000000080020e8                UART4_IRQHandler
                0x00000000080020e8                TIM3_IRQHandler
                0x00000000080020e8                RCC_IRQHandler
                0x00000000080020e8                TIM8_BRK_TIM12_IRQHandler
                0x00000000080020e8                Default_Handler
                0x00000000080020e8                EXTI15_10_IRQHandler
                0x00000000080020e8                ADC_IRQHandler
                0x00000000080020e8                DMA1_Stream7_IRQHandler
                0x00000000080020e8                TIM7_IRQHandler
                0x00000000080020e8                CAN2_TX_IRQHandler
                0x00000000080020e8                TIM5_IRQHandler
                0x00000000080020e8                DMA2_Stream7_IRQHandler
                0x00000000080020e8                I2C3_EV_IRQHandler
                0x00000000080020e8                EXTI9_5_IRQHandler
                0x00000000080020e8                RTC_WKUP_IRQHandler
                0x00000000080020e8                ETH_WKUP_IRQHandler
                0x00000000080020e8                SPI2_IRQHandler
                0x00000000080020e8                OTG_HS_EP1_IN_IRQHandler
                0x00000000080020e8                DMA1_Stream0_IRQHandler
                0x00000000080020e8                CAN1_TX_IRQHandler
                0x00000000080020e8                EXTI4_IRQHandler
                0x00000000080020e8                FSMC_IRQHandler
                0x00000000080020e8                ETH_IRQHandler
                0x00000000080020e8                OTG_HS_EP1_OUT_IRQHandler
                0x00000000080020e8                WWDG_IRQHandler
                0x00000000080020e8                TIM2_IRQHandler
                0x00000000080020e8                OTG_FS_WKUP_IRQHandler
                0x00000000080020e8                TIM1_TRG_COM_TIM11_IRQHandler
                0x00000000080020e8                OTG_HS_IRQHandler
                0x00000000080020e8                EXTI1_IRQHandler
                0x00000000080020e8                USART2_IRQHandler
                0x00000000080020e8                I2C2_ER_IRQHandler
                0x00000000080020e8                DMA2_Stream1_IRQHandler
                0x00000000080020e8                CAN1_SCE_IRQHandler
                0x00000000080020e8                FLASH_IRQHandler
                0x00000000080020e8                DMA2_Stream4_IRQHandler
                0x00000000080020e8                USART1_IRQHandler
                0x00000000080020e8                SPI3_IRQHandler
                0x00000000080020e8                DMA1_Stream4_IRQHandler
                0x00000000080020e8                I2C1_ER_IRQHandler
                0x00000000080020e8                DMA2_Stream6_IRQHandler
                0x00000000080020e8                DMA1_Stream3_IRQHandler
 *fill*         0x00000000080020ea        0x2 
 .text.HAL_Init
                0x00000000080020ec       0x44 ./Drivers/STM32F4xx_HAL_Driver/Src/stm32f4xx_hal.o
                0x00000000080020ec                HAL_Init
 .text.HAL_InitTick
                0x0000000008002130       0x60 ./Drivers/STM32F4xx_HAL_Driver/Src/stm32f4xx_hal.o
                0x0000000008002130                HAL_InitTick
 .text.HAL_IncTick
                0x0000000008002190       0x28 ./Drivers/STM32F4xx_HAL_Driver/Src/stm32f4xx_hal.o
                0x0000000008002190                HAL_IncTick
 .text.HAL_GetTick
                0x00000000080021b8       0x18 ./Drivers/STM32F4xx_HAL_Driver/Src/stm32f4xx_hal.o
                0x00000000080021b8                HAL_GetTick
 .text.HAL_Delay
                0x00000000080021d0       0x48 ./Drivers/STM32F4xx_HAL_Driver/Src/stm32f4xx_hal.o
                0x00000000080021d0                HAL_Delay
 .text.HAL_ADC_Init
                0x0000000008002218       0x86 ./Drivers/STM32F4xx_HAL_Driver/Src/stm32f4xx_hal_adc.o
                0x0000000008002218                HAL_ADC_Init
 *fill*         0x000000000800229e        0x2 
 .text.HAL_ADC_ConfigChannel
                0x00000000080022a0      0x244 ./Drivers/STM32F4xx_HAL_Driver/Src/stm32f4xx_hal_adc.o
                0x00000000080022a0                HAL_ADC_ConfigChannel
 .text.ADC_Init
                0x00000000080024e4      0x1f8 ./Drivers/STM32F4xx_HAL_Driver/Src/stm32f4xx_hal_adc.o
 .text.HAL_CAN_Init
                0x00000000080026dc      0x1f6 ./Drivers/STM32F4xx_HAL_Driver/Src/stm32f4xx_hal_can.o
                0x00000000080026dc                HAL_CAN_Init
 *fill*         0x00000000080028d2        0x2 
 .text.__NVIC_SetPriorityGrouping
                0x00000000080028d4       0x48 ./Drivers/STM32F4xx_HAL_Driver/Src/stm32f4xx_hal_cortex.o
 .text.__NVIC_GetPriorityGrouping
                0x000000000800291c       0x1c ./Drivers/STM32F4xx_HAL_Driver/Src/stm32f4xx_hal_cortex.o
 .text.__NVIC_EnableIRQ
                0x0000000008002938       0x3c ./Drivers/STM32F4xx_HAL_Driver/Src/stm32f4xx_hal_cortex.o
 .text.__NVIC_SetPriority
                0x0000000008002974       0x54 ./Drivers/STM32F4xx_HAL_Driver/Src/stm32f4xx_hal_cortex.o
 .text.NVIC_EncodePriority
                0x00000000080029c8       0x66 ./Drivers/STM32F4xx_HAL_Driver/Src/stm32f4xx_hal_cortex.o
 *fill*         0x0000000008002a2e        0x2 
 .text.__NVIC_SystemReset
                0x0000000008002a30       0x2c ./Drivers/STM32F4xx_HAL_Driver/Src/stm32f4xx_hal_cortex.o
 .text.SysTick_Config
                0x0000000008002a5c       0x44 ./Drivers/STM32F4xx_HAL_Driver/Src/stm32f4xx_hal_cortex.o
 .text.HAL_NVIC_SetPriorityGrouping
                0x0000000008002aa0       0x16 ./Drivers/STM32F4xx_HAL_Driver/Src/stm32f4xx_hal_cortex.o
                0x0000000008002aa0                HAL_NVIC_SetPriorityGrouping
 .text.HAL_NVIC_SetPriority
                0x0000000008002ab6       0x38 ./Drivers/STM32F4xx_HAL_Driver/Src/stm32f4xx_hal_cortex.o
                0x0000000008002ab6                HAL_NVIC_SetPriority
 .text.HAL_NVIC_EnableIRQ
                0x0000000008002aee       0x1c ./Drivers/STM32F4xx_HAL_Driver/Src/stm32f4xx_hal_cortex.o
                0x0000000008002aee                HAL_NVIC_EnableIRQ
 .text.HAL_NVIC_SystemReset
                0x0000000008002b0a        0x8 ./Drivers/STM32F4xx_HAL_Driver/Src/stm32f4xx_hal_cortex.o
                0x0000000008002b0a                HAL_NVIC_SystemReset
 .text.HAL_SYSTICK_Config
                0x0000000008002b12       0x18 ./Drivers/STM32F4xx_HAL_Driver/Src/stm32f4xx_hal_cortex.o
                0x0000000008002b12                HAL_SYSTICK_Config
 *fill*         0x0000000008002b2a        0x2 
 .text.HAL_GPIO_Init
                0x0000000008002b2c      0x338 ./Drivers/STM32F4xx_HAL_Driver/Src/stm32f4xx_hal_gpio.o
                0x0000000008002b2c                HAL_GPIO_Init
 .text.HAL_GPIO_WritePin
                0x0000000008002e64       0x32 ./Drivers/STM32F4xx_HAL_Driver/Src/stm32f4xx_hal_gpio.o
                0x0000000008002e64                HAL_GPIO_WritePin
 .text.HAL_PCD_Init
                0x0000000008002e96      0x23a ./Drivers/STM32F4xx_HAL_Driver/Src/stm32f4xx_hal_pcd.o
                0x0000000008002e96                HAL_PCD_Init
 .text.HAL_PCD_Start
                0x00000000080030d0       0x66 ./Drivers/STM32F4xx_HAL_Driver/Src/stm32f4xx_hal_pcd.o
                0x00000000080030d0                HAL_PCD_Start
 .text.HAL_PCD_IRQHandler
                0x0000000008003136      0x764 ./Drivers/STM32F4xx_HAL_Driver/Src/stm32f4xx_hal_pcd.o
                0x0000000008003136                HAL_PCD_IRQHandler
 .text.HAL_PCD_SetAddress
                0x000000000800389a       0x4a ./Drivers/STM32F4xx_HAL_Driver/Src/stm32f4xx_hal_pcd.o
                0x000000000800389a                HAL_PCD_SetAddress
 .text.HAL_PCD_EP_Open
                0x00000000080038e4       0xd0 ./Drivers/STM32F4xx_HAL_Driver/Src/stm32f4xx_hal_pcd.o
                0x00000000080038e4                HAL_PCD_EP_Open
 .text.HAL_PCD_EP_Close
                0x00000000080039b4       0x94 ./Drivers/STM32F4xx_HAL_Driver/Src/stm32f4xx_hal_pcd.o
                0x00000000080039b4                HAL_PCD_EP_Close
 .text.HAL_PCD_EP_Receive
                0x0000000008003a48       0x96 ./Drivers/STM32F4xx_HAL_Driver/Src/stm32f4xx_hal_pcd.o
                0x0000000008003a48                HAL_PCD_EP_Receive
 .text.HAL_PCD_EP_GetRxCount
                0x0000000008003ade       0x30 ./Drivers/STM32F4xx_HAL_Driver/Src/stm32f4xx_hal_pcd.o
                0x0000000008003ade                HAL_PCD_EP_GetRxCount
 .text.HAL_PCD_EP_Transmit
                0x0000000008003b0e       0x94 ./Drivers/STM32F4xx_HAL_Driver/Src/stm32f4xx_hal_pcd.o
                0x0000000008003b0e                HAL_PCD_EP_Transmit
 .text.HAL_PCD_EP_SetStall
                0x0000000008003ba2       0xc8 ./Drivers/STM32F4xx_HAL_Driver/Src/stm32f4xx_hal_pcd.o
                0x0000000008003ba2                HAL_PCD_EP_SetStall
 .text.HAL_PCD_EP_ClrStall
                0x0000000008003c6a       0xac ./Drivers/STM32F4xx_HAL_Driver/Src/stm32f4xx_hal_pcd.o
                0x0000000008003c6a                HAL_PCD_EP_ClrStall
 .text.PCD_WriteEmptyTxFifo
                0x0000000008003d16      0x11a ./Drivers/STM32F4xx_HAL_Driver/Src/stm32f4xx_hal_pcd.o
 .text.PCD_EP_OutXfrComplete_int
                0x0000000008003e30      0x218 ./Drivers/STM32F4xx_HAL_Driver/Src/stm32f4xx_hal_pcd.o
 .text.PCD_EP_OutSetupPacket_int
                0x0000000008004048       0x8c ./Drivers/STM32F4xx_HAL_Driver/Src/stm32f4xx_hal_pcd.o
 .text.HAL_PCDEx_SetTxFiFo
                0x00000000080040d4       0x8e ./Drivers/STM32F4xx_HAL_Driver/Src/stm32f4xx_hal_pcd_ex.o
                0x00000000080040d4                HAL_PCDEx_SetTxFiFo
 .text.HAL_PCDEx_SetRxFiFo
                0x0000000008004162       0x22 ./Drivers/STM32F4xx_HAL_Driver/Src/stm32f4xx_hal_pcd_ex.o
                0x0000000008004162                HAL_PCDEx_SetRxFiFo
 .text.HAL_PCDEx_LPM_Callback
                0x0000000008004184       0x18 ./Drivers/STM32F4xx_HAL_Driver/Src/stm32f4xx_hal_pcd_ex.o
                0x0000000008004184                HAL_PCDEx_LPM_Callback
 .text.HAL_RCC_OscConfig
                0x000000000800419c      0x4f0 ./Drivers/STM32F4xx_HAL_Driver/Src/stm32f4xx_hal_rcc.o
                0x000000000800419c                HAL_RCC_OscConfig
 .text.HAL_RCC_ClockConfig
                0x000000000800468c      0x1cc ./Drivers/STM32F4xx_HAL_Driver/Src/stm32f4xx_hal_rcc.o
                0x000000000800468c                HAL_RCC_ClockConfig
 .text.HAL_RCC_GetSysClockFreq
                0x0000000008004858      0x208 ./Drivers/STM32F4xx_HAL_Driver/Src/stm32f4xx_hal_rcc.o
                0x0000000008004858                HAL_RCC_GetSysClockFreq
 .text.HAL_RCC_GetHCLKFreq
                0x0000000008004a60       0x18 ./Drivers/STM32F4xx_HAL_Driver/Src/stm32f4xx_hal_rcc.o
                0x0000000008004a60                HAL_RCC_GetHCLKFreq
 .text.HAL_RCC_GetPCLK1Freq
                0x0000000008004a78       0x28 ./Drivers/STM32F4xx_HAL_Driver/Src/stm32f4xx_hal_rcc.o
                0x0000000008004a78                HAL_RCC_GetPCLK1Freq
 .text.HAL_RCC_GetPCLK2Freq
                0x0000000008004aa0       0x28 ./Drivers/STM32F4xx_HAL_Driver/Src/stm32f4xx_hal_rcc.o
                0x0000000008004aa0                HAL_RCC_GetPCLK2Freq
 .text.HAL_SPI_Init
                0x0000000008004ac8      0x112 ./Drivers/STM32F4xx_HAL_Driver/Src/stm32f4xx_hal_spi.o
                0x0000000008004ac8                HAL_SPI_Init
 .text.HAL_UART_Init
                0x0000000008004bda       0x9a ./Drivers/STM32F4xx_HAL_Driver/Src/stm32f4xx_hal_uart.o
                0x0000000008004bda                HAL_UART_Init
 .text.HAL_UART_Transmit
                0x0000000008004c74      0x124 ./Drivers/STM32F4xx_HAL_Driver/Src/stm32f4xx_hal_uart.o
                0x0000000008004c74                HAL_UART_Transmit
 .text.HAL_UART_Receive
                0x0000000008004d98      0x144 ./Drivers/STM32F4xx_HAL_Driver/Src/stm32f4xx_hal_uart.o
                0x0000000008004d98                HAL_UART_Receive
 .text.UART_WaitOnFlagUntilTimeout
                0x0000000008004edc       0x94 ./Drivers/STM32F4xx_HAL_Driver/Src/stm32f4xx_hal_uart.o
 .text.UART_SetConfig
                0x0000000008004f70      0x4e8 ./Drivers/STM32F4xx_HAL_Driver/Src/stm32f4xx_hal_uart.o
 .text.USB_CoreInit
                0x0000000008005458       0xc2 ./Drivers/STM32F4xx_HAL_Driver/Src/stm32f4xx_ll_usb.o
                0x0000000008005458                USB_CoreInit
 *fill*         0x000000000800551a        0x2 
 .text.USB_SetTurnaroundTime
                0x000000000800551c      0x144 ./Drivers/STM32F4xx_HAL_Driver/Src/stm32f4xx_ll_usb.o
                0x000000000800551c                USB_SetTurnaroundTime
 .text.USB_EnableGlobalInt
                0x0000000008005660       0x22 ./Drivers/STM32F4xx_HAL_Driver/Src/stm32f4xx_ll_usb.o
                0x0000000008005660                USB_EnableGlobalInt
 .text.USB_DisableGlobalInt
                0x0000000008005682       0x22 ./Drivers/STM32F4xx_HAL_Driver/Src/stm32f4xx_ll_usb.o
                0x0000000008005682                USB_DisableGlobalInt
 .text.USB_SetCurrentMode
                0x00000000080056a4       0x54 ./Drivers/STM32F4xx_HAL_Driver/Src/stm32f4xx_ll_usb.o
                0x00000000080056a4                USB_SetCurrentMode
 .text.USB_DevInit
                0x00000000080056f8      0x2c8 ./Drivers/STM32F4xx_HAL_Driver/Src/stm32f4xx_ll_usb.o
                0x00000000080056f8                USB_DevInit
 .text.USB_FlushTxFifo
                0x00000000080059c0       0x4c ./Drivers/STM32F4xx_HAL_Driver/Src/stm32f4xx_ll_usb.o
                0x00000000080059c0                USB_FlushTxFifo
 .text.USB_FlushRxFifo
                0x0000000008005a0c       0x44 ./Drivers/STM32F4xx_HAL_Driver/Src/stm32f4xx_ll_usb.o
                0x0000000008005a0c                USB_FlushRxFifo
 .text.USB_SetDevSpeed
                0x0000000008005a50       0x32 ./Drivers/STM32F4xx_HAL_Driver/Src/stm32f4xx_ll_usb.o
                0x0000000008005a50                USB_SetDevSpeed
 .text.USB_GetDevSpeed
                0x0000000008005a82       0x4a ./Drivers/STM32F4xx_HAL_Driver/Src/stm32f4xx_ll_usb.o
                0x0000000008005a82                USB_GetDevSpeed
 .text.USB_ActivateEndpoint
                0x0000000008005acc      0x10e ./Drivers/STM32F4xx_HAL_Driver/Src/stm32f4xx_ll_usb.o
                0x0000000008005acc                USB_ActivateEndpoint
 *fill*         0x0000000008005bda        0x2 
 .text.USB_DeactivateEndpoint
                0x0000000008005bdc      0x1b8 ./Drivers/STM32F4xx_HAL_Driver/Src/stm32f4xx_ll_usb.o
                0x0000000008005bdc                USB_DeactivateEndpoint
 .text.USB_EPStartXfer
                0x0000000008005d94      0x488 ./Drivers/STM32F4xx_HAL_Driver/Src/stm32f4xx_ll_usb.o
                0x0000000008005d94                USB_EPStartXfer
 .text.USB_EP0StartXfer
                0x000000000800621c      0x2a6 ./Drivers/STM32F4xx_HAL_Driver/Src/stm32f4xx_ll_usb.o
                0x000000000800621c                USB_EP0StartXfer
 .text.USB_WritePacket
                0x00000000080064c2       0x6a ./Drivers/STM32F4xx_HAL_Driver/Src/stm32f4xx_ll_usb.o
                0x00000000080064c2                USB_WritePacket
 .text.USB_ReadPacket
                0x000000000800652c       0x52 ./Drivers/STM32F4xx_HAL_Driver/Src/stm32f4xx_ll_usb.o
                0x000000000800652c                USB_ReadPacket
 .text.USB_EPSetStall
                0x000000000800657e       0xdc ./Drivers/STM32F4xx_HAL_Driver/Src/stm32f4xx_ll_usb.o
                0x000000000800657e                USB_EPSetStall
 .text.USB_EPClearStall
                0x000000000800665a       0xcc ./Drivers/STM32F4xx_HAL_Driver/Src/stm32f4xx_ll_usb.o
                0x000000000800665a                USB_EPClearStall
 .text.USB_SetDevAddress
                0x0000000008006726       0x4c ./Drivers/STM32F4xx_HAL_Driver/Src/stm32f4xx_ll_usb.o
                0x0000000008006726                USB_SetDevAddress
 .text.USB_DevConnect
                0x0000000008006772       0x42 ./Drivers/STM32F4xx_HAL_Driver/Src/stm32f4xx_ll_usb.o
                0x0000000008006772                USB_DevConnect
 .text.USB_DevDisconnect
                0x00000000080067b4       0x42 ./Drivers/STM32F4xx_HAL_Driver/Src/stm32f4xx_ll_usb.o
                0x00000000080067b4                USB_DevDisconnect
 .text.USB_ReadInterrupts
                0x00000000080067f6       0x26 ./Drivers/STM32F4xx_HAL_Driver/Src/stm32f4xx_ll_usb.o
                0x00000000080067f6                USB_ReadInterrupts
 .text.USB_ReadDevAllOutEpInterrupt
                0x000000000800681c       0x34 ./Drivers/STM32F4xx_HAL_Driver/Src/stm32f4xx_ll_usb.o
                0x000000000800681c                USB_ReadDevAllOutEpInterrupt
 .text.USB_ReadDevAllInEpInterrupt
                0x0000000008006850       0x34 ./Drivers/STM32F4xx_HAL_Driver/Src/stm32f4xx_ll_usb.o
                0x0000000008006850                USB_ReadDevAllInEpInterrupt
 .text.USB_ReadDevOutEPInterrupt
                0x0000000008006884       0x3c ./Drivers/STM32F4xx_HAL_Driver/Src/stm32f4xx_ll_usb.o
                0x0000000008006884                USB_ReadDevOutEPInterrupt
 .text.USB_ReadDevInEPInterrupt
                0x00000000080068c0       0x5c ./Drivers/STM32F4xx_HAL_Driver/Src/stm32f4xx_ll_usb.o
                0x00000000080068c0                USB_ReadDevInEPInterrupt
 .text.USB_GetMode
                0x000000000800691c       0x1c ./Drivers/STM32F4xx_HAL_Driver/Src/stm32f4xx_ll_usb.o
                0x000000000800691c                USB_GetMode
 .text.USB_ActivateSetup
                0x0000000008006938       0x46 ./Drivers/STM32F4xx_HAL_Driver/Src/stm32f4xx_ll_usb.o
                0x0000000008006938                USB_ActivateSetup
 *fill*         0x000000000800697e        0x2 
 .text.USB_EP0_OutStart
                0x0000000008006980       0xbc ./Drivers/STM32F4xx_HAL_Driver/Src/stm32f4xx_ll_usb.o
                0x0000000008006980                USB_EP0_OutStart
 .text.USB_CoreReset
                0x0000000008006a3c       0x68 ./Drivers/STM32F4xx_HAL_Driver/Src/stm32f4xx_ll_usb.o
 .text.USBD_CDC_Init
                0x0000000008006aa4       0xfe ./Middlewares/ST/STM32_USB_Device_Library/Class/CDC/Src/usbd_cdc.o
 .text.USBD_CDC_DeInit
                0x0000000008006ba2       0x74 ./Middlewares/ST/STM32_USB_Device_Library/Class/CDC/Src/usbd_cdc.o
 *fill*         0x0000000008006c16        0x2 
 .text.USBD_CDC_Setup
                0x0000000008006c18      0x190 ./Middlewares/ST/STM32_USB_Device_Library/Class/CDC/Src/usbd_cdc.o
 .text.USBD_CDC_DataIn
                0x0000000008006da8       0xca ./Middlewares/ST/STM32_USB_Device_Library/Class/CDC/Src/usbd_cdc.o
 .text.USBD_CDC_DataOut
                0x0000000008006e72       0x56 ./Middlewares/ST/STM32_USB_Device_Library/Class/CDC/Src/usbd_cdc.o
 .text.USBD_CDC_EP0_RxReady
                0x0000000008006ec8       0x5a ./Middlewares/ST/STM32_USB_Device_Library/Class/CDC/Src/usbd_cdc.o
 *fill*         0x0000000008006f22        0x2 
 .text.USBD_CDC_GetFSCfgDesc
                0x0000000008006f24       0x20 ./Middlewares/ST/STM32_USB_Device_Library/Class/CDC/Src/usbd_cdc.o
 .text.USBD_CDC_GetHSCfgDesc
                0x0000000008006f44       0x20 ./Middlewares/ST/STM32_USB_Device_Library/Class/CDC/Src/usbd_cdc.o
 .text.USBD_CDC_GetOtherSpeedCfgDesc
                0x0000000008006f64       0x20 ./Middlewares/ST/STM32_USB_Device_Library/Class/CDC/Src/usbd_cdc.o
 .text.USBD_CDC_GetDeviceQualifierDescriptor
                0x0000000008006f84       0x20 ./Middlewares/ST/STM32_USB_Device_Library/Class/CDC/Src/usbd_cdc.o
                0x0000000008006f84                USBD_CDC_GetDeviceQualifierDescriptor
 .text.USBD_CDC_RegisterInterface
                0x0000000008006fa4       0x2a ./Middlewares/ST/STM32_USB_Device_Library/Class/CDC/Src/usbd_cdc.o
                0x0000000008006fa4                USBD_CDC_RegisterInterface
 .text.USBD_CDC_SetTxBuffer
                0x0000000008006fce       0x3c ./Middlewares/ST/STM32_USB_Device_Library/Class/CDC/Src/usbd_cdc.o
                0x0000000008006fce                USBD_CDC_SetTxBuffer
 .text.USBD_CDC_SetRxBuffer
                0x000000000800700a       0x32 ./Middlewares/ST/STM32_USB_Device_Library/Class/CDC/Src/usbd_cdc.o
                0x000000000800700a                USBD_CDC_SetRxBuffer
 .text.USBD_CDC_TransmitPacket
                0x000000000800703c       0x60 ./Middlewares/ST/STM32_USB_Device_Library/Class/CDC/Src/usbd_cdc.o
                0x000000000800703c                USBD_CDC_TransmitPacket
 .text.USBD_CDC_ReceivePacket
                0x000000000800709c       0x54 ./Middlewares/ST/STM32_USB_Device_Library/Class/CDC/Src/usbd_cdc.o
                0x000000000800709c                USBD_CDC_ReceivePacket
 .text.USBD_Init
                0x00000000080070f0       0x60 ./Middlewares/ST/STM32_USB_Device_Library/Core/Src/usbd_core.o
                0x00000000080070f0                USBD_Init
 .text.USBD_RegisterClass
                0x0000000008007150       0x4e ./Middlewares/ST/STM32_USB_Device_Library/Core/Src/usbd_core.o
                0x0000000008007150                USBD_RegisterClass
 .text.USBD_Start
                0x000000000800719e       0x18 ./Middlewares/ST/STM32_USB_Device_Library/Core/Src/usbd_core.o
                0x000000000800719e                USBD_Start
 .text.USBD_RunTestMode
                0x00000000080071b6       0x16 ./Middlewares/ST/STM32_USB_Device_Library/Core/Src/usbd_core.o
                0x00000000080071b6                USBD_RunTestMode
 .text.USBD_SetClassConfig
                0x00000000080071cc       0x38 ./Middlewares/ST/STM32_USB_Device_Library/Core/Src/usbd_core.o
                0x00000000080071cc                USBD_SetClassConfig
 .text.USBD_ClrClassConfig
                0x0000000008007204       0x30 ./Middlewares/ST/STM32_USB_Device_Library/Core/Src/usbd_core.o
                0x0000000008007204                USBD_ClrClassConfig
 .text.USBD_LL_SetupStage
                0x0000000008007234       0xaa ./Middlewares/ST/STM32_USB_Device_Library/Core/Src/usbd_core.o
                0x0000000008007234                USBD_LL_SetupStage
 .text.USBD_LL_DataOutStage
                0x00000000080072de       0xc6 ./Middlewares/ST/STM32_USB_Device_Library/Core/Src/usbd_core.o
                0x00000000080072de                USBD_LL_DataOutStage
 .text.USBD_LL_DataInStage
                0x00000000080073a4      0x12c ./Middlewares/ST/STM32_USB_Device_Library/Core/Src/usbd_core.o
                0x00000000080073a4                USBD_LL_DataInStage
 .text.USBD_LL_Reset
                0x00000000080074d0       0x9c ./Middlewares/ST/STM32_USB_Device_Library/Core/Src/usbd_core.o
                0x00000000080074d0                USBD_LL_Reset
 .text.USBD_LL_SetSpeed
                0x000000000800756c       0x20 ./Middlewares/ST/STM32_USB_Device_Library/Core/Src/usbd_core.o
                0x000000000800756c                USBD_LL_SetSpeed
 .text.USBD_LL_Suspend
                0x000000000800758c       0x2c ./Middlewares/ST/STM32_USB_Device_Library/Core/Src/usbd_core.o
                0x000000000800758c                USBD_LL_Suspend
 .text.USBD_LL_Resume
                0x00000000080075b8       0x30 ./Middlewares/ST/STM32_USB_Device_Library/Core/Src/usbd_core.o
                0x00000000080075b8                USBD_LL_Resume
 .text.USBD_LL_SOF
                0x00000000080075e8       0x44 ./Middlewares/ST/STM32_USB_Device_Library/Core/Src/usbd_core.o
                0x00000000080075e8                USBD_LL_SOF
 .text.USBD_LL_IsoINIncomplete
                0x000000000800762c       0x4c ./Middlewares/ST/STM32_USB_Device_Library/Core/Src/usbd_core.o
                0x000000000800762c                USBD_LL_IsoINIncomplete
 .text.USBD_LL_IsoOUTIncomplete
                0x0000000008007678       0x4c ./Middlewares/ST/STM32_USB_Device_Library/Core/Src/usbd_core.o
                0x0000000008007678                USBD_LL_IsoOUTIncomplete
 .text.USBD_LL_DevConnected
                0x00000000080076c4       0x16 ./Middlewares/ST/STM32_USB_Device_Library/Core/Src/usbd_core.o
                0x00000000080076c4                USBD_LL_DevConnected
 .text.USBD_LL_DevDisconnected
                0x00000000080076da       0x38 ./Middlewares/ST/STM32_USB_Device_Library/Core/Src/usbd_core.o
                0x00000000080076da                USBD_LL_DevDisconnected
 .text.SWAPBYTE
                0x0000000008007712       0x3c ./Middlewares/ST/STM32_USB_Device_Library/Core/Src/usbd_ctlreq.o
 *fill*         0x000000000800774e        0x2 
 .text.USBD_StdDevReq
                0x0000000008007750       0xdc ./Middlewares/ST/STM32_USB_Device_Library/Core/Src/usbd_ctlreq.o
                0x0000000008007750                USBD_StdDevReq
 .text.USBD_StdItfReq
                0x000000000800782c       0x92 ./Middlewares/ST/STM32_USB_Device_Library/Core/Src/usbd_ctlreq.o
                0x000000000800782c                USBD_StdItfReq
 .text.USBD_StdEPReq
                0x00000000080078be      0x2c4 ./Middlewares/ST/STM32_USB_Device_Library/Core/Src/usbd_ctlreq.o
                0x00000000080078be                USBD_StdEPReq
 *fill*         0x0000000008007b82        0x2 
 .text.USBD_GetDescriptor
                0x0000000008007b84      0x2d4 ./Middlewares/ST/STM32_USB_Device_Library/Core/Src/usbd_ctlreq.o
 .text.USBD_SetAddress
                0x0000000008007e58       0x88 ./Middlewares/ST/STM32_USB_Device_Library/Core/Src/usbd_ctlreq.o
 .text.USBD_SetConfig
                0x0000000008007ee0      0x14c ./Middlewares/ST/STM32_USB_Device_Library/Core/Src/usbd_ctlreq.o
 .text.USBD_GetConfig
                0x000000000800802c       0x6c ./Middlewares/ST/STM32_USB_Device_Library/Core/Src/usbd_ctlreq.o
 .text.USBD_GetStatus
                0x0000000008008098       0x68 ./Middlewares/ST/STM32_USB_Device_Library/Core/Src/usbd_ctlreq.o
 .text.USBD_SetFeature
                0x0000000008008100       0x28 ./Middlewares/ST/STM32_USB_Device_Library/Core/Src/usbd_ctlreq.o
 .text.USBD_ClrFeature
                0x0000000008008128       0x44 ./Middlewares/ST/STM32_USB_Device_Library/Core/Src/usbd_ctlreq.o
 .text.USBD_ParseSetupRequest
                0x000000000800816c       0x74 ./Middlewares/ST/STM32_USB_Device_Library/Core/Src/usbd_ctlreq.o
                0x000000000800816c                USBD_ParseSetupRequest
 .text.USBD_CtlError
                0x00000000080081e0       0x22 ./Middlewares/ST/STM32_USB_Device_Library/Core/Src/usbd_ctlreq.o
                0x00000000080081e0                USBD_CtlError
 .text.USBD_GetString
                0x0000000008008202       0x8c ./Middlewares/ST/STM32_USB_Device_Library/Core/Src/usbd_ctlreq.o
                0x0000000008008202                USBD_GetString
 .text.USBD_GetLen
                0x000000000800828e       0x34 ./Middlewares/ST/STM32_USB_Device_Library/Core/Src/usbd_ctlreq.o
 .text.USBD_CtlSendData
                0x00000000080082c2       0x36 ./Middlewares/ST/STM32_USB_Device_Library/Core/Src/usbd_ioreq.o
                0x00000000080082c2                USBD_CtlSendData
 .text.USBD_CtlContinueSendData
                0x00000000080082f8       0x22 ./Middlewares/ST/STM32_USB_Device_Library/Core/Src/usbd_ioreq.o
                0x00000000080082f8                USBD_CtlContinueSendData
 .text.USBD_CtlPrepareRx
                0x000000000800831a       0x3a ./Middlewares/ST/STM32_USB_Device_Library/Core/Src/usbd_ioreq.o
                0x000000000800831a                USBD_CtlPrepareRx
 .text.USBD_CtlContinueRx
                0x0000000008008354       0x22 ./Middlewares/ST/STM32_USB_Device_Library/Core/Src/usbd_ioreq.o
                0x0000000008008354                USBD_CtlContinueRx
 .text.USBD_CtlSendStatus
                0x0000000008008376       0x26 ./Middlewares/ST/STM32_USB_Device_Library/Core/Src/usbd_ioreq.o
                0x0000000008008376                USBD_CtlSendStatus
 .text.USBD_CtlReceiveStatus
                0x000000000800839c       0x26 ./Middlewares/ST/STM32_USB_Device_Library/Core/Src/usbd_ioreq.o
                0x000000000800839c                USBD_CtlReceiveStatus
 *fill*         0x00000000080083c2        0x2 
 .text.MX_USB_DEVICE_Init
                0x00000000080083c4       0x60 ./USB_DEVICE/App/usb_device.o
                0x00000000080083c4                MX_USB_DEVICE_Init
 .text.CDC_Init_FS
                0x0000000008008424       0x28 ./USB_DEVICE/App/usbd_cdc_if.o
 .text.CDC_DeInit_FS
                0x000000000800844c       0x10 ./USB_DEVICE/App/usbd_cdc_if.o
 .text.CDC_Control_FS
                0x000000000800845c       0xbc ./USB_DEVICE/App/usbd_cdc_if.o
 .text.CDC_Receive_FS
                0x0000000008008518       0x28 ./USB_DEVICE/App/usbd_cdc_if.o
                0x0000000008008518                CDC_Receive_FS
 .text.CDC_Transmit_FS
                0x0000000008008540       0x4c ./USB_DEVICE/App/usbd_cdc_if.o
                0x0000000008008540                CDC_Transmit_FS
 .text.CDC_TransmitCplt_FS
                0x000000000800858c       0x22 ./USB_DEVICE/App/usbd_cdc_if.o
 *fill*         0x00000000080085ae        0x2 
 .text.USBD_FS_DeviceDescriptor
                0x00000000080085b0       0x24 ./USB_DEVICE/App/usbd_desc.o
                0x00000000080085b0                USBD_FS_DeviceDescriptor
 .text.USBD_FS_LangIDStrDescriptor
                0x00000000080085d4       0x24 ./USB_DEVICE/App/usbd_desc.o
                0x00000000080085d4                USBD_FS_LangIDStrDescriptor
 .text.USBD_FS_ProductStrDescriptor
                0x00000000080085f8       0x3c ./USB_DEVICE/App/usbd_desc.o
                0x00000000080085f8                USBD_FS_ProductStrDescriptor
 .text.USBD_FS_ManufacturerStrDescriptor
                0x0000000008008634       0x28 ./USB_DEVICE/App/usbd_desc.o
                0x0000000008008634                USBD_FS_ManufacturerStrDescriptor
 .text.USBD_FS_SerialStrDescriptor
                0x000000000800865c       0x24 ./USB_DEVICE/App/usbd_desc.o
                0x000000000800865c                USBD_FS_SerialStrDescriptor
 .text.USBD_FS_ConfigStrDescriptor
                0x0000000008008680       0x3c ./USB_DEVICE/App/usbd_desc.o
                0x0000000008008680                USBD_FS_ConfigStrDescriptor
 .text.USBD_FS_InterfaceStrDescriptor
                0x00000000080086bc       0x3c ./USB_DEVICE/App/usbd_desc.o
                0x00000000080086bc                USBD_FS_InterfaceStrDescriptor
 .text.Get_SerialNum
                0x00000000080086f8       0x58 ./USB_DEVICE/App/usbd_desc.o
 .text.IntToUnicode
                0x0000000008008750       0x7e ./USB_DEVICE/App/usbd_desc.o
 *fill*         0x00000000080087ce        0x2 
 .text.HAL_PCD_MspInit
                0x00000000080087d0       0xa8 ./USB_DEVICE/Target/usbd_conf.o
                0x00000000080087d0                HAL_PCD_MspInit
 .text.HAL_PCD_SetupStageCallback
                0x0000000008008878       0x24 ./USB_DEVICE/Target/usbd_conf.o
                0x0000000008008878                HAL_PCD_SetupStageCallback
 .text.HAL_PCD_DataOutStageCallback
                0x000000000800889c       0x36 ./USB_DEVICE/Target/usbd_conf.o
                0x000000000800889c                HAL_PCD_DataOutStageCallback
 .text.HAL_PCD_DataInStageCallback
                0x00000000080088d2       0x34 ./USB_DEVICE/Target/usbd_conf.o
                0x00000000080088d2                HAL_PCD_DataInStageCallback
 .text.HAL_PCD_SOFCallback
                0x0000000008008906       0x1c ./USB_DEVICE/Target/usbd_conf.o
                0x0000000008008906                HAL_PCD_SOFCallback
 .text.HAL_PCD_ResetCallback
                0x0000000008008922       0x50 ./USB_DEVICE/Target/usbd_conf.o
                0x0000000008008922                HAL_PCD_ResetCallback
 *fill*         0x0000000008008972        0x2 
 .text.HAL_PCD_SuspendCallback
                0x0000000008008974       0x4c ./USB_DEVICE/Target/usbd_conf.o
                0x0000000008008974                HAL_PCD_SuspendCallback
 .text.HAL_PCD_ResumeCallback
                0x00000000080089c0       0x1c ./USB_DEVICE/Target/usbd_conf.o
                0x00000000080089c0                HAL_PCD_ResumeCallback
 .text.HAL_PCD_ISOOUTIncompleteCallback
                0x00000000080089dc       0x24 ./USB_DEVICE/Target/usbd_conf.o
                0x00000000080089dc                HAL_PCD_ISOOUTIncompleteCallback
 .text.HAL_PCD_ISOINIncompleteCallback
                0x0000000008008a00       0x24 ./USB_DEVICE/Target/usbd_conf.o
                0x0000000008008a00                HAL_PCD_ISOINIncompleteCallback
 .text.HAL_PCD_ConnectCallback
                0x0000000008008a24       0x1c ./USB_DEVICE/Target/usbd_conf.o
                0x0000000008008a24                HAL_PCD_ConnectCallback
 .text.HAL_PCD_DisconnectCallback
                0x0000000008008a40       0x1c ./USB_DEVICE/Target/usbd_conf.o
                0x0000000008008a40                HAL_PCD_DisconnectCallback
 .text.USBD_LL_Init
                0x0000000008008a5c       0x98 ./USB_DEVICE/Target/usbd_conf.o
                0x0000000008008a5c                USBD_LL_Init
 .text.USBD_LL_Start
                0x0000000008008af4       0x36 ./USB_DEVICE/Target/usbd_conf.o
                0x0000000008008af4                USBD_LL_Start
 .text.USBD_LL_OpenEP
                0x0000000008008b2a       0x4c ./USB_DEVICE/Target/usbd_conf.o
                0x0000000008008b2a                USBD_LL_OpenEP
 .text.USBD_LL_CloseEP
                0x0000000008008b76       0x3e ./USB_DEVICE/Target/usbd_conf.o
                0x0000000008008b76                USBD_LL_CloseEP
 .text.USBD_LL_StallEP
                0x0000000008008bb4       0x3e ./USB_DEVICE/Target/usbd_conf.o
                0x0000000008008bb4                USBD_LL_StallEP
 .text.USBD_LL_ClearStallEP
                0x0000000008008bf2       0x3e ./USB_DEVICE/Target/usbd_conf.o
                0x0000000008008bf2                USBD_LL_ClearStallEP
 .text.USBD_LL_IsStallEP
                0x0000000008008c30       0x58 ./USB_DEVICE/Target/usbd_conf.o
                0x0000000008008c30                USBD_LL_IsStallEP
 .text.USBD_LL_SetUSBAddress
                0x0000000008008c88       0x3e ./USB_DEVICE/Target/usbd_conf.o
                0x0000000008008c88                USBD_LL_SetUSBAddress
 .text.USBD_LL_Transmit
                0x0000000008008cc6       0x42 ./USB_DEVICE/Target/usbd_conf.o
                0x0000000008008cc6                USBD_LL_Transmit
 .text.USBD_LL_PrepareReceive
                0x0000000008008d08       0x42 ./USB_DEVICE/Target/usbd_conf.o
                0x0000000008008d08                USBD_LL_PrepareReceive
 .text.USBD_LL_GetRxDataSize
                0x0000000008008d4a       0x26 ./USB_DEVICE/Target/usbd_conf.o
                0x0000000008008d4a                USBD_LL_GetRxDataSize
 .text.USBD_static_malloc
                0x0000000008008d70       0x1c ./USB_DEVICE/Target/usbd_conf.o
                0x0000000008008d70                USBD_static_malloc
 .text.USBD_static_free
                0x0000000008008d8c       0x14 ./USB_DEVICE/Target/usbd_conf.o
                0x0000000008008d8c                USBD_static_free
 .text.USBD_Get_USB_Status
                0x0000000008008da0       0x58 ./USB_DEVICE/Target/usbd_conf.o
                0x0000000008008da0                USBD_Get_USB_Status
 .text.atoi     0x0000000008008df8        0x8 c:/st/stm32cubeide_1.10.1/stm32cubeide/plugins/com.st.stm32cube.ide.mcu.externaltools.gnu-tools-for-stm32.10.3-2021.10.win32_1.0.0.202111181127/tools/bin/../lib/gcc/arm-none-eabi/10.3.1/../../../../arm-none-eabi/lib/thumb/v7e-m+fp/hard\libc_nano.a(lib_a-atoi.o)
                0x0000000008008df8                atoi
 .text.__errno  0x0000000008008e00        0xc c:/st/stm32cubeide_1.10.1/stm32cubeide/plugins/com.st.stm32cube.ide.mcu.externaltools.gnu-tools-for-stm32.10.3-2021.10.win32_1.0.0.202111181127/tools/bin/../lib/gcc/arm-none-eabi/10.3.1/../../../../arm-none-eabi/lib/thumb/v7e-m+fp/hard\libc_nano.a(lib_a-errno.o)
                0x0000000008008e00                __errno
 .text.__libc_init_array
                0x0000000008008e0c       0x48 c:/st/stm32cubeide_1.10.1/stm32cubeide/plugins/com.st.stm32cube.ide.mcu.externaltools.gnu-tools-for-stm32.10.3-2021.10.win32_1.0.0.202111181127/tools/bin/../lib/gcc/arm-none-eabi/10.3.1/../../../../arm-none-eabi/lib/thumb/v7e-m+fp/hard\libc_nano.a(lib_a-init.o)
                0x0000000008008e0c                __libc_init_array
 .text.memset   0x0000000008008e54       0x10 c:/st/stm32cubeide_1.10.1/stm32cubeide/plugins/com.st.stm32cube.ide.mcu.externaltools.gnu-tools-for-stm32.10.3-2021.10.win32_1.0.0.202111181127/tools/bin/../lib/gcc/arm-none-eabi/10.3.1/../../../../arm-none-eabi/lib/thumb/v7e-m+fp/hard\libc_nano.a(lib_a-memset.o)
                0x0000000008008e54                memset
 .text.sprintf  0x0000000008008e64       0x40 c:/st/stm32cubeide_1.10.1/stm32cubeide/plugins/com.st.stm32cube.ide.mcu.externaltools.gnu-tools-for-stm32.10.3-2021.10.win32_1.0.0.202111181127/tools/bin/../lib/gcc/arm-none-eabi/10.3.1/../../../../arm-none-eabi/lib/thumb/v7e-m+fp/hard\libc_nano.a(lib_a-sprintf.o)
                0x0000000008008e64                siprintf
                0x0000000008008e64                sprintf
 .text._strtol_l.constprop.0
                0x0000000008008ea4      0x104 c:/st/stm32cubeide_1.10.1/stm32cubeide/plugins/com.st.stm32cube.ide.mcu.externaltools.gnu-tools-for-stm32.10.3-2021.10.win32_1.0.0.202111181127/tools/bin/../lib/gcc/arm-none-eabi/10.3.1/../../../../arm-none-eabi/lib/thumb/v7e-m+fp/hard\libc_nano.a(lib_a-strtol.o)
 .text.strtol   0x0000000008008fa8       0x14 c:/st/stm32cubeide_1.10.1/stm32cubeide/plugins/com.st.stm32cube.ide.mcu.externaltools.gnu-tools-for-stm32.10.3-2021.10.win32_1.0.0.202111181127/tools/bin/../lib/gcc/arm-none-eabi/10.3.1/../../../../arm-none-eabi/lib/thumb/v7e-m+fp/hard\libc_nano.a(lib_a-strtol.o)
                0x0000000008008fa8                strtol
 .text.__ssputs_r
                0x0000000008008fbc       0xb6 c:/st/stm32cubeide_1.10.1/stm32cubeide/plugins/com.st.stm32cube.ide.mcu.externaltools.gnu-tools-for-stm32.10.3-2021.10.win32_1.0.0.202111181127/tools/bin/../lib/gcc/arm-none-eabi/10.3.1/../../../../arm-none-eabi/lib/thumb/v7e-m+fp/hard\libc_nano.a(lib_a-nano-svfprintf.o)
                0x0000000008008fbc                __ssputs_r
 *fill*         0x0000000008009072        0x2 
 .text._svfprintf_r
                0x0000000008009074      0x200 c:/st/stm32cubeide_1.10.1/stm32cubeide/plugins/com.st.stm32cube.ide.mcu.externaltools.gnu-tools-for-stm32.10.3-2021.10.win32_1.0.0.202111181127/tools/bin/../lib/gcc/arm-none-eabi/10.3.1/../../../../arm-none-eabi/lib/thumb/v7e-m+fp/hard\libc_nano.a(lib_a-nano-svfprintf.o)
                0x0000000008009074                _svfiprintf_r
                0x0000000008009074                _svfprintf_r
 .text._printf_common
                0x0000000008009274       0xda c:/st/stm32cubeide_1.10.1/stm32cubeide/plugins/com.st.stm32cube.ide.mcu.externaltools.gnu-tools-for-stm32.10.3-2021.10.win32_1.0.0.202111181127/tools/bin/../lib/gcc/arm-none-eabi/10.3.1/../../../../arm-none-eabi/lib/thumb/v7e-m+fp/hard\libc_nano.a(lib_a-nano-vfprintf_i.o)
                0x0000000008009274                _printf_common
 *fill*         0x000000000800934e        0x2 
 .text._printf_i
                0x0000000008009350      0x24c c:/st/stm32cubeide_1.10.1/stm32cubeide/plugins/com.st.stm32cube.ide.mcu.externaltools.gnu-tools-for-stm32.10.3-2021.10.win32_1.0.0.202111181127/tools/bin/../lib/gcc/arm-none-eabi/10.3.1/../../../../arm-none-eabi/lib/thumb/v7e-m+fp/hard\libc_nano.a(lib_a-nano-vfprintf_i.o)
                0x0000000008009350                _printf_i
 .text.memcpy   0x000000000800959c       0x1c c:/st/stm32cubeide_1.10.1/stm32cubeide/plugins/com.st.stm32cube.ide.mcu.externaltools.gnu-tools-for-stm32.10.3-2021.10.win32_1.0.0.202111181127/tools/bin/../lib/gcc/arm-none-eabi/10.3.1/../../../../arm-none-eabi/lib/thumb/v7e-m+fp/hard\libc_nano.a(lib_a-memcpy-stub.o)
                0x000000000800959c                memcpy
 .text.memmove  0x00000000080095b8       0x34 c:/st/stm32cubeide_1.10.1/stm32cubeide/plugins/com.st.stm32cube.ide.mcu.externaltools.gnu-tools-for-stm32.10.3-2021.10.win32_1.0.0.202111181127/tools/bin/../lib/gcc/arm-none-eabi/10.3.1/../../../../arm-none-eabi/lib/thumb/v7e-m+fp/hard\libc_nano.a(lib_a-memmove.o)
                0x00000000080095b8                memmove
 .text._free_r  0x00000000080095ec       0x98 c:/st/stm32cubeide_1.10.1/stm32cubeide/plugins/com.st.stm32cube.ide.mcu.externaltools.gnu-tools-for-stm32.10.3-2021.10.win32_1.0.0.202111181127/tools/bin/../lib/gcc/arm-none-eabi/10.3.1/../../../../arm-none-eabi/lib/thumb/v7e-m+fp/hard\libc_nano.a(lib_a-nano-freer.o)
                0x00000000080095ec                _free_r
 .text.sbrk_aligned
                0x0000000008009684       0x40 c:/st/stm32cubeide_1.10.1/stm32cubeide/plugins/com.st.stm32cube.ide.mcu.externaltools.gnu-tools-for-stm32.10.3-2021.10.win32_1.0.0.202111181127/tools/bin/../lib/gcc/arm-none-eabi/10.3.1/../../../../arm-none-eabi/lib/thumb/v7e-m+fp/hard\libc_nano.a(lib_a-nano-mallocr.o)
 .text._malloc_r
                0x00000000080096c4       0xe8 c:/st/stm32cubeide_1.10.1/stm32cubeide/plugins/com.st.stm32cube.ide.mcu.externaltools.gnu-tools-for-stm32.10.3-2021.10.win32_1.0.0.202111181127/tools/bin/../lib/gcc/arm-none-eabi/10.3.1/../../../../arm-none-eabi/lib/thumb/v7e-m+fp/hard\libc_nano.a(lib_a-nano-mallocr.o)
                0x00000000080096c4                _malloc_r
 .text._realloc_r
                0x00000000080097ac       0x5e c:/st/stm32cubeide_1.10.1/stm32cubeide/plugins/com.st.stm32cube.ide.mcu.externaltools.gnu-tools-for-stm32.10.3-2021.10.win32_1.0.0.202111181127/tools/bin/../lib/gcc/arm-none-eabi/10.3.1/../../../../arm-none-eabi/lib/thumb/v7e-m+fp/hard\libc_nano.a(lib_a-nano-reallocr.o)
                0x00000000080097ac                _realloc_r
 *fill*         0x000000000800980a        0x2 
 .text._sbrk_r  0x000000000800980c       0x20 c:/st/stm32cubeide_1.10.1/stm32cubeide/plugins/com.st.stm32cube.ide.mcu.externaltools.gnu-tools-for-stm32.10.3-2021.10.win32_1.0.0.202111181127/tools/bin/../lib/gcc/arm-none-eabi/10.3.1/../../../../arm-none-eabi/lib/thumb/v7e-m+fp/hard\libc_nano.a(lib_a-sbrkr.o)
                0x000000000800980c                _sbrk_r
 .text.__malloc_lock
                0x000000000800982c        0xc c:/st/stm32cubeide_1.10.1/stm32cubeide/plugins/com.st.stm32cube.ide.mcu.externaltools.gnu-tools-for-stm32.10.3-2021.10.win32_1.0.0.202111181127/tools/bin/../lib/gcc/arm-none-eabi/10.3.1/../../../../arm-none-eabi/lib/thumb/v7e-m+fp/hard\libc_nano.a(lib_a-mlock.o)
                0x000000000800982c                __malloc_lock
 .text.__malloc_unlock
                0x0000000008009838        0xc c:/st/stm32cubeide_1.10.1/stm32cubeide/plugins/com.st.stm32cube.ide.mcu.externaltools.gnu-tools-for-stm32.10.3-2021.10.win32_1.0.0.202111181127/tools/bin/../lib/gcc/arm-none-eabi/10.3.1/../../../../arm-none-eabi/lib/thumb/v7e-m+fp/hard\libc_nano.a(lib_a-mlock.o)
                0x0000000008009838                __malloc_unlock
 .text._malloc_usable_size_r
                0x0000000008009844       0x10 c:/st/stm32cubeide_1.10.1/stm32cubeide/plugins/com.st.stm32cube.ide.mcu.externaltools.gnu-tools-for-stm32.10.3-2021.10.win32_1.0.0.202111181127/tools/bin/../lib/gcc/arm-none-eabi/10.3.1/../../../../arm-none-eabi/lib/thumb/v7e-m+fp/hard\libc_nano.a(lib_a-nano-msizer.o)
                0x0000000008009844                _malloc_usable_size_r
 .text.__retarget_lock_acquire_recursive
                0x0000000008009854        0x2 c:/st/stm32cubeide_1.10.1/stm32cubeide/plugins/com.st.stm32cube.ide.mcu.externaltools.gnu-tools-for-stm32.10.3-2021.10.win32_1.0.0.202111181127/tools/bin/../lib/gcc/arm-none-eabi/10.3.1/../../../../arm-none-eabi/lib/thumb/v7e-m+fp/hard\libc_nano.a(lib_a-lock.o)
                0x0000000008009854                __retarget_lock_acquire_recursive
 .text.__retarget_lock_release_recursive
                0x0000000008009856        0x2 c:/st/stm32cubeide_1.10.1/stm32cubeide/plugins/com.st.stm32cube.ide.mcu.externaltools.gnu-tools-for-stm32.10.3-2021.10.win32_1.0.0.202111181127/tools/bin/../lib/gcc/arm-none-eabi/10.3.1/../../../../arm-none-eabi/lib/thumb/v7e-m+fp/hard\libc_nano.a(lib_a-lock.o)
                0x0000000008009856                __retarget_lock_release_recursive
 *(.glue_7)
 .glue_7        0x0000000008009858        0x0 linker stubs
 *(.glue_7t)
 .glue_7t       0x0000000008009858        0x0 linker stubs
 *(.eh_frame)
 .eh_frame      0x0000000008009858        0x0 c:/st/stm32cubeide_1.10.1/stm32cubeide/plugins/com.st.stm32cube.ide.mcu.externaltools.gnu-tools-for-stm32.10.3-2021.10.win32_1.0.0.202111181127/tools/bin/../lib/gcc/arm-none-eabi/10.3.1/thumb/v7e-m+fp/hard/crtbegin.o
 *(.init)
 .init          0x0000000008009858        0x4 c:/st/stm32cubeide_1.10.1/stm32cubeide/plugins/com.st.stm32cube.ide.mcu.externaltools.gnu-tools-for-stm32.10.3-2021.10.win32_1.0.0.202111181127/tools/bin/../lib/gcc/arm-none-eabi/10.3.1/thumb/v7e-m+fp/hard/crti.o
                0x0000000008009858                _init
 .init          0x000000000800985c        0x8 c:/st/stm32cubeide_1.10.1/stm32cubeide/plugins/com.st.stm32cube.ide.mcu.externaltools.gnu-tools-for-stm32.10.3-2021.10.win32_1.0.0.202111181127/tools/bin/../lib/gcc/arm-none-eabi/10.3.1/thumb/v7e-m+fp/hard/crtn.o
 *(.fini)
 .fini          0x0000000008009864        0x4 c:/st/stm32cubeide_1.10.1/stm32cubeide/plugins/com.st.stm32cube.ide.mcu.externaltools.gnu-tools-for-stm32.10.3-2021.10.win32_1.0.0.202111181127/tools/bin/../lib/gcc/arm-none-eabi/10.3.1/thumb/v7e-m+fp/hard/crti.o
                0x0000000008009864                _fini
 .fini          0x0000000008009868        0x8 c:/st/stm32cubeide_1.10.1/stm32cubeide/plugins/com.st.stm32cube.ide.mcu.externaltools.gnu-tools-for-stm32.10.3-2021.10.win32_1.0.0.202111181127/tools/bin/../lib/gcc/arm-none-eabi/10.3.1/thumb/v7e-m+fp/hard/crtn.o
                0x0000000008009870                . = ALIGN (0x4)
                0x0000000008009870                _etext = .

.vfp11_veneer   0x0000000008009870        0x0
 .vfp11_veneer  0x0000000008009870        0x0 linker stubs

.v4_bx          0x0000000008009870        0x0
 .v4_bx         0x0000000008009870        0x0 linker stubs

.iplt           0x0000000008009870        0x0
 .iplt          0x0000000008009870        0x0 c:/st/stm32cubeide_1.10.1/stm32cubeide/plugins/com.st.stm32cube.ide.mcu.externaltools.gnu-tools-for-stm32.10.3-2021.10.win32_1.0.0.202111181127/tools/bin/../lib/gcc/arm-none-eabi/10.3.1/thumb/v7e-m+fp/hard/crtbegin.o

.rodata         0x0000000008009870      0x204
                0x0000000008009870                . = ALIGN (0x4)
 *(.rodata)
 .rodata        0x0000000008009870       0x6e ./Core/Src/main.o
 *fill*         0x00000000080098de        0x2 
 .rodata        0x00000000080098e0       0x46 ./USB_DEVICE/App/usbd_desc.o
 *(.rodata*)
 *fill*         0x0000000008009926        0x2 
 .rodata.AHBPrescTable
                0x0000000008009928       0x10 ./Core/Src/system_stm32f4xx.o
                0x0000000008009928                AHBPrescTable
 .rodata.APBPrescTable
                0x0000000008009938        0x8 ./Core/Src/system_stm32f4xx.o
                0x0000000008009938                APBPrescTable
 .rodata._ctype_
                0x0000000008009940      0x101 c:/st/stm32cubeide_1.10.1/stm32cubeide/plugins/com.st.stm32cube.ide.mcu.externaltools.gnu-tools-for-stm32.10.3-2021.10.win32_1.0.0.202111181127/tools/bin/../lib/gcc/arm-none-eabi/10.3.1/../../../../arm-none-eabi/lib/thumb/v7e-m+fp/hard\libc_nano.a(lib_a-ctype_.o)
                0x0000000008009940                _ctype_
 .rodata._svfprintf_r.str1.1
                0x0000000008009a41       0x11 c:/st/stm32cubeide_1.10.1/stm32cubeide/plugins/com.st.stm32cube.ide.mcu.externaltools.gnu-tools-for-stm32.10.3-2021.10.win32_1.0.0.202111181127/tools/bin/../lib/gcc/arm-none-eabi/10.3.1/../../../../arm-none-eabi/lib/thumb/v7e-m+fp/hard\libc_nano.a(lib_a-nano-svfprintf.o)
 .rodata._printf_i.str1.1
                0x0000000008009a52       0x22 c:/st/stm32cubeide_1.10.1/stm32cubeide/plugins/com.st.stm32cube.ide.mcu.externaltools.gnu-tools-for-stm32.10.3-2021.10.win32_1.0.0.202111181127/tools/bin/../lib/gcc/arm-none-eabi/10.3.1/../../../../arm-none-eabi/lib/thumb/v7e-m+fp/hard\libc_nano.a(lib_a-nano-vfprintf_i.o)
                0x0000000008009a74                . = ALIGN (0x4)

.ARM.extab      0x0000000008009a74        0x0
                0x0000000008009a74                . = ALIGN (0x4)
 *(.ARM.extab* .gnu.linkonce.armextab.*)
                0x0000000008009a74                . = ALIGN (0x4)

.ARM            0x0000000008009a74        0x8
                0x0000000008009a74                . = ALIGN (0x4)
                0x0000000008009a74                __exidx_start = .
 *(.ARM.exidx*)
 .ARM.exidx     0x0000000008009a74        0x8 c:/st/stm32cubeide_1.10.1/stm32cubeide/plugins/com.st.stm32cube.ide.mcu.externaltools.gnu-tools-for-stm32.10.3-2021.10.win32_1.0.0.202111181127/tools/bin/../lib/gcc/arm-none-eabi/10.3.1/thumb/v7e-m+fp/hard\libgcc.a(_udivmoddi4.o)
                0x0000000008009a7c                __exidx_end = .
                0x0000000008009a7c                . = ALIGN (0x4)

.rel.dyn        0x0000000008009a7c        0x0
 .rel.iplt      0x0000000008009a7c        0x0 c:/st/stm32cubeide_1.10.1/stm32cubeide/plugins/com.st.stm32cube.ide.mcu.externaltools.gnu-tools-for-stm32.10.3-2021.10.win32_1.0.0.202111181127/tools/bin/../lib/gcc/arm-none-eabi/10.3.1/thumb/v7e-m+fp/hard/crtbegin.o

.preinit_array  0x0000000008009a7c        0x0
                0x0000000008009a7c                . = ALIGN (0x4)
                0x0000000008009a7c                PROVIDE (__preinit_array_start = .)
 *(.preinit_array*)
                0x0000000008009a7c                PROVIDE (__preinit_array_end = .)
                0x0000000008009a7c                . = ALIGN (0x4)

.init_array     0x0000000008009a7c        0x4
                0x0000000008009a7c                . = ALIGN (0x4)
                0x0000000008009a7c                PROVIDE (__init_array_start = .)
 *(SORT_BY_NAME(.init_array.*))
 *(.init_array*)
 .init_array    0x0000000008009a7c        0x4 c:/st/stm32cubeide_1.10.1/stm32cubeide/plugins/com.st.stm32cube.ide.mcu.externaltools.gnu-tools-for-stm32.10.3-2021.10.win32_1.0.0.202111181127/tools/bin/../lib/gcc/arm-none-eabi/10.3.1/thumb/v7e-m+fp/hard/crtbegin.o
                0x0000000008009a80                PROVIDE (__init_array_end = .)
                0x0000000008009a80                . = ALIGN (0x4)

.fini_array     0x0000000008009a80        0x4
                0x0000000008009a80                . = ALIGN (0x4)
                [!provide]                        PROVIDE (__fini_array_start = .)
 *(SORT_BY_NAME(.fini_array.*))
 *(.fini_array*)
 .fini_array    0x0000000008009a80        0x4 c:/st/stm32cubeide_1.10.1/stm32cubeide/plugins/com.st.stm32cube.ide.mcu.externaltools.gnu-tools-for-stm32.10.3-2021.10.win32_1.0.0.202111181127/tools/bin/../lib/gcc/arm-none-eabi/10.3.1/thumb/v7e-m+fp/hard/crtbegin.o
                [!provide]                        PROVIDE (__fini_array_end = .)
                0x0000000008009a84                . = ALIGN (0x4)
                0x0000000008009a84                _sidata = LOADADDR (.data)

.data           0x0000000020000000      0x420 load address 0x0000000008009a84
                0x0000000020000000                . = ALIGN (0x4)
                0x0000000020000000                _sdata = .
 *(.data)
 *(.data*)
 .data.table_crc_hi
                0x0000000020000000      0x100 ./Core/Src/STM32modbus.o
 .data.table_crc_lo
                0x0000000020000100      0x100 ./Core/Src/STM32modbus.o
 .data.wrMsg    0x0000000020000200        0x8 ./Core/Src/spindle.o
                0x0000000020000200                wrMsg
 .data.rx485    0x0000000020000208       0x32 ./Core/Src/spindle.o
                0x0000000020000208                rx485
 *fill*         0x000000002000023a        0x2 
 .data.SystemCoreClock
                0x000000002000023c        0x4 ./Core/Src/system_stm32f4xx.o
                0x000000002000023c                SystemCoreClock
 .data.uwTickPrio
                0x0000000020000240        0x4 ./Drivers/STM32F4xx_HAL_Driver/Src/stm32f4xx_hal.o
                0x0000000020000240                uwTickPrio
 .data.uwTickFreq
                0x0000000020000244        0x1 ./Drivers/STM32F4xx_HAL_Driver/Src/stm32f4xx_hal.o
                0x0000000020000244                uwTickFreq
 *fill*         0x0000000020000245        0x3 
 .data.USBD_CDC_DeviceQualifierDesc
                0x0000000020000248        0xa ./Middlewares/ST/STM32_USB_Device_Library/Class/CDC/Src/usbd_cdc.o
 *fill*         0x0000000020000252        0x2 
 .data.USBD_CDC
                0x0000000020000254       0x38 ./Middlewares/ST/STM32_USB_Device_Library/Class/CDC/Src/usbd_cdc.o
                0x0000000020000254                USBD_CDC
 .data.USBD_CDC_CfgHSDesc
                0x000000002000028c       0x43 ./Middlewares/ST/STM32_USB_Device_Library/Class/CDC/Src/usbd_cdc.o
 *fill*         0x00000000200002cf        0x1 
 .data.USBD_CDC_CfgFSDesc
                0x00000000200002d0       0x43 ./Middlewares/ST/STM32_USB_Device_Library/Class/CDC/Src/usbd_cdc.o
 *fill*         0x0000000020000313        0x1 
 .data.USBD_CDC_OtherSpeedCfgDesc
                0x0000000020000314       0x43 ./Middlewares/ST/STM32_USB_Device_Library/Class/CDC/Src/usbd_cdc.o
 *fill*         0x0000000020000357        0x1 
 .data.USBD_Interface_fops_FS
                0x0000000020000358       0x14 ./USB_DEVICE/App/usbd_cdc_if.o
                0x0000000020000358                USBD_Interface_fops_FS
 .data.FS_Desc  0x000000002000036c       0x1c ./USB_DEVICE/App/usbd_desc.o
                0x000000002000036c                FS_Desc
 .data.USBD_FS_DeviceDesc
                0x0000000020000388       0x12 ./USB_DEVICE/App/usbd_desc.o
                0x0000000020000388                USBD_FS_DeviceDesc
 *fill*         0x000000002000039a        0x2 
 .data.USBD_LangIDDesc
                0x000000002000039c        0x4 ./USB_DEVICE/App/usbd_desc.o
                0x000000002000039c                USBD_LangIDDesc
 .data.USBD_StringSerial
                0x00000000200003a0       0x1a ./USB_DEVICE/App/usbd_desc.o
                0x00000000200003a0                USBD_StringSerial
 *fill*         0x00000000200003ba        0x2 
 .data._impure_ptr
                0x00000000200003bc        0x4 c:/st/stm32cubeide_1.10.1/stm32cubeide/plugins/com.st.stm32cube.ide.mcu.externaltools.gnu-tools-for-stm32.10.3-2021.10.win32_1.0.0.202111181127/tools/bin/../lib/gcc/arm-none-eabi/10.3.1/../../../../arm-none-eabi/lib/thumb/v7e-m+fp/hard\libc_nano.a(lib_a-impure.o)
                0x00000000200003bc                _impure_ptr
 .data.impure_data
                0x00000000200003c0       0x60 c:/st/stm32cubeide_1.10.1/stm32cubeide/plugins/com.st.stm32cube.ide.mcu.externaltools.gnu-tools-for-stm32.10.3-2021.10.win32_1.0.0.202111181127/tools/bin/../lib/gcc/arm-none-eabi/10.3.1/../../../../arm-none-eabi/lib/thumb/v7e-m+fp/hard\libc_nano.a(lib_a-impure.o)
 *(.RamFunc)
 *(.RamFunc*)
                0x0000000020000420                . = ALIGN (0x4)
                0x0000000020000420                _edata = .

.igot.plt       0x0000000020000420        0x0 load address 0x0000000008009ea4
 .igot.plt      0x0000000020000420        0x0 c:/st/stm32cubeide_1.10.1/stm32cubeide/plugins/com.st.stm32cube.ide.mcu.externaltools.gnu-tools-for-stm32.10.3-2021.10.win32_1.0.0.202111181127/tools/bin/../lib/gcc/arm-none-eabi/10.3.1/thumb/v7e-m+fp/hard/crtbegin.o
                0x0000000020000420                . = ALIGN (0x4)

.bss            0x0000000020000420     0x1c90 load address 0x0000000008009ea4
                0x0000000020000420                _sbss = .
                0x0000000020000420                __bss_start__ = _sbss
 *(.bss)
 .bss           0x0000000020000420       0x1c c:/st/stm32cubeide_1.10.1/stm32cubeide/plugins/com.st.stm32cube.ide.mcu.externaltools.gnu-tools-for-stm32.10.3-2021.10.win32_1.0.0.202111181127/tools/bin/../lib/gcc/arm-none-eabi/10.3.1/thumb/v7e-m+fp/hard/crtbegin.o
 *(.bss*)
 .bss.modbusCRC
                0x000000002000043c        0x2 ./Core/Src/STM32modbus.o
 *fill*         0x000000002000043e        0x2 
 .bss.hadc2     0x0000000020000440       0x48 ./Core/Src/main.o
                0x0000000020000440                hadc2
 .bss.hadc3     0x0000000020000488       0x48 ./Core/Src/main.o
                0x0000000020000488                hadc3
 .bss.hcan2     0x00000000200004d0       0x28 ./Core/Src/main.o
                0x00000000200004d0                hcan2
 .bss.hspi1     0x00000000200004f8       0x58 ./Core/Src/main.o
                0x00000000200004f8                hspi1
 .bss.huart3    0x0000000020000550       0x44 ./Core/Src/main.o
                0x0000000020000550                huart3
 .bss.altRPM    0x0000000020000594        0x2 ./Core/Src/spindle.o
                0x0000000020000594                altRPM
 .bss.altI      0x0000000020000596        0x2 ./Core/Src/spindle.o
                0x0000000020000596                altI
 .bss.packetCRC
                0x0000000020000598        0x2 ./Core/Src/spindle.o
                0x0000000020000598                packetCRC
 .bss.rxCRC     0x000000002000059a        0x2 ./Core/Src/spindle.o
                0x000000002000059a                rxCRC
 .bss.__sbrk_heap_end
                0x000000002000059c        0x4 ./Core/Src/sysmem.o
 .bss.uwTick    0x00000000200005a0        0x4 ./Drivers/STM32F4xx_HAL_Driver/Src/stm32f4xx_hal.o
                0x00000000200005a0                uwTick
 .bss.cfgidx.0  0x00000000200005a4        0x1 ./Middlewares/ST/STM32_USB_Device_Library/Core/Src/usbd_ctlreq.o
 *fill*         0x00000000200005a5        0x3 
 .bss.hUsbDeviceFS
                0x00000000200005a8      0x2d0 ./USB_DEVICE/App/usb_device.o
                0x00000000200005a8                hUsbDeviceFS
 .bss.UserRxBufferFS
                0x0000000020000878      0x800 ./USB_DEVICE/App/usbd_cdc_if.o
                0x0000000020000878                UserRxBufferFS
 .bss.UserTxBufferFS
                0x0000000020001078      0x800 ./USB_DEVICE/App/usbd_cdc_if.o
                0x0000000020001078                UserTxBufferFS
 .bss.USBD_StrDesc
                0x0000000020001878      0x200 ./USB_DEVICE/App/usbd_desc.o
                0x0000000020001878                USBD_StrDesc
 .bss.hpcd_USB_OTG_FS
                0x0000000020001a78      0x408 ./USB_DEVICE/Target/usbd_conf.o
                0x0000000020001a78                hpcd_USB_OTG_FS
 .bss.mem.0     0x0000000020001e80      0x220 ./USB_DEVICE/Target/usbd_conf.o
 .bss.__malloc_free_list
                0x00000000200020a0        0x4 c:/st/stm32cubeide_1.10.1/stm32cubeide/plugins/com.st.stm32cube.ide.mcu.externaltools.gnu-tools-for-stm32.10.3-2021.10.win32_1.0.0.202111181127/tools/bin/../lib/gcc/arm-none-eabi/10.3.1/../../../../arm-none-eabi/lib/thumb/v7e-m+fp/hard\libc_nano.a(lib_a-nano-mallocr.o)
                0x00000000200020a0                __malloc_free_list
 .bss.__malloc_sbrk_start
                0x00000000200020a4        0x4 c:/st/stm32cubeide_1.10.1/stm32cubeide/plugins/com.st.stm32cube.ide.mcu.externaltools.gnu-tools-for-stm32.10.3-2021.10.win32_1.0.0.202111181127/tools/bin/../lib/gcc/arm-none-eabi/10.3.1/../../../../arm-none-eabi/lib/thumb/v7e-m+fp/hard\libc_nano.a(lib_a-nano-mallocr.o)
                0x00000000200020a4                __malloc_sbrk_start
 .bss.errno     0x00000000200020a8        0x4 c:/st/stm32cubeide_1.10.1/stm32cubeide/plugins/com.st.stm32cube.ide.mcu.externaltools.gnu-tools-for-stm32.10.3-2021.10.win32_1.0.0.202111181127/tools/bin/../lib/gcc/arm-none-eabi/10.3.1/../../../../arm-none-eabi/lib/thumb/v7e-m+fp/hard\libc_nano.a(lib_a-reent.o)
                0x00000000200020a8                errno
 .bss.__lock___malloc_recursive_mutex
                0x00000000200020ac        0x1 c:/st/stm32cubeide_1.10.1/stm32cubeide/plugins/com.st.stm32cube.ide.mcu.externaltools.gnu-tools-for-stm32.10.3-2021.10.win32_1.0.0.202111181127/tools/bin/../lib/gcc/arm-none-eabi/10.3.1/../../../../arm-none-eabi/lib/thumb/v7e-m+fp/hard\libc_nano.a(lib_a-lock.o)
                0x00000000200020ac                __lock___malloc_recursive_mutex
 *(COMMON)
                0x00000000200020b0                . = ALIGN (0x4)
 *fill*         0x00000000200020ad        0x3 
                0x00000000200020b0                _ebss = .
                0x00000000200020b0                __bss_end__ = _ebss

._user_heap_stack
                0x00000000200020b0      0x600 load address 0x0000000008009ea4
                0x00000000200020b0                . = ALIGN (0x8)
                [!provide]                        PROVIDE (end = .)
                0x00000000200020b0                PROVIDE (_end = .)
                0x00000000200022b0                . = (. + _Min_Heap_Size)
 *fill*         0x00000000200020b0      0x200 
                0x00000000200026b0                . = (. + _Min_Stack_Size)
 *fill*         0x00000000200022b0      0x400 
                0x00000000200026b0                . = ALIGN (0x8)

/DISCARD/
 libc.a(*)
 libm.a(*)
 libgcc.a(*)

.ARM.attributes
                0x0000000000000000       0x30
 *(.ARM.attributes)
 .ARM.attributes
                0x0000000000000000       0x1e c:/st/stm32cubeide_1.10.1/stm32cubeide/plugins/com.st.stm32cube.ide.mcu.externaltools.gnu-tools-for-stm32.10.3-2021.10.win32_1.0.0.202111181127/tools/bin/../lib/gcc/arm-none-eabi/10.3.1/thumb/v7e-m+fp/hard/crti.o
 .ARM.attributes
                0x000000000000001e       0x34 c:/st/stm32cubeide_1.10.1/stm32cubeide/plugins/com.st.stm32cube.ide.mcu.externaltools.gnu-tools-for-stm32.10.3-2021.10.win32_1.0.0.202111181127/tools/bin/../lib/gcc/arm-none-eabi/10.3.1/thumb/v7e-m+fp/hard/crtbegin.o
 .ARM.attributes
                0x0000000000000052       0x34 ./Core/Src/H100Spindle.o
 .ARM.attributes
                0x0000000000000086       0x34 ./Core/Src/STM32modbus.o
 .ARM.attributes
                0x00000000000000ba       0x34 ./Core/Src/headBoardCrtl.o
 .ARM.attributes
                0x00000000000000ee       0x34 ./Core/Src/main.o
 .ARM.attributes
                0x0000000000000122       0x34 ./Core/Src/spindle.o
 .ARM.attributes
                0x0000000000000156       0x34 ./Core/Src/stm32f4xx_hal_msp.o
 .ARM.attributes
                0x000000000000018a       0x34 ./Core/Src/stm32f4xx_it.o
 .ARM.attributes
                0x00000000000001be       0x34 ./Core/Src/sysmem.o
 .ARM.attributes
                0x00000000000001f2       0x34 ./Core/Src/system_stm32f4xx.o
 .ARM.attributes
                0x0000000000000226       0x21 ./Core/Startup/startup_stm32f407vetx.o
 .ARM.attributes
                0x0000000000000247       0x34 ./Drivers/STM32F4xx_HAL_Driver/Src/stm32f4xx_hal.o
 .ARM.attributes
                0x000000000000027b       0x34 ./Drivers/STM32F4xx_HAL_Driver/Src/stm32f4xx_hal_adc.o
 .ARM.attributes
                0x00000000000002af       0x34 ./Drivers/STM32F4xx_HAL_Driver/Src/stm32f4xx_hal_can.o
 .ARM.attributes
                0x00000000000002e3       0x34 ./Drivers/STM32F4xx_HAL_Driver/Src/stm32f4xx_hal_cortex.o
 .ARM.attributes
                0x0000000000000317       0x34 ./Drivers/STM32F4xx_HAL_Driver/Src/stm32f4xx_hal_gpio.o
 .ARM.attributes
                0x000000000000034b       0x34 ./Drivers/STM32F4xx_HAL_Driver/Src/stm32f4xx_hal_pcd.o
 .ARM.attributes
                0x000000000000037f       0x34 ./Drivers/STM32F4xx_HAL_Driver/Src/stm32f4xx_hal_pcd_ex.o
 .ARM.attributes
                0x00000000000003b3       0x34 ./Drivers/STM32F4xx_HAL_Driver/Src/stm32f4xx_hal_rcc.o
 .ARM.attributes
                0x00000000000003e7       0x34 ./Drivers/STM32F4xx_HAL_Driver/Src/stm32f4xx_hal_spi.o
 .ARM.attributes
                0x000000000000041b       0x34 ./Drivers/STM32F4xx_HAL_Driver/Src/stm32f4xx_hal_uart.o
 .ARM.attributes
                0x000000000000044f       0x34 ./Drivers/STM32F4xx_HAL_Driver/Src/stm32f4xx_ll_usb.o
 .ARM.attributes
                0x0000000000000483       0x34 ./Middlewares/ST/STM32_USB_Device_Library/Class/CDC/Src/usbd_cdc.o
 .ARM.attributes
                0x00000000000004b7       0x34 ./Middlewares/ST/STM32_USB_Device_Library/Core/Src/usbd_core.o
 .ARM.attributes
                0x00000000000004eb       0x34 ./Middlewares/ST/STM32_USB_Device_Library/Core/Src/usbd_ctlreq.o
 .ARM.attributes
                0x000000000000051f       0x34 ./Middlewares/ST/STM32_USB_Device_Library/Core/Src/usbd_ioreq.o
 .ARM.attributes
                0x0000000000000553       0x34 ./USB_DEVICE/App/usb_device.o
 .ARM.attributes
                0x0000000000000587       0x34 ./USB_DEVICE/App/usbd_cdc_if.o
 .ARM.attributes
                0x00000000000005bb       0x34 ./USB_DEVICE/App/usbd_desc.o
 .ARM.attributes
                0x00000000000005ef       0x34 ./USB_DEVICE/Target/usbd_conf.o
 .ARM.attributes
                0x0000000000000623       0x34 c:/st/stm32cubeide_1.10.1/stm32cubeide/plugins/com.st.stm32cube.ide.mcu.externaltools.gnu-tools-for-stm32.10.3-2021.10.win32_1.0.0.202111181127/tools/bin/../lib/gcc/arm-none-eabi/10.3.1/../../../../arm-none-eabi/lib/thumb/v7e-m+fp/hard\libc_nano.a(lib_a-atoi.o)
 .ARM.attributes
                0x0000000000000657       0x34 c:/st/stm32cubeide_1.10.1/stm32cubeide/plugins/com.st.stm32cube.ide.mcu.externaltools.gnu-tools-for-stm32.10.3-2021.10.win32_1.0.0.202111181127/tools/bin/../lib/gcc/arm-none-eabi/10.3.1/../../../../arm-none-eabi/lib/thumb/v7e-m+fp/hard\libc_nano.a(lib_a-errno.o)
 .ARM.attributes
                0x000000000000068b       0x34 c:/st/stm32cubeide_1.10.1/stm32cubeide/plugins/com.st.stm32cube.ide.mcu.externaltools.gnu-tools-for-stm32.10.3-2021.10.win32_1.0.0.202111181127/tools/bin/../lib/gcc/arm-none-eabi/10.3.1/../../../../arm-none-eabi/lib/thumb/v7e-m+fp/hard\libc_nano.a(lib_a-impure.o)
 .ARM.attributes
                0x00000000000006bf       0x34 c:/st/stm32cubeide_1.10.1/stm32cubeide/plugins/com.st.stm32cube.ide.mcu.externaltools.gnu-tools-for-stm32.10.3-2021.10.win32_1.0.0.202111181127/tools/bin/../lib/gcc/arm-none-eabi/10.3.1/../../../../arm-none-eabi/lib/thumb/v7e-m+fp/hard\libc_nano.a(lib_a-init.o)
 .ARM.attributes
                0x00000000000006f3       0x34 c:/st/stm32cubeide_1.10.1/stm32cubeide/plugins/com.st.stm32cube.ide.mcu.externaltools.gnu-tools-for-stm32.10.3-2021.10.win32_1.0.0.202111181127/tools/bin/../lib/gcc/arm-none-eabi/10.3.1/../../../../arm-none-eabi/lib/thumb/v7e-m+fp/hard\libc_nano.a(lib_a-memset.o)
 .ARM.attributes
                0x0000000000000727       0x34 c:/st/stm32cubeide_1.10.1/stm32cubeide/plugins/com.st.stm32cube.ide.mcu.externaltools.gnu-tools-for-stm32.10.3-2021.10.win32_1.0.0.202111181127/tools/bin/../lib/gcc/arm-none-eabi/10.3.1/../../../../arm-none-eabi/lib/thumb/v7e-m+fp/hard\libc_nano.a(lib_a-sprintf.o)
 .ARM.attributes
                0x000000000000075b       0x34 c:/st/stm32cubeide_1.10.1/stm32cubeide/plugins/com.st.stm32cube.ide.mcu.externaltools.gnu-tools-for-stm32.10.3-2021.10.win32_1.0.0.202111181127/tools/bin/../lib/gcc/arm-none-eabi/10.3.1/../../../../arm-none-eabi/lib/thumb/v7e-m+fp/hard\libc_nano.a(lib_a-strtol.o)
 .ARM.attributes
                0x000000000000078f       0x34 c:/st/stm32cubeide_1.10.1/stm32cubeide/plugins/com.st.stm32cube.ide.mcu.externaltools.gnu-tools-for-stm32.10.3-2021.10.win32_1.0.0.202111181127/tools/bin/../lib/gcc/arm-none-eabi/10.3.1/../../../../arm-none-eabi/lib/thumb/v7e-m+fp/hard\libc_nano.a(lib_a-ctype_.o)
 .ARM.attributes
                0x00000000000007c3       0x34 c:/st/stm32cubeide_1.10.1/stm32cubeide/plugins/com.st.stm32cube.ide.mcu.externaltools.gnu-tools-for-stm32.10.3-2021.10.win32_1.0.0.202111181127/tools/bin/../lib/gcc/arm-none-eabi/10.3.1/../../../../arm-none-eabi/lib/thumb/v7e-m+fp/hard\libc_nano.a(lib_a-nano-svfprintf.o)
 .ARM.attributes
                0x00000000000007f7       0x34 c:/st/stm32cubeide_1.10.1/stm32cubeide/plugins/com.st.stm32cube.ide.mcu.externaltools.gnu-tools-for-stm32.10.3-2021.10.win32_1.0.0.202111181127/tools/bin/../lib/gcc/arm-none-eabi/10.3.1/../../../../arm-none-eabi/lib/thumb/v7e-m+fp/hard\libc_nano.a(lib_a-nano-vfprintf_i.o)
 .ARM.attributes
                0x000000000000082b       0x1c c:/st/stm32cubeide_1.10.1/stm32cubeide/plugins/com.st.stm32cube.ide.mcu.externaltools.gnu-tools-for-stm32.10.3-2021.10.win32_1.0.0.202111181127/tools/bin/../lib/gcc/arm-none-eabi/10.3.1/../../../../arm-none-eabi/lib/thumb/v7e-m+fp/hard\libc_nano.a(lib_a-memchr.o)
 .ARM.attributes
                0x0000000000000847       0x34 c:/st/stm32cubeide_1.10.1/stm32cubeide/plugins/com.st.stm32cube.ide.mcu.externaltools.gnu-tools-for-stm32.10.3-2021.10.win32_1.0.0.202111181127/tools/bin/../lib/gcc/arm-none-eabi/10.3.1/../../../../arm-none-eabi/lib/thumb/v7e-m+fp/hard\libc_nano.a(lib_a-memcpy-stub.o)
 .ARM.attributes
                0x000000000000087b       0x34 c:/st/stm32cubeide_1.10.1/stm32cubeide/plugins/com.st.stm32cube.ide.mcu.externaltools.gnu-tools-for-stm32.10.3-2021.10.win32_1.0.0.202111181127/tools/bin/../lib/gcc/arm-none-eabi/10.3.1/../../../../arm-none-eabi/lib/thumb/v7e-m+fp/hard\libc_nano.a(lib_a-memmove.o)
 .ARM.attributes
                0x00000000000008af       0x34 c:/st/stm32cubeide_1.10.1/stm32cubeide/plugins/com.st.stm32cube.ide.mcu.externaltools.gnu-tools-for-stm32.10.3-2021.10.win32_1.0.0.202111181127/tools/bin/../lib/gcc/arm-none-eabi/10.3.1/../../../../arm-none-eabi/lib/thumb/v7e-m+fp/hard\libc_nano.a(lib_a-nano-freer.o)
 .ARM.attributes
                0x00000000000008e3       0x34 c:/st/stm32cubeide_1.10.1/stm32cubeide/plugins/com.st.stm32cube.ide.mcu.externaltools.gnu-tools-for-stm32.10.3-2021.10.win32_1.0.0.202111181127/tools/bin/../lib/gcc/arm-none-eabi/10.3.1/../../../../arm-none-eabi/lib/thumb/v7e-m+fp/hard\libc_nano.a(lib_a-nano-mallocr.o)
 .ARM.attributes
                0x0000000000000917       0x34 c:/st/stm32cubeide_1.10.1/stm32cubeide/plugins/com.st.stm32cube.ide.mcu.externaltools.gnu-tools-for-stm32.10.3-2021.10.win32_1.0.0.202111181127/tools/bin/../lib/gcc/arm-none-eabi/10.3.1/../../../../arm-none-eabi/lib/thumb/v7e-m+fp/hard\libc_nano.a(lib_a-nano-reallocr.o)
 .ARM.attributes
                0x000000000000094b       0x34 c:/st/stm32cubeide_1.10.1/stm32cubeide/plugins/com.st.stm32cube.ide.mcu.externaltools.gnu-tools-for-stm32.10.3-2021.10.win32_1.0.0.202111181127/tools/bin/../lib/gcc/arm-none-eabi/10.3.1/../../../../arm-none-eabi/lib/thumb/v7e-m+fp/hard\libc_nano.a(lib_a-sbrkr.o)
 .ARM.attributes
                0x000000000000097f       0x34 c:/st/stm32cubeide_1.10.1/stm32cubeide/plugins/com.st.stm32cube.ide.mcu.externaltools.gnu-tools-for-stm32.10.3-2021.10.win32_1.0.0.202111181127/tools/bin/../lib/gcc/arm-none-eabi/10.3.1/../../../../arm-none-eabi/lib/thumb/v7e-m+fp/hard\libc_nano.a(lib_a-mlock.o)
 .ARM.attributes
                0x00000000000009b3       0x34 c:/st/stm32cubeide_1.10.1/stm32cubeide/plugins/com.st.stm32cube.ide.mcu.externaltools.gnu-tools-for-stm32.10.3-2021.10.win32_1.0.0.202111181127/tools/bin/../lib/gcc/arm-none-eabi/10.3.1/../../../../arm-none-eabi/lib/thumb/v7e-m+fp/hard\libc_nano.a(lib_a-nano-msizer.o)
 .ARM.attributes
                0x00000000000009e7       0x34 c:/st/stm32cubeide_1.10.1/stm32cubeide/plugins/com.st.stm32cube.ide.mcu.externaltools.gnu-tools-for-stm32.10.3-2021.10.win32_1.0.0.202111181127/tools/bin/../lib/gcc/arm-none-eabi/10.3.1/../../../../arm-none-eabi/lib/thumb/v7e-m+fp/hard\libc_nano.a(lib_a-reent.o)
 .ARM.attributes
                0x0000000000000a1b       0x34 c:/st/stm32cubeide_1.10.1/stm32cubeide/plugins/com.st.stm32cube.ide.mcu.externaltools.gnu-tools-for-stm32.10.3-2021.10.win32_1.0.0.202111181127/tools/bin/../lib/gcc/arm-none-eabi/10.3.1/../../../../arm-none-eabi/lib/thumb/v7e-m+fp/hard\libc_nano.a(lib_a-lock.o)
 .ARM.attributes
                0x0000000000000a4f       0x1e c:/st/stm32cubeide_1.10.1/stm32cubeide/plugins/com.st.stm32cube.ide.mcu.externaltools.gnu-tools-for-stm32.10.3-2021.10.win32_1.0.0.202111181127/tools/bin/../lib/gcc/arm-none-eabi/10.3.1/thumb/v7e-m+fp/hard\libgcc.a(_arm_addsubdf3.o)
 .ARM.attributes
                0x0000000000000a6d       0x1e c:/st/stm32cubeide_1.10.1/stm32cubeide/plugins/com.st.stm32cube.ide.mcu.externaltools.gnu-tools-for-stm32.10.3-2021.10.win32_1.0.0.202111181127/tools/bin/../lib/gcc/arm-none-eabi/10.3.1/thumb/v7e-m+fp/hard\libgcc.a(_arm_muldivdf3.o)
 .ARM.attributes
                0x0000000000000a8b       0x1e c:/st/stm32cubeide_1.10.1/stm32cubeide/plugins/com.st.stm32cube.ide.mcu.externaltools.gnu-tools-for-stm32.10.3-2021.10.win32_1.0.0.202111181127/tools/bin/../lib/gcc/arm-none-eabi/10.3.1/thumb/v7e-m+fp/hard\libgcc.a(_arm_truncdfsf2.o)
 .ARM.attributes
                0x0000000000000aa9       0x1e c:/st/stm32cubeide_1.10.1/stm32cubeide/plugins/com.st.stm32cube.ide.mcu.externaltools.gnu-tools-for-stm32.10.3-2021.10.win32_1.0.0.202111181127/tools/bin/../lib/gcc/arm-none-eabi/10.3.1/thumb/v7e-m+fp/hard\libgcc.a(_aeabi_uldivmod.o)
 .ARM.attributes