Archive member included to satisfy reference by file (symbol)

c:/st/stm32cubeide_1.6.0/stm32cubeide/plugins/com.st.stm32cube.ide.mcu.externaltools.gnu-tools-for-stm32.9-2020-q2-update.win32_1.5.0.202011040924/tools/bin/../lib/gcc/arm-none-eabi/9.3.1/../../../../arm-none-eabi/lib/thumb/v7e-m+fp/hard\libc_nano.a(lib_a-errno.o)
                              Core/Src/syscalls.o (__errno)
c:/st/stm32cubeide_1.6.0/stm32cubeide/plugins/com.st.stm32cube.ide.mcu.externaltools.gnu-tools-for-stm32.9-2020-q2-update.win32_1.5.0.202011040924/tools/bin/../lib/gcc/arm-none-eabi/9.3.1/../../../../arm-none-eabi/lib/thumb/v7e-m+fp/hard\libc_nano.a(lib_a-exit.o)
                              c:/st/stm32cubeide_1.6.0/stm32cubeide/plugins/com.st.stm32cube.ide.mcu.externaltools.gnu-tools-for-stm32.9-2020-q2-update.win32_1.5.0.202011040924/tools/bin/../lib/gcc/arm-none-eabi/9.3.1/../../../../arm-none-eabi/lib/thumb/v7e-m+fp/hard/crt0.o (exit)
c:/st/stm32cubeide_1.6.0/stm32cubeide/plugins/com.st.stm32cube.ide.mcu.externaltools.gnu-tools-for-stm32.9-2020-q2-update.win32_1.5.0.202011040924/tools/bin/../lib/gcc/arm-none-eabi/9.3.1/../../../../arm-none-eabi/lib/thumb/v7e-m+fp/hard\libc_nano.a(lib_a-impure.o)
                              c:/st/stm32cubeide_1.6.0/stm32cubeide/plugins/com.st.stm32cube.ide.mcu.externaltools.gnu-tools-for-stm32.9-2020-q2-update.win32_1.5.0.202011040924/tools/bin/../lib/gcc/arm-none-eabi/9.3.1/../../../../arm-none-eabi/lib/thumb/v7e-m+fp/hard\libc_nano.a(lib_a-exit.o) (_global_impure_ptr)
c:/st/stm32cubeide_1.6.0/stm32cubeide/plugins/com.st.stm32cube.ide.mcu.externaltools.gnu-tools-for-stm32.9-2020-q2-update.win32_1.5.0.202011040924/tools/bin/../lib/gcc/arm-none-eabi/9.3.1/../../../../arm-none-eabi/lib/thumb/v7e-m+fp/hard\libc_nano.a(lib_a-init.o)
                              c:/st/stm32cubeide_1.6.0/stm32cubeide/plugins/com.st.stm32cube.ide.mcu.externaltools.gnu-tools-for-stm32.9-2020-q2-update.win32_1.5.0.202011040924/tools/bin/../lib/gcc/arm-none-eabi/9.3.1/../../../../arm-none-eabi/lib/thumb/v7e-m+fp/hard/crt0.o (__libc_init_array)
c:/st/stm32cubeide_1.6.0/stm32cubeide/plugins/com.st.stm32cube.ide.mcu.externaltools.gnu-tools-for-stm32.9-2020-q2-update.win32_1.5.0.202011040924/tools/bin/../lib/gcc/arm-none-eabi/9.3.1/../../../../arm-none-eabi/lib/thumb/v7e-m+fp/hard\libc_nano.a(lib_a-memset.o)
                              c:/st/stm32cubeide_1.6.0/stm32cubeide/plugins/com.st.stm32cube.ide.mcu.externaltools.gnu-tools-for-stm32.9-2020-q2-update.win32_1.5.0.202011040924/tools/bin/../lib/gcc/arm-none-eabi/9.3.1/../../../../arm-none-eabi/lib/thumb/v7e-m+fp/hard/crt0.o (memset)
c:/st/stm32cubeide_1.6.0/stm32cubeide/plugins/com.st.stm32cube.ide.mcu.externaltools.gnu-tools-for-stm32.9-2020-q2-update.win32_1.5.0.202011040924/tools/bin/../lib/gcc/arm-none-eabi/9.3.1/thumb/v7e-m+fp/hard\libgcc.a(_aeabi_uldivmod.o)
                              Drivers/STM32F4xx_HAL_Driver/Src/stm32f4xx_hal_rcc.o (__aeabi_uldivmod)
c:/st/stm32cubeide_1.6.0/stm32cubeide/plugins/com.st.stm32cube.ide.mcu.externaltools.gnu-tools-for-stm32.9-2020-q2-update.win32_1.5.0.202011040924/tools/bin/../lib/gcc/arm-none-eabi/9.3.1/thumb/v7e-m+fp/hard\libgcc.a(_udivmoddi4.o)
                              c:/st/stm32cubeide_1.6.0/stm32cubeide/plugins/com.st.stm32cube.ide.mcu.externaltools.gnu-tools-for-stm32.9-2020-q2-update.win32_1.5.0.202011040924/tools/bin/../lib/gcc/arm-none-eabi/9.3.1/thumb/v7e-m+fp/hard\libgcc.a(_aeabi_uldivmod.o) (__udivmoddi4)
c:/st/stm32cubeide_1.6.0/stm32cubeide/plugins/com.st.stm32cube.ide.mcu.externaltools.gnu-tools-for-stm32.9-2020-q2-update.win32_1.5.0.202011040924/tools/bin/../lib/gcc/arm-none-eabi/9.3.1/thumb/v7e-m+fp/hard\libgcc.a(_dvmd_tls.o)
                              c:/st/stm32cubeide_1.6.0/stm32cubeide/plugins/com.st.stm32cube.ide.mcu.externaltools.gnu-tools-for-stm32.9-2020-q2-update.win32_1.5.0.202011040924/tools/bin/../lib/gcc/arm-none-eabi/9.3.1/thumb/v7e-m+fp/hard\libgcc.a(_aeabi_uldivmod.o) (__aeabi_ldiv0)

Allocating common symbols
Common symbol       size              file

hUsbDeviceFS        0x2d0             USB_DEVICE/App/usb_device.o
huart3              0x44              Core/Src/main.o
hadc2               0x48              Core/Src/main.o
hpcd_USB_OTG_FS     0x408             USB_DEVICE/Target/usbd_conf.o
uwTick              0x4               Drivers/STM32F4xx_HAL_Driver/Src/stm32f4xx_hal.o
pFlash              0x20              Drivers/STM32F4xx_HAL_Driver/Src/stm32f4xx_hal_flash.o
UserRxBufferFS      0x800             USB_DEVICE/App/usbd_cdc_if.o
hcan2               0x28              Core/Src/main.o
hadc3               0x48              Core/Src/main.o
UserTxBufferFS      0x800             USB_DEVICE/App/usbd_cdc_if.o
hspi1               0x58              Core/Src/main.o
USBD_StrDesc        0x200             USB_DEVICE/App/usbd_desc.o

Discarded input sections

[...]
Memory Configuration

Name             Origin             Length             Attributes
CCMRAM           0x0000000010000000 0x0000000000010000 xrw
RAM              0x0000000020000000 0x0000000000020000 xrw
FLASH            0x0000000008000000 0x0000000000080000 xr
*default*        0x0000000000000000 0xffffffffffffffff

Linker script and memory map

LOAD c:/st/stm32cubeide_1.6.0/stm32cubeide/plugins/com.st.stm32cube.ide.mcu.externaltools.gnu-tools-for-stm32.9-2020-q2-update.win32_1.5.0.202011040924/tools/bin/../lib/gcc/arm-none-eabi/9.3.1/thumb/v7e-m+fp/hard/crti.o
LOAD c:/st/stm32cubeide_1.6.0/stm32cubeide/plugins/com.st.stm32cube.ide.mcu.externaltools.gnu-tools-for-stm32.9-2020-q2-update.win32_1.5.0.202011040924/tools/bin/../lib/gcc/arm-none-eabi/9.3.1/thumb/v7e-m+fp/hard/crtbegin.o
LOAD c:/st/stm32cubeide_1.6.0/stm32cubeide/plugins/com.st.stm32cube.ide.mcu.externaltools.gnu-tools-for-stm32.9-2020-q2-update.win32_1.5.0.202011040924/tools/bin/../lib/gcc/arm-none-eabi/9.3.1/../../../../arm-none-eabi/lib/thumb/v7e-m+fp/hard/crt0.o
LOAD Core/Src/main.o
LOAD Core/Src/stm32f4xx_hal_msp.o
LOAD Core/Src/stm32f4xx_it.o
LOAD Core/Src/syscalls.o
LOAD Core/Src/sysmem.o
LOAD Core/Src/system_stm32f4xx.o
LOAD Core/Startup/startup_stm32f407vetx.o
LOAD Drivers/STM32F4xx_HAL_Driver/Src/stm32f4xx_hal.o
LOAD Drivers/STM32F4xx_HAL_Driver/Src/stm32f4xx_hal_adc.o
LOAD Drivers/STM32F4xx_HAL_Driver/Src/stm32f4xx_hal_adc_ex.o
LOAD Drivers/STM32F4xx_HAL_Driver/Src/stm32f4xx_hal_can.o
LOAD Drivers/STM32F4xx_HAL_Driver/Src/stm32f4xx_hal_cortex.o
LOAD Drivers/STM32F4xx_HAL_Driver/Src/stm32f4xx_hal_dma.o
LOAD Drivers/STM32F4xx_HAL_Driver/Src/stm32f4xx_hal_dma_ex.o
LOAD Drivers/STM32F4xx_HAL_Driver/Src/stm32f4xx_hal_exti.o
LOAD Drivers/STM32F4xx_HAL_Driver/Src/stm32f4xx_hal_flash.o
LOAD Drivers/STM32F4xx_HAL_Driver/Src/stm32f4xx_hal_flash_ex.o
LOAD Drivers/STM32F4xx_HAL_Driver/Src/stm32f4xx_hal_flash_ramfunc.o
LOAD Drivers/STM32F4xx_HAL_Driver/Src/stm32f4xx_hal_gpio.o
LOAD Drivers/STM32F4xx_HAL_Driver/Src/stm32f4xx_hal_pcd.o
LOAD Drivers/STM32F4xx_HAL_Driver/Src/stm32f4xx_hal_pcd_ex.o
LOAD Drivers/STM32F4xx_HAL_Driver/Src/stm32f4xx_hal_pwr.o
LOAD Drivers/STM32F4xx_HAL_Driver/Src/stm32f4xx_hal_pwr_ex.o
LOAD Drivers/STM32F4xx_HAL_Driver/Src/stm32f4xx_hal_rcc.o
LOAD Drivers/STM32F4xx_HAL_Driver/Src/stm32f4xx_hal_rcc_ex.o
LOAD Drivers/STM32F4xx_HAL_Driver/Src/stm32f4xx_hal_spi.o
LOAD Drivers/STM32F4xx_HAL_Driver/Src/stm32f4xx_hal_tim.o
LOAD Drivers/STM32F4xx_HAL_Driver/Src/stm32f4xx_hal_tim_ex.o
LOAD Drivers/STM32F4xx_HAL_Driver/Src/stm32f4xx_hal_uart.o
LOAD Drivers/STM32F4xx_HAL_Driver/Src/stm32f4xx_ll_adc.o
LOAD Drivers/STM32F4xx_HAL_Driver/Src/stm32f4xx_ll_usb.o
LOAD Middlewares/ST/STM32_USB_Device_Library/Class/CDC/Src/usbd_cdc.o
LOAD Middlewares/ST/STM32_USB_Device_Library/Core/Src/usbd_core.o
LOAD Middlewares/ST/STM32_USB_Device_Library/Core/Src/usbd_ctlreq.o
LOAD Middlewares/ST/STM32_USB_Device_Library/Core/Src/usbd_ioreq.o
LOAD USB_DEVICE/App/usb_device.o
LOAD USB_DEVICE/App/usbd_cdc_if.o
LOAD USB_DEVICE/App/usbd_desc.o
LOAD USB_DEVICE/Target/usbd_conf.o
START GROUP
LOAD c:/st/stm32cubeide_1.6.0/stm32cubeide/plugins/com.st.stm32cube.ide.mcu.externaltools.gnu-tools-for-stm32.9-2020-q2-update.win32_1.5.0.202011040924/tools/bin/../lib/gcc/arm-none-eabi/9.3.1/../../../../arm-none-eabi/lib/thumb/v7e-m+fp/hard\libstdc++_nano.a
LOAD c:/st/stm32cubeide_1.6.0/stm32cubeide/plugins/com.st.stm32cube.ide.mcu.externaltools.gnu-tools-for-stm32.9-2020-q2-update.win32_1.5.0.202011040924/tools/bin/../lib/gcc/arm-none-eabi/9.3.1/../../../../arm-none-eabi/lib/thumb/v7e-m+fp/hard\libsupc++_nano.a
END GROUP
LOAD c:/st/stm32cubeide_1.6.0/stm32cubeide/plugins/com.st.stm32cube.ide.mcu.externaltools.gnu-tools-for-stm32.9-2020-q2-update.win32_1.5.0.202011040924/tools/bin/../lib/gcc/arm-none-eabi/9.3.1/../../../../arm-none-eabi/lib/thumb/v7e-m+fp/hard\libstdc++_nano.a
LOAD c:/st/stm32cubeide_1.6.0/stm32cubeide/plugins/com.st.stm32cube.ide.mcu.externaltools.gnu-tools-for-stm32.9-2020-q2-update.win32_1.5.0.202011040924/tools/bin/../lib/gcc/arm-none-eabi/9.3.1/../../../../arm-none-eabi/lib/thumb/v7e-m+fp/hard\libm.a
LOAD c:/st/stm32cubeide_1.6.0/stm32cubeide/plugins/com.st.stm32cube.ide.mcu.externaltools.gnu-tools-for-stm32.9-2020-q2-update.win32_1.5.0.202011040924/tools/bin/../lib/gcc/arm-none-eabi/9.3.1/../../../../arm-none-eabi/lib/thumb/v7e-m+fp/hard\libc_nano.a
START GROUP
LOAD c:/st/stm32cubeide_1.6.0/stm32cubeide/plugins/com.st.stm32cube.ide.mcu.externaltools.gnu-tools-for-stm32.9-2020-q2-update.win32_1.5.0.202011040924/tools/bin/../lib/gcc/arm-none-eabi/9.3.1/thumb/v7e-m+fp/hard\libgcc.a
LOAD c:/st/stm32cubeide_1.6.0/stm32cubeide/plugins/com.st.stm32cube.ide.mcu.externaltools.gnu-tools-for-stm32.9-2020-q2-update.win32_1.5.0.202011040924/tools/bin/../lib/gcc/arm-none-eabi/9.3.1/../../../../arm-none-eabi/lib/thumb/v7e-m+fp/hard\libc_nano.a
END GROUP
START GROUP
LOAD c:/st/stm32cubeide_1.6.0/stm32cubeide/plugins/com.st.stm32cube.ide.mcu.externaltools.gnu-tools-for-stm32.9-2020-q2-update.win32_1.5.0.202011040924/tools/bin/../lib/gcc/arm-none-eabi/9.3.1/thumb/v7e-m+fp/hard\libgcc.a
LOAD c:/st/stm32cubeide_1.6.0/stm32cubeide/plugins/com.st.stm32cube.ide.mcu.externaltools.gnu-tools-for-stm32.9-2020-q2-update.win32_1.5.0.202011040924/tools/bin/../lib/gcc/arm-none-eabi/9.3.1/../../../../arm-none-eabi/lib/thumb/v7e-m+fp/hard\libc_nano.a
LOAD c:/st/stm32cubeide_1.6.0/stm32cubeide/plugins/com.st.stm32cube.ide.mcu.externaltools.gnu-tools-for-stm32.9-2020-q2-update.win32_1.5.0.202011040924/tools/bin/../lib/gcc/arm-none-eabi/9.3.1/../../../../arm-none-eabi/lib/thumb/v7e-m+fp/hard\libnosys.a
END GROUP
START GROUP
LOAD c:/st/stm32cubeide_1.6.0/stm32cubeide/plugins/com.st.stm32cube.ide.mcu.externaltools.gnu-tools-for-stm32.9-2020-q2-update.win32_1.5.0.202011040924/tools/bin/../lib/gcc/arm-none-eabi/9.3.1/thumb/v7e-m+fp/hard\libgcc.a
LOAD c:/st/stm32cubeide_1.6.0/stm32cubeide/plugins/com.st.stm32cube.ide.mcu.externaltools.gnu-tools-for-stm32.9-2020-q2-update.win32_1.5.0.202011040924/tools/bin/../lib/gcc/arm-none-eabi/9.3.1/../../../../arm-none-eabi/lib/thumb/v7e-m+fp/hard\libc_nano.a
LOAD c:/st/stm32cubeide_1.6.0/stm32cubeide/plugins/com.st.stm32cube.ide.mcu.externaltools.gnu-tools-for-stm32.9-2020-q2-update.win32_1.5.0.202011040924/tools/bin/../lib/gcc/arm-none-eabi/9.3.1/../../../../arm-none-eabi/lib/thumb/v7e-m+fp/hard\libnosys.a
END GROUP
LOAD c:/st/stm32cubeide_1.6.0/stm32cubeide/plugins/com.st.stm32cube.ide.mcu.externaltools.gnu-tools-for-stm32.9-2020-q2-update.win32_1.5.0.202011040924/tools/bin/../lib/gcc/arm-none-eabi/9.3.1/thumb/v7e-m+fp/hard/crtend.o
LOAD c:/st/stm32cubeide_1.6.0/stm32cubeide/plugins/com.st.stm32cube.ide.mcu.externaltools.gnu-tools-for-stm32.9-2020-q2-update.win32_1.5.0.202011040924/tools/bin/../lib/gcc/arm-none-eabi/9.3.1/thumb/v7e-m+fp/hard/crtn.o
                0x0000000020020000                _estack = (ORIGIN (RAM) + LENGTH (RAM))
                0x0000000000000200                _Min_Heap_Size = 0x200
                0x0000000000000400                _Min_Stack_Size = 0x400

.isr_vector     0x0000000008000000      0x188
                0x0000000008000000                . = ALIGN (0x4)
 *(.isr_vector)
 .isr_vector    0x0000000008000000      0x188 Core/Startup/startup_stm32f407vetx.o
                0x0000000008000000                g_pfnVectors
                0x0000000008000188                . = ALIGN (0x4)

.text           0x0000000008000188     0x7908
                0x0000000008000188                . = ALIGN (0x4)
 *(.text)
 .text          0x0000000008000188       0x40 c:/st/stm32cubeide_1.6.0/stm32cubeide/plugins/com.st.stm32cube.ide.mcu.externaltools.gnu-tools-for-stm32.9-2020-q2-update.win32_1.5.0.202011040924/tools/bin/../lib/gcc/arm-none-eabi/9.3.1/thumb/v7e-m+fp/hard/crtbegin.o
 .text          0x00000000080001c8       0x30 c:/st/stm32cubeide_1.6.0/stm32cubeide/plugins/com.st.stm32cube.ide.mcu.externaltools.gnu-tools-for-stm32.9-2020-q2-update.win32_1.5.0.202011040924/tools/bin/../lib/gcc/arm-none-eabi/9.3.1/thumb/v7e-m+fp/hard\libgcc.a(_aeabi_uldivmod.o)
                0x00000000080001c8                __aeabi_uldivmod
 .text          0x00000000080001f8      0x2c4 c:/st/stm32cubeide_1.6.0/stm32cubeide/plugins/com.st.stm32cube.ide.mcu.externaltools.gnu-tools-for-stm32.9-2020-q2-update.win32_1.5.0.202011040924/tools/bin/../lib/gcc/arm-none-eabi/9.3.1/thumb/v7e-m+fp/hard\libgcc.a(_udivmoddi4.o)
                0x00000000080001f8                __udivmoddi4
 .text          0x00000000080004bc        0x4 c:/st/stm32cubeide_1.6.0/stm32cubeide/plugins/com.st.stm32cube.ide.mcu.externaltools.gnu-tools-for-stm32.9-2020-q2-update.win32_1.5.0.202011040924/tools/bin/../lib/gcc/arm-none-eabi/9.3.1/thumb/v7e-m+fp/hard\libgcc.a(_dvmd_tls.o)
                0x00000000080004bc                __aeabi_idiv0
                0x00000000080004bc                __aeabi_ldiv0
 *(.text*)
 .text.main     0x00000000080004c0       0xd0 Core/Src/main.o
                0x00000000080004c0                main
 .text.SystemClock_Config
                0x0000000008000590       0xd4 Core/Src/main.o
                0x0000000008000590                SystemClock_Config
 .text.MX_ADC2_Init
                0x0000000008000664       0xa4 Core/Src/main.o
 .text.MX_ADC3_Init
                0x0000000008000708       0xa4 Core/Src/main.o
 .text.MX_CAN2_Init
                0x00000000080007ac       0x68 Core/Src/main.o
 .text.MX_SPI1_Init
                0x0000000008000814       0x6c Core/Src/main.o
 .text.MX_USART3_UART_Init
                0x0000000008000880       0x54 Core/Src/main.o
 .text.MX_GPIO_Init
                0x00000000080008d4      0x12c Core/Src/main.o
 .text.Error_Handler
                0x0000000008000a00        0xa Core/Src/main.o
                0x0000000008000a00                Error_Handler
 *fill*         0x0000000008000a0a        0x2 
 .text.HAL_MspInit
                0x0000000008000a0c       0x50 Core/Src/stm32f4xx_hal_msp.o
                0x0000000008000a0c                HAL_MspInit
 .text.HAL_ADC_MspInit
                0x0000000008000a5c       0xe8 Core/Src/stm32f4xx_hal_msp.o
                0x0000000008000a5c                HAL_ADC_MspInit
 .text.HAL_CAN_MspInit
                0x0000000008000b44       0xac Core/Src/stm32f4xx_hal_msp.o
                0x0000000008000b44                HAL_CAN_MspInit
 .text.HAL_SPI_MspInit
                0x0000000008000bf0       0x90 Core/Src/stm32f4xx_hal_msp.o
                0x0000000008000bf0                HAL_SPI_MspInit
 .text.HAL_UART_MspInit
                0x0000000008000c80       0x90 Core/Src/stm32f4xx_hal_msp.o
                0x0000000008000c80                HAL_UART_MspInit
 .text.NMI_Handler
                0x0000000008000d10        0x6 Core/Src/stm32f4xx_it.o
                0x0000000008000d10                NMI_Handler
 .text.HardFault_Handler
                0x0000000008000d16        0x6 Core/Src/stm32f4xx_it.o
                0x0000000008000d16                HardFault_Handler
 .text.MemManage_Handler
                0x0000000008000d1c        0x6 Core/Src/stm32f4xx_it.o
                0x0000000008000d1c                MemManage_Handler
 .text.BusFault_Handler
                0x0000000008000d22        0x6 Core/Src/stm32f4xx_it.o
                0x0000000008000d22                BusFault_Handler
 .text.UsageFault_Handler
                0x0000000008000d28        0x6 Core/Src/stm32f4xx_it.o
                0x0000000008000d28                UsageFault_Handler
 .text.SVC_Handler
                0x0000000008000d2e        0xe Core/Src/stm32f4xx_it.o
                0x0000000008000d2e                SVC_Handler
 .text.DebugMon_Handler
                0x0000000008000d3c        0xe Core/Src/stm32f4xx_it.o
                0x0000000008000d3c                DebugMon_Handler
 .text.PendSV_Handler
                0x0000000008000d4a        0xe Core/Src/stm32f4xx_it.o
                0x0000000008000d4a                PendSV_Handler
 .text.SysTick_Handler
                0x0000000008000d58        0xc Core/Src/stm32f4xx_it.o
                0x0000000008000d58                SysTick_Handler
 .text.OTG_FS_IRQHandler
                0x0000000008000d64       0x14 Core/Src/stm32f4xx_it.o
                0x0000000008000d64                OTG_FS_IRQHandler
 .text.SystemInit
                0x0000000008000d78       0x24 Core/Src/system_stm32f4xx.o
                0x0000000008000d78                SystemInit
 .text.Reset_Handler
                0x0000000008000d9c       0x50 Core/Startup/startup_stm32f407vetx.o
                0x0000000008000d9c                Reset_Handler
 .text.Default_Handler
                0x0000000008000dec        0x2 Core/Startup/startup_stm32f407vetx.o
                0x0000000008000dec                RTC_Alarm_IRQHandler
                0x0000000008000dec                HASH_RNG_IRQHandler
                0x0000000008000dec                EXTI2_IRQHandler
                0x0000000008000dec                TIM8_CC_IRQHandler
                0x0000000008000dec                TIM1_CC_IRQHandler
                0x0000000008000dec                DMA2_Stream5_IRQHandler
                0x0000000008000dec                DMA1_Stream5_IRQHandler
                0x0000000008000dec                PVD_IRQHandler
                0x0000000008000dec                SDIO_IRQHandler
                0x0000000008000dec                TAMP_STAMP_IRQHandler
                0x0000000008000dec                CAN2_RX1_IRQHandler
                0x0000000008000dec                EXTI3_IRQHandler
                0x0000000008000dec                TIM8_TRG_COM_TIM14_IRQHandler
                0x0000000008000dec                TIM1_UP_TIM10_IRQHandler
                0x0000000008000dec                TIM8_UP_TIM13_IRQHandler
                0x0000000008000dec                I2C3_ER_IRQHandler
                0x0000000008000dec                EXTI0_IRQHandler
                0x0000000008000dec                I2C2_EV_IRQHandler
                0x0000000008000dec                DMA1_Stream2_IRQHandler
                0x0000000008000dec                CAN1_RX0_IRQHandler
                0x0000000008000dec                FPU_IRQHandler
                0x0000000008000dec                OTG_HS_WKUP_IRQHandler
                0x0000000008000dec                CAN2_SCE_IRQHandler
                0x0000000008000dec                DMA2_Stream2_IRQHandler
                0x0000000008000dec                SPI1_IRQHandler
                0x0000000008000dec                TIM6_DAC_IRQHandler
                0x0000000008000dec                TIM1_BRK_TIM9_IRQHandler
                0x0000000008000dec                DCMI_IRQHandler
                0x0000000008000dec                CAN2_RX0_IRQHandler
                0x0000000008000dec                DMA2_Stream3_IRQHandler
                0x0000000008000dec                USART6_IRQHandler
                0x0000000008000dec                USART3_IRQHandler
                0x0000000008000dec                CAN1_RX1_IRQHandler
                0x0000000008000dec                UART5_IRQHandler
                0x0000000008000dec                DMA2_Stream0_IRQHandler
                0x0000000008000dec                TIM4_IRQHandler
                0x0000000008000dec                I2C1_EV_IRQHandler
                0x0000000008000dec                DMA1_Stream6_IRQHandler
                0x0000000008000dec                DMA1_Stream1_IRQHandler
                0x0000000008000dec                UART4_IRQHandler
                0x0000000008000dec                TIM3_IRQHandler
                0x0000000008000dec                RCC_IRQHandler
                0x0000000008000dec                TIM8_BRK_TIM12_IRQHandler
                0x0000000008000dec                Default_Handler
                0x0000000008000dec                EXTI15_10_IRQHandler
                0x0000000008000dec                ADC_IRQHandler
                0x0000000008000dec                DMA1_Stream7_IRQHandler
                0x0000000008000dec                TIM7_IRQHandler
                0x0000000008000dec                CAN2_TX_IRQHandler
                0x0000000008000dec                TIM5_IRQHandler
                0x0000000008000dec                DMA2_Stream7_IRQHandler
                0x0000000008000dec                I2C3_EV_IRQHandler
                0x0000000008000dec                EXTI9_5_IRQHandler
                0x0000000008000dec                RTC_WKUP_IRQHandler
                0x0000000008000dec                ETH_WKUP_IRQHandler
                0x0000000008000dec                SPI2_IRQHandler
                0x0000000008000dec                OTG_HS_EP1_IN_IRQHandler
                0x0000000008000dec                DMA1_Stream0_IRQHandler
                0x0000000008000dec                CAN1_TX_IRQHandler
                0x0000000008000dec                EXTI4_IRQHandler
                0x0000000008000dec                FSMC_IRQHandler
                0x0000000008000dec                ETH_IRQHandler
                0x0000000008000dec                OTG_HS_EP1_OUT_IRQHandler
                0x0000000008000dec                WWDG_IRQHandler
                0x0000000008000dec                TIM2_IRQHandler
                0x0000000008000dec                OTG_FS_WKUP_IRQHandler
                0x0000000008000dec                TIM1_TRG_COM_TIM11_IRQHandler
                0x0000000008000dec                OTG_HS_IRQHandler
                0x0000000008000dec                EXTI1_IRQHandler
                0x0000000008000dec                USART2_IRQHandler
                0x0000000008000dec                I2C2_ER_IRQHandler
                0x0000000008000dec                DMA2_Stream1_IRQHandler
                0x0000000008000dec                CAN1_SCE_IRQHandler
                0x0000000008000dec                FLASH_IRQHandler
                0x0000000008000dec                DMA2_Stream4_IRQHandler
                0x0000000008000dec                USART1_IRQHandler
                0x0000000008000dec                SPI3_IRQHandler
                0x0000000008000dec                DMA1_Stream4_IRQHandler
                0x0000000008000dec                I2C1_ER_IRQHandler
                0x0000000008000dec                DMA2_Stream6_IRQHandler
                0x0000000008000dec                DMA1_Stream3_IRQHandler
 *fill*         0x0000000008000dee        0x2 
 .text.HAL_Init
                0x0000000008000df0       0x44 Drivers/STM32F4xx_HAL_Driver/Src/stm32f4xx_hal.o
                0x0000000008000df0                HAL_Init
 .text.HAL_InitTick
                0x0000000008000e34       0x60 Drivers/STM32F4xx_HAL_Driver/Src/stm32f4xx_hal.o
                0x0000000008000e34                HAL_InitTick
 .text.HAL_IncTick
                0x0000000008000e94       0x28 Drivers/STM32F4xx_HAL_Driver/Src/stm32f4xx_hal.o
                0x0000000008000e94                HAL_IncTick
 .text.HAL_GetTick
                0x0000000008000ebc       0x18 Drivers/STM32F4xx_HAL_Driver/Src/stm32f4xx_hal.o
                0x0000000008000ebc                HAL_GetTick
 .text.HAL_Delay
                0x0000000008000ed4       0x48 Drivers/STM32F4xx_HAL_Driver/Src/stm32f4xx_hal.o
                0x0000000008000ed4                HAL_Delay
 .text.HAL_ADC_Init
                0x0000000008000f1c       0x86 Drivers/STM32F4xx_HAL_Driver/Src/stm32f4xx_hal_adc.o
                0x0000000008000f1c                HAL_ADC_Init
 *fill*         0x0000000008000fa2        0x2 
 .text.HAL_ADC_ConfigChannel
                0x0000000008000fa4      0x244 Drivers/STM32F4xx_HAL_Driver/Src/stm32f4xx_hal_adc.o
                0x0000000008000fa4                HAL_ADC_ConfigChannel
 .text.ADC_Init
                0x00000000080011e8      0x1f8 Drivers/STM32F4xx_HAL_Driver/Src/stm32f4xx_hal_adc.o
 .text.HAL_CAN_Init
                0x00000000080013e0      0x1f6 Drivers/STM32F4xx_HAL_Driver/Src/stm32f4xx_hal_can.o
                0x00000000080013e0                HAL_CAN_Init
 .text.HAL_CAN_Start
                0x00000000080015d6       0x88 Drivers/STM32F4xx_HAL_Driver/Src/stm32f4xx_hal_can.o
                0x00000000080015d6                HAL_CAN_Start
 .text.HAL_CAN_AddTxMessage
                0x000000000800165e      0x1b6 Drivers/STM32F4xx_HAL_Driver/Src/stm32f4xx_hal_can.o
                0x000000000800165e                HAL_CAN_AddTxMessage
 .text.__NVIC_SetPriorityGrouping
                0x0000000008001814       0x48 Drivers/STM32F4xx_HAL_Driver/Src/stm32f4xx_hal_cortex.o
 .text.__NVIC_GetPriorityGrouping
                0x000000000800185c       0x1c Drivers/STM32F4xx_HAL_Driver/Src/stm32f4xx_hal_cortex.o
 .text.__NVIC_EnableIRQ
                0x0000000008001878       0x3c Drivers/STM32F4xx_HAL_Driver/Src/stm32f4xx_hal_cortex.o
 .text.__NVIC_SetPriority
                0x00000000080018b4       0x54 Drivers/STM32F4xx_HAL_Driver/Src/stm32f4xx_hal_cortex.o
 .text.NVIC_EncodePriority
                0x0000000008001908       0x66 Drivers/STM32F4xx_HAL_Driver/Src/stm32f4xx_hal_cortex.o
 *fill*         0x000000000800196e        0x2 
 .text.SysTick_Config
                0x0000000008001970       0x44 Drivers/STM32F4xx_HAL_Driver/Src/stm32f4xx_hal_cortex.o
 .text.HAL_NVIC_SetPriorityGrouping
                0x00000000080019b4       0x16 Drivers/STM32F4xx_HAL_Driver/Src/stm32f4xx_hal_cortex.o
                0x00000000080019b4                HAL_NVIC_SetPriorityGrouping
 .text.HAL_NVIC_SetPriority
                0x00000000080019ca       0x38 Drivers/STM32F4xx_HAL_Driver/Src/stm32f4xx_hal_cortex.o
                0x00000000080019ca                HAL_NVIC_SetPriority
 .text.HAL_NVIC_EnableIRQ
                0x0000000008001a02       0x1c Drivers/STM32F4xx_HAL_Driver/Src/stm32f4xx_hal_cortex.o
                0x0000000008001a02                HAL_NVIC_EnableIRQ
 .text.HAL_SYSTICK_Config
                0x0000000008001a1e       0x18 Drivers/STM32F4xx_HAL_Driver/Src/stm32f4xx_hal_cortex.o
                0x0000000008001a1e                HAL_SYSTICK_Config
 *fill*         0x0000000008001a36        0x2 
 .text.HAL_GPIO_Init
                0x0000000008001a38      0x338 Drivers/STM32F4xx_HAL_Driver/Src/stm32f4xx_hal_gpio.o
                0x0000000008001a38                HAL_GPIO_Init
 .text.HAL_GPIO_WritePin
                0x0000000008001d70       0x32 Drivers/STM32F4xx_HAL_Driver/Src/stm32f4xx_hal_gpio.o
                0x0000000008001d70                HAL_GPIO_WritePin
 .text.HAL_PCD_Init
                0x0000000008001da2      0x23a Drivers/STM32F4xx_HAL_Driver/Src/stm32f4xx_hal_pcd.o
                0x0000000008001da2                HAL_PCD_Init
 .text.HAL_PCD_Start
                0x0000000008001fdc       0x66 Drivers/STM32F4xx_HAL_Driver/Src/stm32f4xx_hal_pcd.o
                0x0000000008001fdc                HAL_PCD_Start
 .text.HAL_PCD_IRQHandler
                0x0000000008002042      0x764 Drivers/STM32F4xx_HAL_Driver/Src/stm32f4xx_hal_pcd.o
                0x0000000008002042                HAL_PCD_IRQHandler
 .text.HAL_PCD_SetAddress
                0x00000000080027a6       0x4a Drivers/STM32F4xx_HAL_Driver/Src/stm32f4xx_hal_pcd.o
                0x00000000080027a6                HAL_PCD_SetAddress
 .text.HAL_PCD_EP_Open
                0x00000000080027f0       0xd0 Drivers/STM32F4xx_HAL_Driver/Src/stm32f4xx_hal_pcd.o
                0x00000000080027f0                HAL_PCD_EP_Open
 .text.HAL_PCD_EP_Close
                0x00000000080028c0       0x94 Drivers/STM32F4xx_HAL_Driver/Src/stm32f4xx_hal_pcd.o
                0x00000000080028c0                HAL_PCD_EP_Close
 .text.HAL_PCD_EP_Receive
                0x0000000008002954       0x96 Drivers/STM32F4xx_HAL_Driver/Src/stm32f4xx_hal_pcd.o
                0x0000000008002954                HAL_PCD_EP_Receive
 .text.HAL_PCD_EP_GetRxCount
                0x00000000080029ea       0x30 Drivers/STM32F4xx_HAL_Driver/Src/stm32f4xx_hal_pcd.o
                0x00000000080029ea                HAL_PCD_EP_GetRxCount
 .text.HAL_PCD_EP_Transmit
                0x0000000008002a1a       0x94 Drivers/STM32F4xx_HAL_Driver/Src/stm32f4xx_hal_pcd.o
                0x0000000008002a1a                HAL_PCD_EP_Transmit
 .text.HAL_PCD_EP_SetStall
                0x0000000008002aae       0xc8 Drivers/STM32F4xx_HAL_Driver/Src/stm32f4xx_hal_pcd.o
                0x0000000008002aae                HAL_PCD_EP_SetStall
 .text.HAL_PCD_EP_ClrStall
                0x0000000008002b76       0xac Drivers/STM32F4xx_HAL_Driver/Src/stm32f4xx_hal_pcd.o
                0x0000000008002b76                HAL_PCD_EP_ClrStall
 .text.PCD_WriteEmptyTxFifo
                0x0000000008002c22      0x11a Drivers/STM32F4xx_HAL_Driver/Src/stm32f4xx_hal_pcd.o
 .text.PCD_EP_OutXfrComplete_int
                0x0000000008002d3c      0x218 Drivers/STM32F4xx_HAL_Driver/Src/stm32f4xx_hal_pcd.o
 .text.PCD_EP_OutSetupPacket_int
                0x0000000008002f54       0x8c Drivers/STM32F4xx_HAL_Driver/Src/stm32f4xx_hal_pcd.o
 .text.HAL_PCDEx_SetTxFiFo
                0x0000000008002fe0       0x8e Drivers/STM32F4xx_HAL_Driver/Src/stm32f4xx_hal_pcd_ex.o
                0x0000000008002fe0                HAL_PCDEx_SetTxFiFo
 .text.HAL_PCDEx_SetRxFiFo
                0x000000000800306e       0x22 Drivers/STM32F4xx_HAL_Driver/Src/stm32f4xx_hal_pcd_ex.o
                0x000000000800306e                HAL_PCDEx_SetRxFiFo
 .text.HAL_PCDEx_LPM_Callback
                0x0000000008003090       0x18 Drivers/STM32F4xx_HAL_Driver/Src/stm32f4xx_hal_pcd_ex.o
                0x0000000008003090                HAL_PCDEx_LPM_Callback
 .text.HAL_RCC_OscConfig
                0x00000000080030a8      0x4f0 Drivers/STM32F4xx_HAL_Driver/Src/stm32f4xx_hal_rcc.o
                0x00000000080030a8                HAL_RCC_OscConfig
 .text.HAL_RCC_ClockConfig
                0x0000000008003598      0x1cc Drivers/STM32F4xx_HAL_Driver/Src/stm32f4xx_hal_rcc.o
                0x0000000008003598                HAL_RCC_ClockConfig
 .text.HAL_RCC_GetSysClockFreq
                0x0000000008003764      0x1c0 Drivers/STM32F4xx_HAL_Driver/Src/stm32f4xx_hal_rcc.o
                0x0000000008003764                HAL_RCC_GetSysClockFreq
 .text.HAL_RCC_GetHCLKFreq
                0x0000000008003924       0x18 Drivers/STM32F4xx_HAL_Driver/Src/stm32f4xx_hal_rcc.o
                0x0000000008003924                HAL_RCC_GetHCLKFreq
 .text.HAL_RCC_GetPCLK1Freq
                0x000000000800393c       0x28 Drivers/STM32F4xx_HAL_Driver/Src/stm32f4xx_hal_rcc.o
                0x000000000800393c                HAL_RCC_GetPCLK1Freq
 .text.HAL_RCC_GetPCLK2Freq
                0x0000000008003964       0x28 Drivers/STM32F4xx_HAL_Driver/Src/stm32f4xx_hal_rcc.o
                0x0000000008003964                HAL_RCC_GetPCLK2Freq
 .text.HAL_SPI_Init
                0x000000000800398c      0x112 Drivers/STM32F4xx_HAL_Driver/Src/stm32f4xx_hal_spi.o
                0x000000000800398c                HAL_SPI_Init
 .text.HAL_UART_Init
                0x0000000008003a9e       0x9a Drivers/STM32F4xx_HAL_Driver/Src/stm32f4xx_hal_uart.o
                0x0000000008003a9e                HAL_UART_Init
 .text.HAL_UART_Transmit
                0x0000000008003b38      0x124 Drivers/STM32F4xx_HAL_Driver/Src/stm32f4xx_hal_uart.o
                0x0000000008003b38                HAL_UART_Transmit
 .text.UART_WaitOnFlagUntilTimeout
                0x0000000008003c5c       0x94 Drivers/STM32F4xx_HAL_Driver/Src/stm32f4xx_hal_uart.o
 .text.UART_SetConfig
                0x0000000008003cf0      0x390 Drivers/STM32F4xx_HAL_Driver/Src/stm32f4xx_hal_uart.o
 .text.USB_CoreInit
                0x0000000008004080       0xc2 Drivers/STM32F4xx_HAL_Driver/Src/stm32f4xx_ll_usb.o
                0x0000000008004080                USB_CoreInit
 *fill*         0x0000000008004142        0x2 
 .text.USB_SetTurnaroundTime
                0x0000000008004144      0x144 Drivers/STM32F4xx_HAL_Driver/Src/stm32f4xx_ll_usb.o
                0x0000000008004144                USB_SetTurnaroundTime
 .text.USB_EnableGlobalInt
                0x0000000008004288       0x22 Drivers/STM32F4xx_HAL_Driver/Src/stm32f4xx_ll_usb.o
                0x0000000008004288                USB_EnableGlobalInt
 .text.USB_DisableGlobalInt
                0x00000000080042aa       0x22 Drivers/STM32F4xx_HAL_Driver/Src/stm32f4xx_ll_usb.o
                0x00000000080042aa                USB_DisableGlobalInt
 .text.USB_SetCurrentMode
                0x00000000080042cc       0x54 Drivers/STM32F4xx_HAL_Driver/Src/stm32f4xx_ll_usb.o
                0x00000000080042cc                USB_SetCurrentMode
 .text.USB_DevInit
                0x0000000008004320      0x2c8 Drivers/STM32F4xx_HAL_Driver/Src/stm32f4xx_ll_usb.o
                0x0000000008004320                USB_DevInit
 .text.USB_FlushTxFifo
                0x00000000080045e8       0x4c Drivers/STM32F4xx_HAL_Driver/Src/stm32f4xx_ll_usb.o
                0x00000000080045e8                USB_FlushTxFifo
 .text.USB_FlushRxFifo
                0x0000000008004634       0x44 Drivers/STM32F4xx_HAL_Driver/Src/stm32f4xx_ll_usb.o
                0x0000000008004634                USB_FlushRxFifo
 .text.USB_SetDevSpeed
                0x0000000008004678       0x32 Drivers/STM32F4xx_HAL_Driver/Src/stm32f4xx_ll_usb.o
                0x0000000008004678                USB_SetDevSpeed
 .text.USB_GetDevSpeed
                0x00000000080046aa       0x4a Drivers/STM32F4xx_HAL_Driver/Src/stm32f4xx_ll_usb.o
                0x00000000080046aa                USB_GetDevSpeed
 .text.USB_ActivateEndpoint
                0x00000000080046f4      0x10e Drivers/STM32F4xx_HAL_Driver/Src/stm32f4xx_ll_usb.o
                0x00000000080046f4                USB_ActivateEndpoint
 *fill*         0x0000000008004802        0x2 
 .text.USB_DeactivateEndpoint
                0x0000000008004804      0x1b8 Drivers/STM32F4xx_HAL_Driver/Src/stm32f4xx_ll_usb.o
                0x0000000008004804                USB_DeactivateEndpoint
 .text.USB_EPStartXfer
                0x00000000080049bc      0x488 Drivers/STM32F4xx_HAL_Driver/Src/stm32f4xx_ll_usb.o
                0x00000000080049bc                USB_EPStartXfer
 .text.USB_EP0StartXfer
                0x0000000008004e44      0x2a6 Drivers/STM32F4xx_HAL_Driver/Src/stm32f4xx_ll_usb.o
                0x0000000008004e44                USB_EP0StartXfer
 .text.USB_WritePacket
                0x00000000080050ea       0x6a Drivers/STM32F4xx_HAL_Driver/Src/stm32f4xx_ll_usb.o
                0x00000000080050ea                USB_WritePacket
 .text.USB_ReadPacket
                0x0000000008005154       0x52 Drivers/STM32F4xx_HAL_Driver/Src/stm32f4xx_ll_usb.o
                0x0000000008005154                USB_ReadPacket
 .text.USB_EPSetStall
                0x00000000080051a6       0xdc Drivers/STM32F4xx_HAL_Driver/Src/stm32f4xx_ll_usb.o
                0x00000000080051a6                USB_EPSetStall
 .text.USB_EPClearStall
                0x0000000008005282       0xcc Drivers/STM32F4xx_HAL_Driver/Src/stm32f4xx_ll_usb.o
                0x0000000008005282                USB_EPClearStall
 .text.USB_SetDevAddress
                0x000000000800534e       0x4c Drivers/STM32F4xx_HAL_Driver/Src/stm32f4xx_ll_usb.o
                0x000000000800534e                USB_SetDevAddress
 .text.USB_DevConnect
                0x000000000800539a       0x42 Drivers/STM32F4xx_HAL_Driver/Src/stm32f4xx_ll_usb.o
                0x000000000800539a                USB_DevConnect
 .text.USB_DevDisconnect
                0x00000000080053dc       0x42 Drivers/STM32F4xx_HAL_Driver/Src/stm32f4xx_ll_usb.o
                0x00000000080053dc                USB_DevDisconnect
 .text.USB_ReadInterrupts
                0x000000000800541e       0x26 Drivers/STM32F4xx_HAL_Driver/Src/stm32f4xx_ll_usb.o
                0x000000000800541e                USB_ReadInterrupts
 .text.USB_ReadDevAllOutEpInterrupt
                0x0000000008005444       0x34 Drivers/STM32F4xx_HAL_Driver/Src/stm32f4xx_ll_usb.o
                0x0000000008005444                USB_ReadDevAllOutEpInterrupt
 .text.USB_ReadDevAllInEpInterrupt
                0x0000000008005478       0x34 Drivers/STM32F4xx_HAL_Driver/Src/stm32f4xx_ll_usb.o
                0x0000000008005478                USB_ReadDevAllInEpInterrupt
 .text.USB_ReadDevOutEPInterrupt
                0x00000000080054ac       0x3c Drivers/STM32F4xx_HAL_Driver/Src/stm32f4xx_ll_usb.o
                0x00000000080054ac                USB_ReadDevOutEPInterrupt
 .text.USB_ReadDevInEPInterrupt
                0x00000000080054e8       0x5c Drivers/STM32F4xx_HAL_Driver/Src/stm32f4xx_ll_usb.o
                0x00000000080054e8                USB_ReadDevInEPInterrupt
 .text.USB_GetMode
                0x0000000008005544       0x1c Drivers/STM32F4xx_HAL_Driver/Src/stm32f4xx_ll_usb.o
                0x0000000008005544                USB_GetMode
 .text.USB_ActivateSetup
                0x0000000008005560       0x46 Drivers/STM32F4xx_HAL_Driver/Src/stm32f4xx_ll_usb.o
                0x0000000008005560                USB_ActivateSetup
 *fill*         0x00000000080055a6        0x2 
 .text.USB_EP0_OutStart
                0x00000000080055a8       0xbc Drivers/STM32F4xx_HAL_Driver/Src/stm32f4xx_ll_usb.o
                0x00000000080055a8                USB_EP0_OutStart
 .text.USB_CoreReset
                0x0000000008005664       0x68 Drivers/STM32F4xx_HAL_Driver/Src/stm32f4xx_ll_usb.o
 .text.USBD_CDC_Init
                0x00000000080056cc       0xfe Middlewares/ST/STM32_USB_Device_Library/Class/CDC/Src/usbd_cdc.o
 .text.USBD_CDC_DeInit
                0x00000000080057ca       0x74 Middlewares/ST/STM32_USB_Device_Library/Class/CDC/Src/usbd_cdc.o
 *fill*         0x000000000800583e        0x2 
 .text.USBD_CDC_Setup
                0x0000000008005840      0x190 Middlewares/ST/STM32_USB_Device_Library/Class/CDC/Src/usbd_cdc.o
 .text.USBD_CDC_DataIn
                0x00000000080059d0       0xca Middlewares/ST/STM32_USB_Device_Library/Class/CDC/Src/usbd_cdc.o
 .text.USBD_CDC_DataOut
                0x0000000008005a9a       0x56 Middlewares/ST/STM32_USB_Device_Library/Class/CDC/Src/usbd_cdc.o
 .text.USBD_CDC_EP0_RxReady
                0x0000000008005af0       0x5a Middlewares/ST/STM32_USB_Device_Library/Class/CDC/Src/usbd_cdc.o
 *fill*         0x0000000008005b4a        0x2 
 .text.USBD_CDC_GetFSCfgDesc
                0x0000000008005b4c       0x20 Middlewares/ST/STM32_USB_Device_Library/Class/CDC/Src/usbd_cdc.o
 .text.USBD_CDC_GetHSCfgDesc
                0x0000000008005b6c       0x20 Middlewares/ST/STM32_USB_Device_Library/Class/CDC/Src/usbd_cdc.o
 .text.USBD_CDC_GetOtherSpeedCfgDesc
                0x0000000008005b8c       0x20 Middlewares/ST/STM32_USB_Device_Library/Class/CDC/Src/usbd_cdc.o
 .text.USBD_CDC_GetDeviceQualifierDescriptor
                0x0000000008005bac       0x20 Middlewares/ST/STM32_USB_Device_Library/Class/CDC/Src/usbd_cdc.o
                0x0000000008005bac                USBD_CDC_GetDeviceQualifierDescriptor
 .text.USBD_CDC_RegisterInterface
                0x0000000008005bcc       0x2a Middlewares/ST/STM32_USB_Device_Library/Class/CDC/Src/usbd_cdc.o
                0x0000000008005bcc                USBD_CDC_RegisterInterface
 .text.USBD_CDC_SetTxBuffer
                0x0000000008005bf6       0x3c Middlewares/ST/STM32_USB_Device_Library/Class/CDC/Src/usbd_cdc.o
                0x0000000008005bf6                USBD_CDC_SetTxBuffer
 .text.USBD_CDC_SetRxBuffer
                0x0000000008005c32       0x32 Middlewares/ST/STM32_USB_Device_Library/Class/CDC/Src/usbd_cdc.o
                0x0000000008005c32                USBD_CDC_SetRxBuffer
 .text.USBD_CDC_TransmitPacket
                0x0000000008005c64       0x60 Middlewares/ST/STM32_USB_Device_Library/Class/CDC/Src/usbd_cdc.o
                0x0000000008005c64                USBD_CDC_TransmitPacket
 .text.USBD_CDC_ReceivePacket
                0x0000000008005cc4       0x54 Middlewares/ST/STM32_USB_Device_Library/Class/CDC/Src/usbd_cdc.o
                0x0000000008005cc4                USBD_CDC_ReceivePacket
 .text.USBD_Init
                0x0000000008005d18       0x60 Middlewares/ST/STM32_USB_Device_Library/Core/Src/usbd_core.o
                0x0000000008005d18                USBD_Init
 .text.USBD_RegisterClass
                0x0000000008005d78       0x4e Middlewares/ST/STM32_USB_Device_Library/Core/Src/usbd_core.o
                0x0000000008005d78                USBD_RegisterClass
 .text.USBD_Start
                0x0000000008005dc6       0x18 Middlewares/ST/STM32_USB_Device_Library/Core/Src/usbd_core.o
                0x0000000008005dc6                USBD_Start
 .text.USBD_RunTestMode
                0x0000000008005dde       0x16 Middlewares/ST/STM32_USB_Device_Library/Core/Src/usbd_core.o
                0x0000000008005dde                USBD_RunTestMode
 .text.USBD_SetClassConfig
                0x0000000008005df4       0x38 Middlewares/ST/STM32_USB_Device_Library/Core/Src/usbd_core.o
                0x0000000008005df4                USBD_SetClassConfig
 .text.USBD_ClrClassConfig
                0x0000000008005e2c       0x30 Middlewares/ST/STM32_USB_Device_Library/Core/Src/usbd_core.o
                0x0000000008005e2c                USBD_ClrClassConfig
 .text.USBD_LL_SetupStage
                0x0000000008005e5c       0xaa Middlewares/ST/STM32_USB_Device_Library/Core/Src/usbd_core.o
                0x0000000008005e5c                USBD_LL_SetupStage
 .text.USBD_LL_DataOutStage
                0x0000000008005f06       0xc6 Middlewares/ST/STM32_USB_Device_Library/Core/Src/usbd_core.o
                0x0000000008005f06                USBD_LL_DataOutStage
 .text.USBD_LL_DataInStage
                0x0000000008005fcc      0x12c Middlewares/ST/STM32_USB_Device_Library/Core/Src/usbd_core.o
                0x0000000008005fcc                USBD_LL_DataInStage
 .text.USBD_LL_Reset
                0x00000000080060f8       0x9c Middlewares/ST/STM32_USB_Device_Library/Core/Src/usbd_core.o
                0x00000000080060f8                USBD_LL_Reset
 .text.USBD_LL_SetSpeed
                0x0000000008006194       0x20 Middlewares/ST/STM32_USB_Device_Library/Core/Src/usbd_core.o
                0x0000000008006194                USBD_LL_SetSpeed
 .text.USBD_LL_Suspend
                0x00000000080061b4       0x2c Middlewares/ST/STM32_USB_Device_Library/Core/Src/usbd_core.o
                0x00000000080061b4                USBD_LL_Suspend
 .text.USBD_LL_Resume
                0x00000000080061e0       0x30 Middlewares/ST/STM32_USB_Device_Library/Core/Src/usbd_core.o
                0x00000000080061e0                USBD_LL_Resume
 .text.USBD_LL_SOF
                0x0000000008006210       0x44 Middlewares/ST/STM32_USB_Device_Library/Core/Src/usbd_core.o
                0x0000000008006210                USBD_LL_SOF
 .text.USBD_LL_IsoINIncomplete
                0x0000000008006254       0x4c Middlewares/ST/STM32_USB_Device_Library/Core/Src/usbd_core.o
                0x0000000008006254                USBD_LL_IsoINIncomplete
 .text.USBD_LL_IsoOUTIncomplete
                0x00000000080062a0       0x4c Middlewares/ST/STM32_USB_Device_Library/Core/Src/usbd_core.o
                0x00000000080062a0                USBD_LL_IsoOUTIncomplete
 .text.USBD_LL_DevConnected
                0x00000000080062ec       0x16 Middlewares/ST/STM32_USB_Device_Library/Core/Src/usbd_core.o
                0x00000000080062ec                USBD_LL_DevConnected
 .text.USBD_LL_DevDisconnected
                0x0000000008006302       0x38 Middlewares/ST/STM32_USB_Device_Library/Core/Src/usbd_core.o
                0x0000000008006302                USBD_LL_DevDisconnected
 .text.SWAPBYTE
                0x000000000800633a       0x3c Middlewares/ST/STM32_USB_Device_Library/Core/Src/usbd_ctlreq.o
 *fill*         0x0000000008006376        0x2 
 .text.USBD_StdDevReq
                0x0000000008006378       0xdc Middlewares/ST/STM32_USB_Device_Library/Core/Src/usbd_ctlreq.o
                0x0000000008006378                USBD_StdDevReq
 .text.USBD_StdItfReq
                0x0000000008006454       0x92 Middlewares/ST/STM32_USB_Device_Library/Core/Src/usbd_ctlreq.o
                0x0000000008006454                USBD_StdItfReq
 .text.USBD_StdEPReq
                0x00000000080064e6      0x2c4 Middlewares/ST/STM32_USB_Device_Library/Core/Src/usbd_ctlreq.o
                0x00000000080064e6                USBD_StdEPReq
 *fill*         0x00000000080067aa        0x2 
 .text.USBD_GetDescriptor
                0x00000000080067ac      0x2d4 Middlewares/ST/STM32_USB_Device_Library/Core/Src/usbd_ctlreq.o
 .text.USBD_SetAddress
                0x0000000008006a80       0x88 Middlewares/ST/STM32_USB_Device_Library/Core/Src/usbd_ctlreq.o
 .text.USBD_SetConfig
                0x0000000008006b08      0x14c Middlewares/ST/STM32_USB_Device_Library/Core/Src/usbd_ctlreq.o
 .text.USBD_GetConfig
                0x0000000008006c54       0x6c Middlewares/ST/STM32_USB_Device_Library/Core/Src/usbd_ctlreq.o
 .text.USBD_GetStatus
                0x0000000008006cc0       0x68 Middlewares/ST/STM32_USB_Device_Library/Core/Src/usbd_ctlreq.o
 .text.USBD_SetFeature
                0x0000000008006d28       0x28 Middlewares/ST/STM32_USB_Device_Library/Core/Src/usbd_ctlreq.o
 .text.USBD_ClrFeature
                0x0000000008006d50       0x44 Middlewares/ST/STM32_USB_Device_Library/Core/Src/usbd_ctlreq.o
 .text.USBD_ParseSetupRequest
                0x0000000008006d94       0x74 Middlewares/ST/STM32_USB_Device_Library/Core/Src/usbd_ctlreq.o
                0x0000000008006d94                USBD_ParseSetupRequest
 .text.USBD_CtlError
                0x0000000008006e08       0x22 Middlewares/ST/STM32_USB_Device_Library/Core/Src/usbd_ctlreq.o
                0x0000000008006e08                USBD_CtlError
 .text.USBD_GetString
                0x0000000008006e2a       0x8c Middlewares/ST/STM32_USB_Device_Library/Core/Src/usbd_ctlreq.o
                0x0000000008006e2a                USBD_GetString
 .text.USBD_GetLen
                0x0000000008006eb6       0x34 Middlewares/ST/STM32_USB_Device_Library/Core/Src/usbd_ctlreq.o
 .text.USBD_CtlSendData
                0x0000000008006eea       0x36 Middlewares/ST/STM32_USB_Device_Library/Core/Src/usbd_ioreq.o
                0x0000000008006eea                USBD_CtlSendData
 .text.USBD_CtlContinueSendData
                0x0000000008006f20       0x22 Middlewares/ST/STM32_USB_Device_Library/Core/Src/usbd_ioreq.o
                0x0000000008006f20                USBD_CtlContinueSendData
 .text.USBD_CtlPrepareRx
                0x0000000008006f42       0x3a Middlewares/ST/STM32_USB_Device_Library/Core/Src/usbd_ioreq.o
                0x0000000008006f42                USBD_CtlPrepareRx
 .text.USBD_CtlContinueRx
                0x0000000008006f7c       0x22 Middlewares/ST/STM32_USB_Device_Library/Core/Src/usbd_ioreq.o
                0x0000000008006f7c                USBD_CtlContinueRx
 .text.USBD_CtlSendStatus
                0x0000000008006f9e       0x26 Middlewares/ST/STM32_USB_Device_Library/Core/Src/usbd_ioreq.o
                0x0000000008006f9e                USBD_CtlSendStatus
 .text.USBD_CtlReceiveStatus
                0x0000000008006fc4       0x26 Middlewares/ST/STM32_USB_Device_Library/Core/Src/usbd_ioreq.o
                0x0000000008006fc4                USBD_CtlReceiveStatus
 *fill*         0x0000000008006fea        0x2 
 .text.MX_USB_DEVICE_Init
                0x0000000008006fec       0x60 USB_DEVICE/App/usb_device.o
                0x0000000008006fec                MX_USB_DEVICE_Init
 .text.CDC_Init_FS
                0x000000000800704c       0x28 USB_DEVICE/App/usbd_cdc_if.o
 .text.CDC_DeInit_FS
                0x0000000008007074       0x10 USB_DEVICE/App/usbd_cdc_if.o
 .text.CDC_Control_FS
                0x0000000008007084       0xbc USB_DEVICE/App/usbd_cdc_if.o
 .text.CDC_Receive_FS
                0x0000000008007140       0x28 USB_DEVICE/App/usbd_cdc_if.o
 .text.CDC_Transmit_FS
                0x0000000008007168       0x4c USB_DEVICE/App/usbd_cdc_if.o
                0x0000000008007168                CDC_Transmit_FS
 .text.CDC_TransmitCplt_FS
                0x00000000080071b4       0x22 USB_DEVICE/App/usbd_cdc_if.o
 *fill*         0x00000000080071d6        0x2 
 .text.USBD_FS_DeviceDescriptor
                0x00000000080071d8       0x24 USB_DEVICE/App/usbd_desc.o
                0x00000000080071d8                USBD_FS_DeviceDescriptor
 .text.USBD_FS_LangIDStrDescriptor
                0x00000000080071fc       0x24 USB_DEVICE/App/usbd_desc.o
                0x00000000080071fc                USBD_FS_LangIDStrDescriptor
 .text.USBD_FS_ProductStrDescriptor
                0x0000000008007220       0x3c USB_DEVICE/App/usbd_desc.o
                0x0000000008007220                USBD_FS_ProductStrDescriptor
 .text.USBD_FS_ManufacturerStrDescriptor
                0x000000000800725c       0x28 USB_DEVICE/App/usbd_desc.o
                0x000000000800725c                USBD_FS_ManufacturerStrDescriptor
 .text.USBD_FS_SerialStrDescriptor
                0x0000000008007284       0x24 USB_DEVICE/App/usbd_desc.o
                0x0000000008007284                USBD_FS_SerialStrDescriptor
 .text.USBD_FS_ConfigStrDescriptor
                0x00000000080072a8       0x3c USB_DEVICE/App/usbd_desc.o
                0x00000000080072a8                USBD_FS_ConfigStrDescriptor
 .text.USBD_FS_InterfaceStrDescriptor
                0x00000000080072e4       0x3c USB_DEVICE/App/usbd_desc.o
                0x00000000080072e4                USBD_FS_InterfaceStrDescriptor
 .text.Get_SerialNum
                0x0000000008007320       0x58 USB_DEVICE/App/usbd_desc.o
 .text.IntToUnicode
                0x0000000008007378       0x7e USB_DEVICE/App/usbd_desc.o
 *fill*         0x00000000080073f6        0x2 
 .text.HAL_PCD_MspInit
                0x00000000080073f8       0xa8 USB_DEVICE/Target/usbd_conf.o
                0x00000000080073f8                HAL_PCD_MspInit
 .text.HAL_PCD_SetupStageCallback
                0x00000000080074a0       0x24 USB_DEVICE/Target/usbd_conf.o
                0x00000000080074a0                HAL_PCD_SetupStageCallback
 .text.HAL_PCD_DataOutStageCallback
                0x00000000080074c4       0x36 USB_DEVICE/Target/usbd_conf.o
                0x00000000080074c4                HAL_PCD_DataOutStageCallback
 .text.HAL_PCD_DataInStageCallback
                0x00000000080074fa       0x34 USB_DEVICE/Target/usbd_conf.o
                0x00000000080074fa                HAL_PCD_DataInStageCallback
 .text.HAL_PCD_SOFCallback
                0x000000000800752e       0x1c USB_DEVICE/Target/usbd_conf.o
                0x000000000800752e                HAL_PCD_SOFCallback
 .text.HAL_PCD_ResetCallback
                0x000000000800754a       0x50 USB_DEVICE/Target/usbd_conf.o
                0x000000000800754a                HAL_PCD_ResetCallback
 *fill*         0x000000000800759a        0x2 
 .text.HAL_PCD_SuspendCallback
                0x000000000800759c       0x4c USB_DEVICE/Target/usbd_conf.o
                0x000000000800759c                HAL_PCD_SuspendCallback
 .text.HAL_PCD_ResumeCallback
                0x00000000080075e8       0x1c USB_DEVICE/Target/usbd_conf.o
                0x00000000080075e8                HAL_PCD_ResumeCallback
 .text.HAL_PCD_ISOOUTIncompleteCallback
                0x0000000008007604       0x24 USB_DEVICE/Target/usbd_conf.o
                0x0000000008007604                HAL_PCD_ISOOUTIncompleteCallback
 .text.HAL_PCD_ISOINIncompleteCallback
                0x0000000008007628       0x24 USB_DEVICE/Target/usbd_conf.o
                0x0000000008007628                HAL_PCD_ISOINIncompleteCallback
 .text.HAL_PCD_ConnectCallback
                0x000000000800764c       0x1c USB_DEVICE/Target/usbd_conf.o
                0x000000000800764c                HAL_PCD_ConnectCallback
 .text.HAL_PCD_DisconnectCallback
                0x0000000008007668       0x1c USB_DEVICE/Target/usbd_conf.o
                0x0000000008007668                HAL_PCD_DisconnectCallback
 .text.USBD_LL_Init
                0x0000000008007684       0x98 USB_DEVICE/Target/usbd_conf.o
                0x0000000008007684                USBD_LL_Init
 .text.USBD_LL_Start
                0x000000000800771c       0x36 USB_DEVICE/Target/usbd_conf.o
                0x000000000800771c                USBD_LL_Start
 .text.USBD_LL_OpenEP
                0x0000000008007752       0x4c USB_DEVICE/Target/usbd_conf.o
                0x0000000008007752                USBD_LL_OpenEP
 .text.USBD_LL_CloseEP
                0x000000000800779e       0x3e USB_DEVICE/Target/usbd_conf.o
                0x000000000800779e                USBD_LL_CloseEP
 .text.USBD_LL_StallEP
                0x00000000080077dc       0x3e USB_DEVICE/Target/usbd_conf.o
                0x00000000080077dc                USBD_LL_StallEP
 .text.USBD_LL_ClearStallEP
                0x000000000800781a       0x3e USB_DEVICE/Target/usbd_conf.o
                0x000000000800781a                USBD_LL_ClearStallEP
 .text.USBD_LL_IsStallEP
                0x0000000008007858       0x58 USB_DEVICE/Target/usbd_conf.o
                0x0000000008007858                USBD_LL_IsStallEP
 .text.USBD_LL_SetUSBAddress
                0x00000000080078b0       0x3e USB_DEVICE/Target/usbd_conf.o
                0x00000000080078b0                USBD_LL_SetUSBAddress
 .text.USBD_LL_Transmit
                0x00000000080078ee       0x42 USB_DEVICE/Target/usbd_conf.o
                0x00000000080078ee                USBD_LL_Transmit
 .text.USBD_LL_PrepareReceive
                0x0000000008007930       0x42 USB_DEVICE/Target/usbd_conf.o
                0x0000000008007930                USBD_LL_PrepareReceive
 .text.USBD_LL_GetRxDataSize
                0x0000000008007972       0x26 USB_DEVICE/Target/usbd_conf.o
                0x0000000008007972                USBD_LL_GetRxDataSize
 .text.USBD_static_malloc
                0x0000000008007998       0x1c USB_DEVICE/Target/usbd_conf.o
                0x0000000008007998                USBD_static_malloc
 .text.USBD_static_free
                0x00000000080079b4       0x14 USB_DEVICE/Target/usbd_conf.o
                0x00000000080079b4                USBD_static_free
 .text.USBD_Get_USB_Status
                0x00000000080079c8       0x58 USB_DEVICE/Target/usbd_conf.o
                0x00000000080079c8                USBD_Get_USB_Status
 .text.__libc_init_array
                0x0000000008007a20       0x48 c:/st/stm32cubeide_1.6.0/stm32cubeide/plugins/com.st.stm32cube.ide.mcu.externaltools.gnu-tools-for-stm32.9-2020-q2-update.win32_1.5.0.202011040924/tools/bin/../lib/gcc/arm-none-eabi/9.3.1/../../../../arm-none-eabi/lib/thumb/v7e-m+fp/hard\libc_nano.a(lib_a-init.o)
                0x0000000008007a20                __libc_init_array
 .text.memset   0x0000000008007a68       0x10 c:/st/stm32cubeide_1.6.0/stm32cubeide/plugins/com.st.stm32cube.ide.mcu.externaltools.gnu-tools-for-stm32.9-2020-q2-update.win32_1.5.0.202011040924/tools/bin/../lib/gcc/arm-none-eabi/9.3.1/../../../../arm-none-eabi/lib/thumb/v7e-m+fp/hard\libc_nano.a(lib_a-memset.o)
                0x0000000008007a68                memset
 *(.glue_7)
 .glue_7        0x0000000008007a78        0x0 linker stubs
 *(.glue_7t)
 .glue_7t       0x0000000008007a78        0x0 linker stubs
 *(.eh_frame)
 .eh_frame      0x0000000008007a78        0x0 c:/st/stm32cubeide_1.6.0/stm32cubeide/plugins/com.st.stm32cube.ide.mcu.externaltools.gnu-tools-for-stm32.9-2020-q2-update.win32_1.5.0.202011040924/tools/bin/../lib/gcc/arm-none-eabi/9.3.1/thumb/v7e-m+fp/hard/crtbegin.o
 *(.init)
 .init          0x0000000008007a78        0x4 c:/st/stm32cubeide_1.6.0/stm32cubeide/plugins/com.st.stm32cube.ide.mcu.externaltools.gnu-tools-for-stm32.9-2020-q2-update.win32_1.5.0.202011040924/tools/bin/../lib/gcc/arm-none-eabi/9.3.1/thumb/v7e-m+fp/hard/crti.o
                0x0000000008007a78                _init
 .init          0x0000000008007a7c        0x8 c:/st/stm32cubeide_1.6.0/stm32cubeide/plugins/com.st.stm32cube.ide.mcu.externaltools.gnu-tools-for-stm32.9-2020-q2-update.win32_1.5.0.202011040924/tools/bin/../lib/gcc/arm-none-eabi/9.3.1/thumb/v7e-m+fp/hard/crtn.o
 *(.fini)
 .fini          0x0000000008007a84        0x4 c:/st/stm32cubeide_1.6.0/stm32cubeide/plugins/com.st.stm32cube.ide.mcu.externaltools.gnu-tools-for-stm32.9-2020-q2-update.win32_1.5.0.202011040924/tools/bin/../lib/gcc/arm-none-eabi/9.3.1/thumb/v7e-m+fp/hard/crti.o
                0x0000000008007a84                _fini
 .fini          0x0000000008007a88        0x8 c:/st/stm32cubeide_1.6.0/stm32cubeide/plugins/com.st.stm32cube.ide.mcu.externaltools.gnu-tools-for-stm32.9-2020-q2-update.win32_1.5.0.202011040924/tools/bin/../lib/gcc/arm-none-eabi/9.3.1/thumb/v7e-m+fp/hard/crtn.o
                0x0000000008007a90                . = ALIGN (0x4)
                0x0000000008007a90                _etext = .

.vfp11_veneer   0x0000000008007a90        0x0
 .vfp11_veneer  0x0000000008007a90        0x0 linker stubs

.v4_bx          0x0000000008007a90        0x0
 .v4_bx         0x0000000008007a90        0x0 linker stubs

.iplt           0x0000000008007a90        0x0
 .iplt          0x0000000008007a90        0x0 c:/st/stm32cubeide_1.6.0/stm32cubeide/plugins/com.st.stm32cube.ide.mcu.externaltools.gnu-tools-for-stm32.9-2020-q2-update.win32_1.5.0.202011040924/tools/bin/../lib/gcc/arm-none-eabi/9.3.1/thumb/v7e-m+fp/hard/crtbegin.o

.rodata         0x0000000008007a90       0x60
                0x0000000008007a90                . = ALIGN (0x4)
 *(.rodata)
 .rodata        0x0000000008007a90       0x46 USB_DEVICE/App/usbd_desc.o
 *(.rodata*)
 *fill*         0x0000000008007ad6        0x2 
 .rodata.AHBPrescTable
                0x0000000008007ad8       0x10 Core/Src/system_stm32f4xx.o
                0x0000000008007ad8                AHBPrescTable
 .rodata.APBPrescTable
                0x0000000008007ae8        0x8 Core/Src/system_stm32f4xx.o
                0x0000000008007ae8                APBPrescTable
                0x0000000008007af0                . = ALIGN (0x4)

.ARM.extab      0x0000000008007af0        0x0
                0x0000000008007af0                . = ALIGN (0x4)
 *(.ARM.extab* .gnu.linkonce.armextab.*)
                0x0000000008007af0                . = ALIGN (0x4)

.ARM            0x0000000008007af0        0x8
                0x0000000008007af0                . = ALIGN (0x4)
                0x0000000008007af0                __exidx_start = .
 *(.ARM.exidx*)
 .ARM.exidx     0x0000000008007af0        0x8 c:/st/stm32cubeide_1.6.0/stm32cubeide/plugins/com.st.stm32cube.ide.mcu.externaltools.gnu-tools-for-stm32.9-2020-q2-update.win32_1.5.0.202011040924/tools/bin/../lib/gcc/arm-none-eabi/9.3.1/thumb/v7e-m+fp/hard\libgcc.a(_udivmoddi4.o)
                0x0000000008007af8                __exidx_end = .
                0x0000000008007af8                . = ALIGN (0x4)

.rel.dyn        0x0000000008007af8        0x0
 .rel.iplt      0x0000000008007af8        0x0 c:/st/stm32cubeide_1.6.0/stm32cubeide/plugins/com.st.stm32cube.ide.mcu.externaltools.gnu-tools-for-stm32.9-2020-q2-update.win32_1.5.0.202011040924/tools/bin/../lib/gcc/arm-none-eabi/9.3.1/thumb/v7e-m+fp/hard/crtbegin.o

.preinit_array  0x0000000008007af8        0x0
                0x0000000008007af8                . = ALIGN (0x4)
                0x0000000008007af8                PROVIDE (__preinit_array_start = .)
 *(.preinit_array*)
                0x0000000008007af8                PROVIDE (__preinit_array_end = .)
                0x0000000008007af8                . = ALIGN (0x4)

.init_array     0x0000000008007af8        0x4
                0x0000000008007af8                . = ALIGN (0x4)
                0x0000000008007af8                PROVIDE (__init_array_start = .)
 *(SORT_BY_NAME(.init_array.*))
 *(.init_array*)
 .init_array    0x0000000008007af8        0x4 c:/st/stm32cubeide_1.6.0/stm32cubeide/plugins/com.st.stm32cube.ide.mcu.externaltools.gnu-tools-for-stm32.9-2020-q2-update.win32_1.5.0.202011040924/tools/bin/../lib/gcc/arm-none-eabi/9.3.1/thumb/v7e-m+fp/hard/crtbegin.o
                0x0000000008007afc                PROVIDE (__init_array_end = .)
                0x0000000008007afc                . = ALIGN (0x4)

.fini_array     0x0000000008007afc        0x4
                0x0000000008007afc                . = ALIGN (0x4)
                [!provide]                        PROVIDE (__fini_array_start = .)
 *(SORT_BY_NAME(.fini_array.*))
 *(.fini_array*)
 .fini_array    0x0000000008007afc        0x4 c:/st/stm32cubeide_1.6.0/stm32cubeide/plugins/com.st.stm32cube.ide.mcu.externaltools.gnu-tools-for-stm32.9-2020-q2-update.win32_1.5.0.202011040924/tools/bin/../lib/gcc/arm-none-eabi/9.3.1/thumb/v7e-m+fp/hard/crtbegin.o
                [!provide]                        PROVIDE (__fini_array_end = .)
                0x0000000008007b00                . = ALIGN (0x4)
                0x0000000008007b00                _sidata = LOADADDR (.data)

.data           0x0000000020000000      0x180 load address 0x0000000008007b00
                0x0000000020000000                . = ALIGN (0x4)
                0x0000000020000000                _sdata = .
 *(.data)
 *(.data*)
 .data.SystemCoreClock
                0x0000000020000000        0x4 Core/Src/system_stm32f4xx.o
                0x0000000020000000                SystemCoreClock
 .data.uwTickPrio
                0x0000000020000004        0x4 Drivers/STM32F4xx_HAL_Driver/Src/stm32f4xx_hal.o
                0x0000000020000004                uwTickPrio
 .data.uwTickFreq
                0x0000000020000008        0x1 Drivers/STM32F4xx_HAL_Driver/Src/stm32f4xx_hal.o
                0x0000000020000008                uwTickFreq
 *fill*         0x0000000020000009        0x3 
 .data.USBD_CDC_DeviceQualifierDesc
                0x000000002000000c        0xa Middlewares/ST/STM32_USB_Device_Library/Class/CDC/Src/usbd_cdc.o
 *fill*         0x0000000020000016        0x2 
 .data.USBD_CDC
                0x0000000020000018       0x38 Middlewares/ST/STM32_USB_Device_Library/Class/CDC/Src/usbd_cdc.o
                0x0000000020000018                USBD_CDC
 .data.USBD_CDC_CfgHSDesc
                0x0000000020000050       0x43 Middlewares/ST/STM32_USB_Device_Library/Class/CDC/Src/usbd_cdc.o
 *fill*         0x0000000020000093        0x1 
 .data.USBD_CDC_CfgFSDesc
                0x0000000020000094       0x43 Middlewares/ST/STM32_USB_Device_Library/Class/CDC/Src/usbd_cdc.o
 *fill*         0x00000000200000d7        0x1 
 .data.USBD_CDC_OtherSpeedCfgDesc
                0x00000000200000d8       0x43 Middlewares/ST/STM32_USB_Device_Library/Class/CDC/Src/usbd_cdc.o
 *fill*         0x000000002000011b        0x1 
 .data.USBD_Interface_fops_FS
                0x000000002000011c       0x14 USB_DEVICE/App/usbd_cdc_if.o
                0x000000002000011c                USBD_Interface_fops_FS
 .data.FS_Desc  0x0000000020000130       0x1c USB_DEVICE/App/usbd_desc.o
                0x0000000020000130                FS_Desc
 .data.USBD_FS_DeviceDesc
                0x000000002000014c       0x12 USB_DEVICE/App/usbd_desc.o
                0x000000002000014c                USBD_FS_DeviceDesc
 *fill*         0x000000002000015e        0x2 
 .data.USBD_LangIDDesc
                0x0000000020000160        0x4 USB_DEVICE/App/usbd_desc.o
                0x0000000020000160                USBD_LangIDDesc
 .data.USBD_StringSerial
                0x0000000020000164       0x1a USB_DEVICE/App/usbd_desc.o
                0x0000000020000164                USBD_StringSerial
 *(.RamFunc)
 *(.RamFunc*)
                0x0000000020000180                . = ALIGN (0x4)
 *fill*         0x000000002000017e        0x2 
                0x0000000020000180                _edata = .

.igot.plt       0x0000000020000180        0x0 load address 0x0000000008007c80
 .igot.plt      0x0000000020000180        0x0 c:/st/stm32cubeide_1.6.0/stm32cubeide/plugins/com.st.stm32cube.ide.mcu.externaltools.gnu-tools-for-stm32.9-2020-q2-update.win32_1.5.0.202011040924/tools/bin/../lib/gcc/arm-none-eabi/9.3.1/thumb/v7e-m+fp/hard/crtbegin.o
                0x0000000020000180                . = ALIGN (0x4)

.bss            0x0000000020000180     0x1c70 load address 0x0000000008007c80
                0x0000000020000180                _sbss = .
                0x0000000020000180                __bss_start__ = _sbss
 *(.bss)
 .bss           0x0000000020000180       0x1c c:/st/stm32cubeide_1.6.0/stm32cubeide/plugins/com.st.stm32cube.ide.mcu.externaltools.gnu-tools-for-stm32.9-2020-q2-update.win32_1.5.0.202011040924/tools/bin/../lib/gcc/arm-none-eabi/9.3.1/thumb/v7e-m+fp/hard/crtbegin.o
 *(.bss*)
 .bss.pin_state.10615
                0x000000002000019c        0x2 Core/Src/main.o
 .bss.cfgidx.10850
                0x000000002000019e        0x1 Middlewares/ST/STM32_USB_Device_Library/Core/Src/usbd_ctlreq.o
 *fill*         0x000000002000019f        0x1 
 .bss.mem.10919
                0x00000000200001a0      0x220 USB_DEVICE/Target/usbd_conf.o
 *(COMMON)
 COMMON         0x00000000200003c0      0x154 Core/Src/main.o
                0x00000000200003c0                huart3
                0x0000000020000404                hadc2
                0x000000002000044c                hcan2
                0x0000000020000474                hadc3
                0x00000000200004bc                hspi1
 COMMON         0x0000000020000514        0x4 Drivers/STM32F4xx_HAL_Driver/Src/stm32f4xx_hal.o
                0x0000000020000514                uwTick
 COMMON         0x0000000020000518      0x2d0 USB_DEVICE/App/usb_device.o
                0x0000000020000518                hUsbDeviceFS
 COMMON         0x00000000200007e8     0x1000 USB_DEVICE/App/usbd_cdc_if.o
                0x00000000200007e8                UserRxBufferFS
                0x0000000020000fe8                UserTxBufferFS
 COMMON         0x00000000200017e8      0x200 USB_DEVICE/App/usbd_desc.o
                0x00000000200017e8                USBD_StrDesc
 COMMON         0x00000000200019e8      0x408 USB_DEVICE/Target/usbd_conf.o
                0x00000000200019e8                hpcd_USB_OTG_FS
                0x0000000020001df0                . = ALIGN (0x4)
                0x0000000020001df0                _ebss = .
                0x0000000020001df0                __bss_end__ = _ebss

._user_heap_stack
                0x0000000020001df0      0x600 load address 0x0000000008007c80
                0x0000000020001df0                . = ALIGN (0x8)
                [!provide]                        PROVIDE (end = .)
                0x0000000020001df0                PROVIDE (_end = .)
                0x0000000020001ff0                . = (. + _Min_Heap_Size)
 *fill*         0x0000000020001df0      0x200 
                0x00000000200023f0                . = (. + _Min_Stack_Size)
 *fill*         0x0000000020001ff0      0x400 
                0x00000000200023f0                . = ALIGN (0x8)

/DISCARD/
 libc.a(*)
 libm.a(*)
 libgcc.a(*)

.ARM.attributes
                0x0000000000000000       0x30
 *(.ARM.attributes)
 .ARM.attributes
                0x0000000000000000       0x1e c:/st/stm32cubeide_1.6.0/stm32cubeide/plugins/com.st.stm32cube.ide.mcu.externaltools.gnu-tools-for-stm32.9-2020-q2-update.win32_1.5.0.202011040924/tools/bin/../lib/gcc/arm-none-eabi/9.3.1/thumb/v7e-m+fp/hard/crti.o
 .ARM.attributes
                0x000000000000001e       0x34 c:/st/stm32cubeide_1.6.0/stm32cubeide/plugins/com.st.stm32cube.ide.mcu.externaltools.gnu-tools-for-stm32.9-2020-q2-update.win32_1.5.0.202011040924/tools/bin/../lib/gcc/arm-none-eabi/9.3.1/thumb/v7e-m+fp/hard/crtbegin.o
 .ARM.attributes
                0x0000000000000052       0x34 Core/Src/main.o
 .ARM.attributes
                0x0000000000000086       0x34 Core/Src/stm32f4xx_hal_msp.o
 .ARM.attributes
                0x00000000000000ba       0x34 Core/Src/stm32f4xx_it.o
 .ARM.attributes
                0x00000000000000ee       0x34 Core/Src/system_stm32f4xx.o
 .ARM.attributes
                0x0000000000000122       0x21 Core/Startup/startup_stm32f407vetx.o
 .ARM.attributes
                0x0000000000000143       0x34 Drivers/STM32F4xx_HAL_Driver/Src/stm32f4xx_hal.o
 .ARM.attributes
                0x0000000000000177       0x34 Drivers/STM32F4xx_HAL_Driver/Src/stm32f4xx_hal_adc.o
 .ARM.attributes
                0x00000000000001ab       0x34 Drivers/STM32F4xx_HAL_Driver/Src/stm32f4xx_hal_can.o
 .ARM.attributes
                0x00000000000001df       0x34 Drivers/STM32F4xx_HAL_Driver/Src/stm32f4xx_hal_cortex.o
 .ARM.attributes
                0x0000000000000213       0x34 Drivers/STM32F4xx_HAL_Driver/Src/stm32f4xx_hal_gpio.o
 .ARM.attributes
                0x0000000000000247       0x34 Drivers/STM32F4xx_HAL_Driver/Src/stm32f4xx_hal_pcd.o
 .ARM.attributes
                0x000000000000027b       0x34 Drivers/STM32F4xx_HAL_Driver/Src/stm32f4xx_hal_pcd_ex.o
 .ARM.attributes
                0x00000000000002af       0x34 Drivers/STM32F4xx_HAL_Driver/Src/stm32f4xx_hal_rcc.o
 .ARM.attributes
                0x00000000000002e3       0x34 Drivers/STM32F4xx_HAL_Driver/Src/stm32f4xx_hal_spi.o
 .ARM.attributes
                0x0000000000000317       0x34 Drivers/STM32F4xx_HAL_Driver/Src/stm32f4xx_hal_uart.o
 .ARM.attributes
                0x000000000000034b       0x34 Drivers/STM32F4xx_HAL_Driver/Src/stm32f4xx_ll_usb.o
 .ARM.attributes
                0x000000000000037f       0x34 Middlewares/ST/STM32_USB_Device_Library/Class/CDC/Src/usbd_cdc.o
 .ARM.attributes
                0x00000000000003b3       0x34 Middlewares/ST/STM32_USB_Device_Library/Core/Src/usbd_core.o
 .ARM.attributes
                0x00000000000003e7       0x34 Middlewares/ST/STM32_USB_Device_Library/Core/Src/usbd_ctlreq.o
 .ARM.attributes
                0x000000000000041b       0x34 Middlewares/ST/STM32_USB_Device_Library/Core/Src/usbd_ioreq.o
 .ARM.attributes
                0x000000000000044f       0x34 USB_DEVICE/App/usb_device.o
 .ARM.attributes
                0x0000000000000483       0x34 USB_DEVICE/App/usbd_cdc_if.o
 .ARM.attributes
                0x00000000000004b7       0x34 USB_DEVICE/App/usbd_desc.o
 .ARM.attributes
                0x00000000000004eb       0x34 USB_DEVICE/Target/usbd_conf.o
 .ARM.attributes
                0x000000000000051f       0x34 c:/st/stm32cubeide_1.6.0/stm32cubeide/plugins/com.st.stm32cube.ide.mcu.externaltools.gnu-tools-for-stm32.9-2020-q2-update.win32_1.5.0.202011040924/tools/bin/../lib/gcc/arm-none-eabi/9.3.1/../../../../arm-none-eabi/lib/thumb/v7e-m+fp/hard\libc_nano.a(lib_a-init.o)
 .ARM.attributes
                0x0000000000000553       0x34 c:/st/stm32cubeide_1.6.0/stm32cubeide/plugins/com.st.stm32cube.ide.mcu.externaltools.gnu-tools-for-stm32.9-2020-q2-update.win32_1.5.0.202011040924/tools/bin/../lib/gcc/arm-none-eabi/9.3.1/../../../../arm-none-eabi/lib/thumb/v7e-m+fp/hard\libc_nano.a(lib_a-memset.o)
 .ARM.attributes
                0x0000000000000587       0x1e c:/st/stm32cubeide_1.6.0/stm32cubeide/plugins/com.st.stm32cube.ide.mcu.externaltools.gnu-tools-for-stm32.9-2020-q2-update.win32_1.5.0.202011040924/tools/bin/../lib/gcc/arm-none-eabi/9.3.1/thumb/v7e-m+fp/hard\libgcc.a(_aeabi_uldivmod.o)
 .ARM.attributes
                0x00000000000005a5       0x34 c:/st/stm32cubeide_1.6.0/stm32cubeide/plugins/com.st.stm32cube.ide.mcu.externaltools.gnu-tools-for-stm32.9-2020-q2-update.win32_1.5.0.202011040924/tools/bin/../lib/gcc/arm-none-eabi/9.3.1/thumb/v7e-m+fp/hard\libgcc.a(_udivmoddi4.o)
 .ARM.attributes
                0x00000000000005d9       0x1e c:/st/stm32cubeide_1.6.0/stm32cubeide/plugins/com.st.stm32cube.ide.mcu.externaltools.gnu-tools-for-stm32.9-2020-q2-update.win32_1.5.0.202011040924/tools/bin/../lib/gcc/arm-none-eabi/9.3.1/thumb/v7e-m+fp/hard\libgcc.a(_dvmd_tls.o)
 .ARM.attributes
                0x00000000000005f7       0x1e c:/st/stm32cubeide_1.6.0/stm32cubeide/plugins/com.st.stm32cube.ide.mcu.externaltools.gnu-tools-for-stm32.9-2020-q2-update.win32_1.5.0.202011040924/tools/bin/../lib/gcc/arm-none-eabi/9.3.1/thumb/v7e-m+fp/hard/crtn.o
OUTPUT(hot_garbage.elf elf32-littlearm)
LOAD linker stubs
LOAD c:/st/stm32cubeide_1.6.0/stm32cubeide/plugins/com.st.stm32cube.ide.mcu.externaltools.gnu-tools-for-stm32.9-2020-q2-update.win32_1.5.0.202011040924/tools/bin/../lib/gcc/arm-none-eabi/9.3.1/../../../../arm-none-eabi/lib/thumb/v7e-m+fp/hard\libc.a
LOAD c:/st/stm32cubeide_1.6.0/stm32cubeide/plugins/com.st.stm32cube.ide.mcu.externaltools.gnu-tools-for-stm32.9-2020-q2-update.win32_1.5.0.202011040924/tools/bin/../lib/gcc/arm-none-eabi/9.3.1/../../../../arm-none-eabi/lib/thumb/v7e-m+fp/hard\libm.a
LOAD c:/st/stm32cubeide_1.6.0/stm32cubeide/plugins/com.st.stm32cube.ide.mcu.externaltools.gnu-tools-for-stm32.9-2020-q2-update.win32_1.5.0.202011040924/tools/bin/../lib/gcc/arm-none-eabi/9.3.1/thumb/v7e-m+fp/hard\libgcc.a

.debug_info     0x0000000000000000    0x190ce
 .debug_info    0x0000000000000000     0x1f72 Core/Src/main.o
 .debug_info    0x0000000000001f72     0x14c3 Core/Src/stm32f4xx_hal_msp.o
 .debug_info    0x0000000000003435      0x6db Core/Src/stm32f4xx_it.o
 .debug_info    0x0000000000003b10      0x5a4 Core/Src/system_stm32f4xx.o
 .debug_info    0x00000000000040b4       0x22 Core/Startup/startup_stm32f407vetx.o
 .debug_info    0x00000000000040d6      0x9b2 Drivers/STM32F4xx_HAL_Driver/Src/stm32f4xx_hal.o
 .debug_info    0x0000000000004a88      0xdbc Drivers/STM32F4xx_HAL_Driver/Src/stm32f4xx_hal_adc.o
 .debug_info    0x0000000000005844     0x108c Drivers/STM32F4xx_HAL_Driver/Src/stm32f4xx_hal_can.o
 .debug_info    0x00000000000068d0      0xed7 Drivers/STM32F4xx_HAL_Driver/Src/stm32f4xx_hal_cortex.o
 .debug_info    0x00000000000077a7      0x83e Drivers/STM32F4xx_HAL_Driver/Src/stm32f4xx_hal_gpio.o
 .debug_info    0x0000000000007fe5     0x12dd Drivers/STM32F4xx_HAL_Driver/Src/stm32f4xx_hal_pcd.o
 .debug_info    0x00000000000092c2      0x7c3 Drivers/STM32F4xx_HAL_Driver/Src/stm32f4xx_hal_pcd_ex.o
 .debug_info    0x0000000000009a85      0x996 Drivers/STM32F4xx_HAL_Driver/Src/stm32f4xx_hal_rcc.o
 .debug_info    0x000000000000a41b     0x17c0 Drivers/STM32F4xx_HAL_Driver/Src/stm32f4xx_hal_spi.o
 .debug_info    0x000000000000bbdb     0x1665 Drivers/STM32F4xx_HAL_Driver/Src/stm32f4xx_hal_uart.o
 .debug_info    0x000000000000d240     0x1a8c Drivers/STM32F4xx_HAL_Driver/Src/stm32f4xx_ll_usb.o
 .debug_info    0x000000000000eccc     0x198b Middlewares/ST/STM32_USB_Device_Library/Class/CDC/Src/usbd_cdc.o
 .debug_info    0x0000000000010657     0x13a7 Middlewares/ST/STM32_USB_Device_Library/Core/Src/usbd_core.o
 .debug_info    0x00000000000119fe     0x1373 Middlewares/ST/STM32_USB_Device_Library/Core/Src/usbd_ctlreq.o
 .debug_info    0x0000000000012d71     0x1095 Middlewares/ST/STM32_USB_Device_Library/Core/Src/usbd_ioreq.o
 .debug_info    0x0000000000013e06      0xffe USB_DEVICE/App/usb_device.o
 .debug_info    0x0000000000014e04     0x122f USB_DEVICE/App/usbd_cdc_if.o
 .debug_info    0x0000000000016033      0xdfa USB_DEVICE/App/usbd_desc.o
 .debug_info    0x0000000000016e2d     0x22a1 USB_DEVICE/Target/usbd_conf.o

.debug_abbrev   0x0000000000000000     0x37f6
 .debug_abbrev  0x0000000000000000      0x302 Core/Src/main.o
 .debug_abbrev  0x0000000000000302      0x21b Core/Src/stm32f4xx_hal_msp.o
 .debug_abbrev  0x000000000000051d      0x184 Core/Src/stm32f4xx_it.o
 .debug_abbrev  0x00000000000006a1      0x145 Core/Src/system_stm32f4xx.o
 .debug_abbrev  0x00000000000007e6       0x12 Core/Startup/startup_stm32f407vetx.o
 .debug_abbrev  0x00000000000007f8      0x1ed Drivers/STM32F4xx_HAL_Driver/Src/stm32f4xx_hal.o
 .debug_abbrev  0x00000000000009e5      0x22f Drivers/STM32F4xx_HAL_Driver/Src/stm32f4xx_hal_adc.o
 .debug_abbrev  0x0000000000000c14      0x246 Drivers/STM32F4xx_HAL_Driver/Src/stm32f4xx_hal_can.o
 .debug_abbrev  0x0000000000000e5a      0x33c Drivers/STM32F4xx_HAL_Driver/Src/stm32f4xx_hal_cortex.o
 .debug_abbrev  0x0000000000001196      0x1f1 Drivers/STM32F4xx_HAL_Driver/Src/stm32f4xx_hal_gpio.o
 .debug_abbrev  0x0000000000001387      0x2a0 Drivers/STM32F4xx_HAL_Driver/Src/stm32f4xx_hal_pcd.o
 .debug_abbrev  0x0000000000001627      0x1fb Drivers/STM32F4xx_HAL_Driver/Src/stm32f4xx_hal_pcd_ex.o
 .debug_abbrev  0x0000000000001822      0x275 Drivers/STM32F4xx_HAL_Driver/Src/stm32f4xx_hal_rcc.o
 .debug_abbrev  0x0000000000001a97      0x26e Drivers/STM32F4xx_HAL_Driver/Src/stm32f4xx_hal_spi.o
 .debug_abbrev  0x0000000000001d05      0x28b Drivers/STM32F4xx_HAL_Driver/Src/stm32f4xx_hal_uart.o
 .debug_abbrev  0x0000000000001f90      0x2a7 Drivers/STM32F4xx_HAL_Driver/Src/stm32f4xx_ll_usb.o
 .debug_abbrev  0x0000000000002237      0x2fc Middlewares/ST/STM32_USB_Device_Library/Class/CDC/Src/usbd_cdc.o
 .debug_abbrev  0x0000000000002533      0x2b7 Middlewares/ST/STM32_USB_Device_Library/Core/Src/usbd_core.o
 .debug_abbrev  0x00000000000027ea      0x2fc Middlewares/ST/STM32_USB_Device_Library/Core/Src/usbd_ctlreq.o
 .debug_abbrev  0x0000000000002ae6      0x22a Middlewares/ST/STM32_USB_Device_Library/Core/Src/usbd_ioreq.o
 .debug_abbrev  0x0000000000002d10      0x204 USB_DEVICE/App/usb_device.o
 .debug_abbrev  0x0000000000002f14      0x30c USB_DEVICE/App/usbd_cdc_if.o
 .debug_abbrev  0x0000000000003220      0x2aa USB_DEVICE/App/usbd_desc.o
 .debug_abbrev  0x00000000000034ca      0x32c USB_DEVICE/Target/usbd_conf.o

.debug_aranges  0x0000000000000000     0x1158
 .debug_aranges
                0x0000000000000000       0x60 Core/Src/main.o
 .debug_aranges
                0x0000000000000060       0x60 Core/Src/stm32f4xx_hal_msp.o
 .debug_aranges
                0x00000000000000c0       0x68 Core/Src/stm32f4xx_it.o
 .debug_aranges
                0x0000000000000128       0x28 Core/Src/system_stm32f4xx.o
 .debug_aranges
                0x0000000000000150       0x28 Core/Startup/startup_stm32f407vetx.o
 .debug_aranges
                0x0000000000000178       0xf0 Drivers/STM32F4xx_HAL_Driver/Src/stm32f4xx_hal.o
 .debug_aranges
                0x0000000000000268       0xe8 Drivers/STM32F4xx_HAL_Driver/Src/stm32f4xx_hal_adc.o
 .debug_aranges
                0x0000000000000350      0x138 Drivers/STM32F4xx_HAL_Driver/Src/stm32f4xx_hal_can.o
 .debug_aranges
                0x0000000000000488      0x118 Drivers/STM32F4xx_HAL_Driver/Src/stm32f4xx_hal_cortex.o
 .debug_aranges
                0x00000000000005a0       0x58 Drivers/STM32F4xx_HAL_Driver/Src/stm32f4xx_hal_gpio.o
 .debug_aranges
                0x00000000000005f8      0x138 Drivers/STM32F4xx_HAL_Driver/Src/stm32f4xx_hal_pcd.o
 .debug_aranges
                0x0000000000000730       0x38 Drivers/STM32F4xx_HAL_Driver/Src/stm32f4xx_hal_pcd_ex.o
 .debug_aranges
                0x0000000000000768       0x88 Drivers/STM32F4xx_HAL_Driver/Src/stm32f4xx_hal_rcc.o
 .debug_aranges
                0x00000000000007f0      0x1d0 Drivers/STM32F4xx_HAL_Driver/Src/stm32f4xx_hal_spi.o
 .debug_aranges
                0x00000000000009c0      0x200 Drivers/STM32F4xx_HAL_Driver/Src/stm32f4xx_hal_uart.o
 .debug_aranges
                0x0000000000000bc0      0x198 Drivers/STM32F4xx_HAL_Driver/Src/stm32f4xx_ll_usb.o
 .debug_aranges
                0x0000000000000d58       0x90 Middlewares/ST/STM32_USB_Device_Library/Class/CDC/Src/usbd_cdc.o
 .debug_aranges
                0x0000000000000de8       0xb8 Middlewares/ST/STM32_USB_Device_Library/Core/Src/usbd_core.o
 .debug_aranges
                0x0000000000000ea0       0x90 Middlewares/ST/STM32_USB_Device_Library/Core/Src/usbd_ctlreq.o
 .debug_aranges
                0x0000000000000f30       0x50 Middlewares/ST/STM32_USB_Device_Library/Core/Src/usbd_ioreq.o
 .debug_aranges
                0x0000000000000f80       0x20 USB_DEVICE/App/usb_device.o
 .debug_aranges
                0x0000000000000fa0       0x48 USB_DEVICE/App/usbd_cdc_if.o
 .debug_aranges
                0x0000000000000fe8       0x60 USB_DEVICE/App/usbd_desc.o
 .debug_aranges
                0x0000000000001048      0x110 USB_DEVICE/Target/usbd_conf.o

.debug_ranges   0x0000000000000000     0x1010
 .debug_ranges  0x0000000000000000       0x50 Core/Src/main.o
 .debug_ranges  0x0000000000000050       0x50 Core/Src/stm32f4xx_hal_msp.o
 .debug_ranges  0x00000000000000a0       0x58 Core/Src/stm32f4xx_it.o
 .debug_ranges  0x00000000000000f8       0x18 Core/Src/system_stm32f4xx.o
 .debug_ranges  0x0000000000000110       0x20 Core/Startup/startup_stm32f407vetx.o
 .debug_ranges  0x0000000000000130       0xe0 Drivers/STM32F4xx_HAL_Driver/Src/stm32f4xx_hal.o
 .debug_ranges  0x0000000000000210       0xd8 Drivers/STM32F4xx_HAL_Driver/Src/stm32f4xx_hal_adc.o
 .debug_ranges  0x00000000000002e8      0x128 Drivers/STM32F4xx_HAL_Driver/Src/stm32f4xx_hal_can.o
 .debug_ranges  0x0000000000000410      0x108 Drivers/STM32F4xx_HAL_Driver/Src/stm32f4xx_hal_cortex.o
 .debug_ranges  0x0000000000000518       0x48 Drivers/STM32F4xx_HAL_Driver/Src/stm32f4xx_hal_gpio.o
 .debug_ranges  0x0000000000000560      0x128 Drivers/STM32F4xx_HAL_Driver/Src/stm32f4xx_hal_pcd.o
 .debug_ranges  0x0000000000000688       0x28 Drivers/STM32F4xx_HAL_Driver/Src/stm32f4xx_hal_pcd_ex.o
 .debug_ranges  0x00000000000006b0       0x78 Drivers/STM32F4xx_HAL_Driver/Src/stm32f4xx_hal_rcc.o
 .debug_ranges  0x0000000000000728      0x1c0 Drivers/STM32F4xx_HAL_Driver/Src/stm32f4xx_hal_spi.o
 .debug_ranges  0x00000000000008e8      0x220 Drivers/STM32F4xx_HAL_Driver/Src/stm32f4xx_hal_uart.o
 .debug_ranges  0x0000000000000b08      0x188 Drivers/STM32F4xx_HAL_Driver/Src/stm32f4xx_ll_usb.o
 .debug_ranges  0x0000000000000c90       0x80 Middlewares/ST/STM32_USB_Device_Library/Class/CDC/Src/usbd_cdc.o
 .debug_ranges  0x0000000000000d10       0xa8 Middlewares/ST/STM32_USB_Device_Library/Core/Src/usbd_core.o
 .debug_ranges  0x0000000000000db8       0x80 Middlewares/ST/STM32_USB_Device_Library/Core/Src/usbd_ctlreq.o
 .debug_ranges  0x0000000000000e38       0x40 Middlewares/ST/STM32_USB_Device_Library/Core/Src/usbd_ioreq.o
 .debug_ranges  0x0000000000000e78       0x10 USB_DEVICE/App/usb_device.o
 .debug_ranges  0x0000000000000e88       0x38 USB_DEVICE/App/usbd_cdc_if.o
 .debug_ranges  0x0000000000000ec0       0x50 USB_DEVICE/App/usbd_desc.o
 .debug_ranges  0x0000000000000f10      0x100 USB_DEVICE/Target/usbd_conf.o

.debug_macro    0x0000000000000000    0x25364
 .debug_macro   0x0000000000000000      0x414 Core/Src/main.o
 .debug_macro   0x0000000000000414      0xaa8 Core/Src/main.o
 .debug_macro   0x0000000000000ebc      0x2ad Core/Src/main.o
 .debug_macro   0x0000000000001169       0x2e Core/Src/main.o
 .debug_macro   0x0000000000001197       0x2f Core/Src/main.o
 .debug_macro   0x00000000000011c6       0x22 Core/Src/main.o
 .debug_macro   0x00000000000011e8       0x8e Core/Src/main.o
 .debug_macro   0x0000000000001276       0x51 Core/Src/main.o
 .debug_macro   0x00000000000012c7      0x103 Core/Src/main.o
 .debug_macro   0x00000000000013ca       0x6a Core/Src/main.o
 .debug_macro   0x0000000000001434      0x1df Core/Src/main.o
 .debug_macro   0x0000000000001613       0x1c Core/Src/main.o
 .debug_macro   0x000000000000162f       0x22 Core/Src/main.o
 .debug_macro   0x0000000000001651       0xdf Core/Src/main.o
 .debug_macro   0x0000000000001730     0x102d Core/Src/main.o
 .debug_macro   0x000000000000275d      0x11f Core/Src/main.o
 .debug_macro   0x000000000000287c    0x15e3c Core/Src/main.o
 .debug_macro   0x00000000000186b8       0x43 Core/Src/main.o
 .debug_macro   0x00000000000186fb     0x3659 Core/Src/main.o
 .debug_macro   0x000000000001bd54      0x174 Core/Src/main.o
 .debug_macro   0x000000000001bec8       0x5c Core/Src/main.o
 .debug_macro   0x000000000001bf24      0x96b Core/Src/main.o
 .debug_macro   0x000000000001c88f      0x9fe Core/Src/main.o
 .debug_macro   0x000000000001d28d      0x117 Core/Src/main.o
 .debug_macro   0x000000000001d3a4      0x13e Core/Src/main.o
 .debug_macro   0x000000000001d4e2       0x82 Core/Src/main.o
 .debug_macro   0x000000000001d564      0x174 Core/Src/main.o
 .debug_macro   0x000000000001d6d8      0x287 Core/Src/main.o
 .debug_macro   0x000000000001d95f       0x5f Core/Src/main.o
 .debug_macro   0x000000000001d9be      0x236 Core/Src/main.o
 .debug_macro   0x000000000001dbf4      0xb5b Core/Src/main.o
 .debug_macro   0x000000000001e74f      0x38b Core/Src/main.o
 .debug_macro   0x000000000001eada      0x176 Core/Src/main.o
 .debug_macro   0x000000000001ec50       0xf9 Core/Src/main.o
 .debug_macro   0x000000000001ed49      0x40f Core/Src/main.o
 .debug_macro   0x000000000001f158      0x12c Core/Src/main.o
 .debug_macro   0x000000000001f284      0x21e Core/Src/main.o
 .debug_macro   0x000000000001f4a2       0x2e Core/Src/main.o
 .debug_macro   0x000000000001f4d0      0x11a Core/Src/main.o
 .debug_macro   0x000000000001f5ea       0x7e Core/Src/main.o
 .debug_macro   0x000000000001f668       0x89 Core/Src/main.o
 .debug_macro   0x000000000001f6f1      0x225 Core/Src/main.o
 .debug_macro   0x000000000001f916      0x295 Core/Src/main.o
 .debug_macro   0x000000000001fbab      0x21e Core/Src/main.o
 .debug_macro   0x000000000001fdc9       0xba Core/Src/main.o
 .debug_macro   0x000000000001fe83      0x12d Core/Src/main.o
 .debug_macro   0x000000000001ffb0       0x1c Core/Src/main.o
 .debug_macro   0x000000000001ffcc       0x52 Core/Src/main.o
 .debug_macro   0x000000000002001e       0x18 Core/Src/main.o
 .debug_macro   0x0000000000020036       0x3c Core/Src/main.o
 .debug_macro   0x0000000000020072       0x34 Core/Src/main.o
 .debug_macro   0x00000000000200a6       0x16 Core/Src/main.o
 .debug_macro   0x00000000000200bc       0x35 Core/Src/main.o
 .debug_macro   0x00000000000200f1      0x333 Core/Src/main.o
 .debug_macro   0x0000000000020424       0x10 Core/Src/main.o
 .debug_macro   0x0000000000020434       0x16 Core/Src/main.o
 .debug_macro   0x000000000002044a       0x43 Core/Src/main.o
 .debug_macro   0x000000000002048d       0x34 Core/Src/main.o
 .debug_macro   0x00000000000204c1       0x10 Core/Src/main.o
 .debug_macro   0x00000000000204d1       0x58 Core/Src/main.o
 .debug_macro   0x0000000000020529       0x71 Core/Src/main.o
 .debug_macro   0x000000000002059a       0x1c Core/Src/main.o
 .debug_macro   0x00000000000205b6      0x12a Core/Src/main.o
 .debug_macro   0x00000000000206e0       0x10 Core/Src/main.o
 .debug_macro   0x00000000000206f0       0x1c Core/Src/main.o
 .debug_macro   0x000000000002070c       0x52 Core/Src/main.o
 .debug_macro   0x000000000002075e       0x22 Core/Src/main.o
 .debug_macro   0x0000000000020780       0x10 Core/Src/main.o
 .debug_macro   0x0000000000020790       0x40 Core/Src/main.o
 .debug_macro   0x00000000000207d0       0xd5 Core/Src/main.o
 .debug_macro   0x00000000000208a5       0x1c Core/Src/main.o
 .debug_macro   0x00000000000208c1       0x3d Core/Src/main.o
 .debug_macro   0x00000000000208fe       0x16 Core/Src/main.o
 .debug_macro   0x0000000000020914      0x145 Core/Src/main.o
 .debug_macro   0x0000000000020a59       0x16 Core/Src/main.o
 .debug_macro   0x0000000000020a6f       0x16 Core/Src/main.o
 .debug_macro   0x0000000000020a85       0x29 Core/Src/main.o
 .debug_macro   0x0000000000020aae       0x16 Core/Src/main.o
 .debug_macro   0x0000000000020ac4       0x20 Core/Src/main.o
 .debug_macro   0x0000000000020ae4       0x65 Core/Src/main.o
 .debug_macro   0x0000000000020b49      0x1ef Core/Src/main.o
 .debug_macro   0x0000000000020d38      0x229 Core/Src/stm32f4xx_hal_msp.o
 .debug_macro   0x0000000000020f61      0x233 Core/Src/stm32f4xx_it.o
 .debug_macro   0x0000000000021194      0x21a Core/Src/system_stm32f4xx.o
 .debug_macro   0x00000000000213ae      0x27a Drivers/STM32F4xx_HAL_Driver/Src/stm32f4xx_hal.o
 .debug_macro   0x0000000000021628      0x21b Drivers/STM32F4xx_HAL_Driver/Src/stm32f4xx_hal_adc.o
 .debug_macro   0x0000000000021843      0x222 Drivers/STM32F4xx_HAL_Driver/Src/stm32f4xx_hal_can.o
 .debug_macro   0x0000000000021a65      0x21a Drivers/STM32F4xx_HAL_Driver/Src/stm32f4xx_hal_cortex.o
 .debug_macro   0x0000000000021c7f      0x220 Drivers/STM32F4xx_HAL_Driver/Src/stm32f4xx_hal_gpio.o
 .debug_macro   0x0000000000021e9f      0x226 Drivers/STM32F4xx_HAL_Driver/Src/stm32f4xx_hal_pcd.o
 .debug_macro   0x00000000000220c5      0x21a Drivers/STM32F4xx_HAL_Driver/Src/stm32f4xx_hal_pcd_ex.o
 .debug_macro   0x00000000000222df      0x23e Drivers/STM32F4xx_HAL_Driver/Src/stm32f4xx_hal_rcc.o
 .debug_macro   0x000000000002251d      0x229 Drivers/STM32F4xx_HAL_Driver/Src/stm32f4xx_hal_spi.o
 .debug_macro   0x0000000000022746      0x21b Drivers/STM32F4xx_HAL_Driver/Src/stm32f4xx_hal_uart.o
 .debug_macro   0x0000000000022961      0x21a Drivers/STM32F4xx_HAL_Driver/Src/stm32f4xx_ll_usb.o
 .debug_macro   0x0000000000022b7b      0x43f Middlewares/ST/STM32_USB_Device_Library/Class/CDC/Src/usbd_cdc.o
 .debug_macro   0x0000000000022fba       0x97 Middlewares/ST/STM32_USB_Device_Library/Class/CDC/Src/usbd_cdc.o
 .debug_macro   0x0000000000023051       0xfd Middlewares/ST/STM32_USB_Device_Library/Class/CDC/Src/usbd_cdc.o
 .debug_macro   0x000000000002314e       0xd9 Middlewares/ST/STM32_USB_Device_Library/Class/CDC/Src/usbd_cdc.o
 .debug_macro   0x0000000000023227       0x56 Middlewares/ST/STM32_USB_Device_Library/Class/CDC/Src/usbd_cdc.o
 .debug_macro   0x000000000002327d       0x95 Middlewares/ST/STM32_USB_Device_Library/Class/CDC/Src/usbd_cdc.o
 .debug_macro   0x0000000000023312      0x426 Middlewares/ST/STM32_USB_Device_Library/Core/Src/usbd_core.o
 .debug_macro   0x0000000000023738      0x1f5 Middlewares/ST/STM32_USB_Device_Library/Core/Src/usbd_core.o
 .debug_macro   0x000000000002392d      0x430 Middlewares/ST/STM32_USB_Device_Library/Core/Src/usbd_ctlreq.o
 .debug_macro   0x0000000000023d5d      0x42c Middlewares/ST/STM32_USB_Device_Library/Core/Src/usbd_ioreq.o
 .debug_macro   0x0000000000024189      0x45f USB_DEVICE/App/usb_device.o
 .debug_macro   0x00000000000245e8       0x22 USB_DEVICE/App/usb_device.o
 .debug_macro   0x000000000002460a       0x22 USB_DEVICE/App/usb_device.o
 .debug_macro   0x000000000002462c       0x16 USB_DEVICE/App/usb_device.o
 .debug_macro   0x0000000000024642      0x44a USB_DEVICE/App/usbd_cdc_if.o
 .debug_macro   0x0000000000024a8c       0x10 USB_DEVICE/App/usbd_cdc_if.o
 .debug_macro   0x0000000000024a9c      0x469 USB_DEVICE/App/usbd_desc.o
 .debug_macro   0x0000000000024f05       0x1c USB_DEVICE/App/usbd_desc.o
 .debug_macro   0x0000000000024f21      0x443 USB_DEVICE/Target/usbd_conf.o

.debug_line     0x0000000000000000    0x14fd6
 .debug_line    0x0000000000000000      0xc86 Core/Src/main.o
 .debug_line    0x0000000000000c86      0x8ae Core/Src/stm32f4xx_hal_msp.o
 .debug_line    0x0000000000001534      0x82c Core/Src/stm32f4xx_it.o
 .debug_line    0x0000000000001d60      0x7d3 Core/Src/system_stm32f4xx.o
 .debug_line    0x0000000000002533       0x88 Core/Startup/startup_stm32f407vetx.o
 .debug_line    0x00000000000025bb      0xa39 Drivers/STM32F4xx_HAL_Driver/Src/stm32f4xx_hal.o
 .debug_line    0x0000000000002ff4     0x12c3 Drivers/STM32F4xx_HAL_Driver/Src/stm32f4xx_hal_adc.o
 .debug_line    0x00000000000042b7     0x11a5 Drivers/STM32F4xx_HAL_Driver/Src/stm32f4xx_hal_can.o
 .debug_line    0x000000000000545c      0xce8 Drivers/STM32F4xx_HAL_Driver/Src/stm32f4xx_hal_cortex.o
 .debug_line    0x0000000000006144      0xbb1 Drivers/STM32F4xx_HAL_Driver/Src/stm32f4xx_hal_gpio.o
 .debug_line    0x0000000000006cf5     0x1384 Drivers/STM32F4xx_HAL_Driver/Src/stm32f4xx_hal_pcd.o
 .debug_line    0x0000000000008079      0x81c Drivers/STM32F4xx_HAL_Driver/Src/stm32f4xx_hal_pcd_ex.o
 .debug_line    0x0000000000008895      0xdb5 Drivers/STM32F4xx_HAL_Driver/Src/stm32f4xx_hal_rcc.o
 .debug_line    0x000000000000964a     0x1cc1 Drivers/STM32F4xx_HAL_Driver/Src/stm32f4xx_hal_spi.o
 .debug_line    0x000000000000b30b     0x1aff Drivers/STM32F4xx_HAL_Driver/Src/stm32f4xx_hal_uart.o
 .debug_line    0x000000000000ce0a     0x190a Drivers/STM32F4xx_HAL_Driver/Src/stm32f4xx_ll_usb.o
 .debug_line    0x000000000000e714      0xe1f Middlewares/ST/STM32_USB_Device_Library/Class/CDC/Src/usbd_cdc.o
 .debug_line    0x000000000000f533      0xea2 Middlewares/ST/STM32_USB_Device_Library/Core/Src/usbd_core.o
 .debug_line    0x00000000000103d5     0x1122 Middlewares/ST/STM32_USB_Device_Library/Core/Src/usbd_ctlreq.o
 .debug_line    0x00000000000114f7      0xaf9 Middlewares/ST/STM32_USB_Device_Library/Core/Src/usbd_ioreq.o
 .debug_line    0x0000000000011ff0      0xab5 USB_DEVICE/App/usb_device.o
 .debug_line    0x0000000000012aa5      0xb18 USB_DEVICE/App/usbd_cdc_if.o
 .debug_line    0x00000000000135bd      0xb7e USB_DEVICE/App/usbd_desc.o
 .debug_line    0x000000000001413b      0xe9b USB_DEVICE/Target/usbd_conf.o

.debug_str      0x0000000000000000    0xd6dd4
 .debug_str     0x0000000000000000    0xd241f Core/Src/main.o
                                      0xd2867 (size before relaxing)
 .debug_str     0x00000000000d241f       0xcb Core/Src/stm32f4xx_hal_msp.o
                                      0xcda76 (size before relaxing)
 .debug_str     0x00000000000d24ea      0x3fc Core/Src/stm32f4xx_it.o
                                      0xcd351 (size before relaxing)
 .debug_str     0x00000000000d28e6       0xaf Core/Src/system_stm32f4xx.o
                                      0xcd028 (size before relaxing)
 .debug_str     0x00000000000d2995       0x36 Core/Startup/startup_stm32f407vetx.o
                                         0x74 (size before relaxing)
 .debug_str     0x00000000000d29cb      0xa4a Drivers/STM32F4xx_HAL_Driver/Src/stm32f4xx_hal.o
                                      0xcdb0a (size before relaxing)
 .debug_str     0x00000000000d3415      0x29c Drivers/STM32F4xx_HAL_Driver/Src/stm32f4xx_hal_adc.o
                                      0xcd5d4 (size before relaxing)
 .debug_str     0x00000000000d36b1      0x533 Drivers/STM32F4xx_HAL_Driver/Src/stm32f4xx_hal_can.o
                                      0xcd734 (size before relaxing)
 .debug_str     0x00000000000d3be4      0x392 Drivers/STM32F4xx_HAL_Driver/Src/stm32f4xx_hal_cortex.o
                                      0xcd8f9 (size before relaxing)
 .debug_str     0x00000000000d3f76      0x15f Drivers/STM32F4xx_HAL_Driver/Src/stm32f4xx_hal_gpio.o
                                      0xcd1cf (size before relaxing)
 .debug_str     0x00000000000d40d5      0x564 Drivers/STM32F4xx_HAL_Driver/Src/stm32f4xx_hal_pcd.o
                                      0xcd812 (size before relaxing)
 .debug_str     0x00000000000d4639      0x13f Drivers/STM32F4xx_HAL_Driver/Src/stm32f4xx_hal_pcd_ex.o
                                      0xcd3dd (size before relaxing)
 .debug_str     0x00000000000d4778      0x259 Drivers/STM32F4xx_HAL_Driver/Src/stm32f4xx_hal_rcc.o
                                      0xcd42a (size before relaxing)
 .debug_str     0x00000000000d49d1      0x56a Drivers/STM32F4xx_HAL_Driver/Src/stm32f4xx_hal_spi.o
                                      0xcd8cc (size before relaxing)
 .debug_str     0x00000000000d4f3b      0x5e4 Drivers/STM32F4xx_HAL_Driver/Src/stm32f4xx_hal_uart.o
                                      0xcd98c (size before relaxing)
 .debug_str     0x00000000000d551f      0x693 Drivers/STM32F4xx_HAL_Driver/Src/stm32f4xx_ll_usb.o
                                      0xcd933 (size before relaxing)
 .debug_str     0x00000000000d5bb2      0x90c Middlewares/ST/STM32_USB_Device_Library/Class/CDC/Src/usbd_cdc.o
                                      0xd2855 (size before relaxing)
 .debug_str     0x00000000000d64be      0x1a2 Middlewares/ST/STM32_USB_Device_Library/Core/Src/usbd_core.o
                                      0xd20e1 (size before relaxing)
 .debug_str     0x00000000000d6660      0x152 Middlewares/ST/STM32_USB_Device_Library/Core/Src/usbd_ctlreq.o
                                      0xd209f (size before relaxing)
 .debug_str     0x00000000000d67b2       0xc9 Middlewares/ST/STM32_USB_Device_Library/Core/Src/usbd_ioreq.o
                                      0xd1fef (size before relaxing)
 .debug_str     0x00000000000d687b      0x118 USB_DEVICE/App/usb_device.o
                                      0xd237e (size before relaxing)
 .debug_str     0x00000000000d6993       0x8a USB_DEVICE/App/usbd_cdc_if.o
                                      0xd23d0 (size before relaxing)
 .debug_str     0x00000000000d6a1d      0x26e USB_DEVICE/App/usbd_desc.o
                                      0xd1f41 (size before relaxing)
 .debug_str     0x00000000000d6c8b      0x149 USB_DEVICE/Target/usbd_conf.o
                                      0xd2f7f (size before relaxing)

.comment        0x0000000000000000       0x53
 .comment       0x0000000000000000       0x53 Core/Src/main.o
                                         0x54 (size before relaxing)
 .comment       0x0000000000000053       0x54 Core/Src/stm32f4xx_hal_msp.o
 .comment       0x0000000000000053       0x54 Core/Src/stm32f4xx_it.o
 .comment       0x0000000000000053       0x54 Core/Src/system_stm32f4xx.o
 .comment       0x0000000000000053       0x54 Drivers/STM32F4xx_HAL_Driver/Src/stm32f4xx_hal.o
 .comment       0x0000000000000053       0x54 Drivers/STM32F4xx_HAL_Driver/Src/stm32f4xx_hal_adc.o
 .comment       0x0000000000000053       0x54 Drivers/STM32F4xx_HAL_Driver/Src/stm32f4xx_hal_can.o
 .comment       0x0000000000000053       0x54 Drivers/STM32F4xx_HAL_Driver/Src/stm32f4xx_hal_cortex.o
 .comment       0x0000000000000053       0x54 Drivers/STM32F4xx_HAL_Driver/Src/stm32f4xx_hal_gpio.o
 .comment       0x0000000000000053       0x54 Drivers/STM32F4xx_HAL_Driver/Src/stm32f4xx_hal_pcd.o
 .comment       0x0000000000000053       0x54 Drivers/STM32F4xx_HAL_Driver/Src/stm32f4xx_hal_pcd_ex.o
 .comment       0x0000000000000053       0x54 Drivers/STM32F4xx_HAL_Driver/Src/stm32f4xx_hal_rcc.o
 .comment       0x0000000000000053       0x54 Drivers/STM32F4xx_HAL_Driver/Src/stm32f4xx_hal_spi.o
 .comment       0x0000000000000053       0x54 Drivers/STM32F4xx_HAL_Driver/Src/stm32f4xx_hal_uart.o
 .comment       0x0000000000000053       0x54 Drivers/STM32F4xx_HAL_Driver/Src/stm32f4xx_ll_usb.o
 .comment       0x0000000000000053       0x54 Middlewares/ST/STM32_USB_Device_Library/Class/CDC/Src/usbd_cdc.o
 .comment       0x0000000000000053       0x54 Middlewares/ST/STM32_USB_Device_Library/Core/Src/usbd_core.o
 .comment       0x0000000000000053       0x54 Middlewares/ST/STM32_USB_Device_Library/Core/Src/usbd_ctlreq.o
 .comment       0x0000000000000053       0x54 Middlewares/ST/STM32_USB_Device_Library/Core/Src/usbd_ioreq.o
 .comment       0x0000000000000053       0x54 USB_DEVICE/App/usb_device.o
 .comment       0x0000000000000053       0x54 USB_DEVICE/App/usbd_cdc_if.o
 .comment       0x0000000000000053       0x54 USB_DEVICE/App/usbd_desc.o
 .comment       0x0000000000000053       0x54 USB_DEVICE/Target/usbd_conf.o

.debug_frame    0x0000000000000000     0x4800
 .debug_frame   0x0000000000000000      0x12c Core/Src/main.o
 .debug_frame   0x000000000000012c      0x158 Core/Src/stm32f4xx_hal_msp.o
 .debug_frame   0x0000000000000284      0x120 Core/Src/stm32f4xx_it.o